Analyze (javascript)	Set up job	﻿2026-05-13T21:59:15.9788143Z Current runner version: '2.334.0'
Analyze (javascript)	Set up job	2026-05-13T21:59:15.9811965Z ##[group]Runner Image Provisioner
Analyze (javascript)	Set up job	2026-05-13T21:59:15.9812836Z Hosted Compute Agent
Analyze (javascript)	Set up job	2026-05-13T21:59:15.9813447Z Version: 20260213.493
Analyze (javascript)	Set up job	2026-05-13T21:59:15.9814017Z Commit: 5c115507f6dd24b8de37d8bbe0bb4509d0cc0fa3
Analyze (javascript)	Set up job	2026-05-13T21:59:15.9815022Z Build Date: 2026-02-13T00:28:41Z
Analyze (javascript)	Set up job	2026-05-13T21:59:15.9815814Z Worker ID: {4a73bcad-c58c-443a-98ef-f76630ca1291}
Analyze (javascript)	Set up job	2026-05-13T21:59:15.9816481Z Azure Region: eastus
Analyze (javascript)	Set up job	2026-05-13T21:59:15.9817070Z ##[endgroup]
Analyze (javascript)	Set up job	2026-05-13T21:59:15.9818484Z ##[group]Operating System
Analyze (javascript)	Set up job	2026-05-13T21:59:15.9819140Z Ubuntu
Analyze (javascript)	Set up job	2026-05-13T21:59:15.9819565Z 24.04.4
Analyze (javascript)	Set up job	2026-05-13T21:59:15.9820119Z LTS
Analyze (javascript)	Set up job	2026-05-13T21:59:15.9820670Z ##[endgroup]
Analyze (javascript)	Set up job	2026-05-13T21:59:15.9821158Z ##[group]Runner Image
Analyze (javascript)	Set up job	2026-05-13T21:59:15.9821808Z Image: ubuntu-24.04
Analyze (javascript)	Set up job	2026-05-13T21:59:15.9822287Z Version: 20260413.86.1
Analyze (javascript)	Set up job	2026-05-13T21:59:15.9823309Z Included Software: https://github.com/actions/runner-images/blob/ubuntu24/20260413.86/images/ubuntu/Ubuntu2404-Readme.md
Analyze (javascript)	Set up job	2026-05-13T21:59:15.9825356Z Image Release: https://github.com/actions/runner-images/releases/tag/ubuntu24%2F20260413.86
Analyze (javascript)	Set up job	2026-05-13T21:59:15.9826303Z ##[endgroup]
Analyze (javascript)	Set up job	2026-05-13T21:59:15.9829486Z ##[group]GITHUB_TOKEN Permissions
Analyze (javascript)	Set up job	2026-05-13T21:59:15.9831723Z Actions: write
Analyze (javascript)	Set up job	2026-05-13T21:59:15.9832376Z ArtifactMetadata: write
Analyze (javascript)	Set up job	2026-05-13T21:59:15.9832948Z Attestations: write
Analyze (javascript)	Set up job	2026-05-13T21:59:15.9833432Z Checks: write
Analyze (javascript)	Set up job	2026-05-13T21:59:15.9834024Z CodeQuality: write
Analyze (javascript)	Set up job	2026-05-13T21:59:15.9834502Z Contents: write
Analyze (javascript)	Set up job	2026-05-13T21:59:15.9835380Z Deployments: write
Analyze (javascript)	Set up job	2026-05-13T21:59:15.9835928Z Discussions: write
Analyze (javascript)	Set up job	2026-05-13T21:59:15.9836462Z Issues: write
Analyze (javascript)	Set up job	2026-05-13T21:59:15.9836951Z Metadata: read
Analyze (javascript)	Set up job	2026-05-13T21:59:15.9837447Z Models: read
Analyze (javascript)	Set up job	2026-05-13T21:59:15.9837990Z Packages: write
Analyze (javascript)	Set up job	2026-05-13T21:59:15.9838551Z Pages: write
Analyze (javascript)	Set up job	2026-05-13T21:59:15.9839084Z PullRequests: write
Analyze (javascript)	Set up job	2026-05-13T21:59:15.9839610Z RepositoryProjects: write
Analyze (javascript)	Set up job	2026-05-13T21:59:15.9840179Z SecurityEvents: write
Analyze (javascript)	Set up job	2026-05-13T21:59:15.9840727Z Statuses: write
Analyze (javascript)	Set up job	2026-05-13T21:59:15.9841270Z VulnerabilityAlerts: read
Analyze (javascript)	Set up job	2026-05-13T21:59:15.9841822Z ##[endgroup]
Analyze (javascript)	Set up job	2026-05-13T21:59:15.9844151Z Secret source: Actions
Analyze (javascript)	Set up job	2026-05-13T21:59:15.9845314Z Prepare workflow directory
Analyze (javascript)	Set up job	2026-05-13T21:59:16.0229913Z Prepare all required actions
Analyze (javascript)	Set up job	2026-05-13T21:59:16.0266466Z Getting action download info
Analyze (javascript)	Set up job	2026-05-13T21:59:16.3666133Z Download action repository 'actions/checkout@v6' (SHA:de0fac2e4500dabe0009e67214ff5f5447ce83dd)
Analyze (javascript)	Set up job	2026-05-13T21:59:16.5098942Z Download action repository 'github/codeql-action@v4' (SHA:68bde559dea0fdcac2102bfdf6230c5f70eb485e)
Analyze (javascript)	Set up job	2026-05-13T21:59:17.1202051Z Complete job name: Analyze (javascript)
Analyze (javascript)	Checkout repository	﻿2026-05-13T21:59:17.2034040Z ##[group]Run actions/checkout@v6
Analyze (javascript)	Checkout repository	2026-05-13T21:59:17.2035587Z with:
Analyze (javascript)	Checkout repository	2026-05-13T21:59:17.2036310Z   repository: neomjs/neo
Analyze (javascript)	Checkout repository	2026-05-13T21:59:17.2037433Z   token: ***
Analyze (javascript)	Checkout repository	2026-05-13T21:59:17.2038159Z   ssh-strict: true
Analyze (javascript)	Checkout repository	2026-05-13T21:59:17.2038920Z   ssh-user: git
Analyze (javascript)	Checkout repository	2026-05-13T21:59:17.2039683Z   persist-credentials: true
Analyze (javascript)	Checkout repository	2026-05-13T21:59:17.2040590Z   clean: true
Analyze (javascript)	Checkout repository	2026-05-13T21:59:17.2041395Z   sparse-checkout-cone-mode: true
Analyze (javascript)	Checkout repository	2026-05-13T21:59:17.2042326Z   fetch-depth: 1
Analyze (javascript)	Checkout repository	2026-05-13T21:59:17.2043078Z   fetch-tags: false
Analyze (javascript)	Checkout repository	2026-05-13T21:59:17.2043967Z   show-progress: true
Analyze (javascript)	Checkout repository	2026-05-13T21:59:17.2045512Z   lfs: false
Analyze (javascript)	Checkout repository	2026-05-13T21:59:17.2046567Z   submodules: false
Analyze (javascript)	Checkout repository	2026-05-13T21:59:17.2047879Z   set-safe-directory: true
Analyze (javascript)	Checkout repository	2026-05-13T21:59:17.2049756Z env:
Analyze (javascript)	Checkout repository	2026-05-13T21:59:17.2051069Z   FORCE_JAVASCRIPT_ACTIONS_TO_NODE24: true
Analyze (javascript)	Checkout repository	2026-05-13T21:59:17.2052766Z ##[endgroup]
Analyze (javascript)	Checkout repository	2026-05-13T21:59:17.3011221Z Syncing repository: neomjs/neo
Analyze (javascript)	Checkout repository	2026-05-13T21:59:17.3014000Z ##[group]Getting Git version info
Analyze (javascript)	Checkout repository	2026-05-13T21:59:17.3015503Z Working directory is '/home/runner/work/neo/neo'
Analyze (javascript)	Checkout repository	2026-05-13T21:59:17.3017585Z [command]/usr/bin/git version
Analyze (javascript)	Checkout repository	2026-05-13T21:59:17.3084494Z git version 2.53.0
Analyze (javascript)	Checkout repository	2026-05-13T21:59:17.3109380Z ##[endgroup]
Analyze (javascript)	Checkout repository	2026-05-13T21:59:17.3123042Z Temporarily overriding HOME='/home/runner/work/_temp/cf0b6284-c7a4-4fa1-bfb2-6eb9ef72e67a' before making global git config changes
Analyze (javascript)	Checkout repository	2026-05-13T21:59:17.3127553Z Adding repository directory to the temporary git global config as a safe directory
Analyze (javascript)	Checkout repository	2026-05-13T21:59:17.3130363Z [command]/usr/bin/git config --global --add safe.directory /home/runner/work/neo/neo
Analyze (javascript)	Checkout repository	2026-05-13T21:59:17.3160602Z Deleting the contents of '/home/runner/work/neo/neo'
Analyze (javascript)	Checkout repository	2026-05-13T21:59:17.3165563Z ##[group]Initializing the repository
Analyze (javascript)	Checkout repository	2026-05-13T21:59:17.3170494Z [command]/usr/bin/git init /home/runner/work/neo/neo
Analyze (javascript)	Checkout repository	2026-05-13T21:59:17.3253845Z hint: Using 'master' as the name for the initial branch. This default branch name
Analyze (javascript)	Checkout repository	2026-05-13T21:59:17.3256670Z hint: will change to "main" in Git 3.0. To configure the initial branch name
Analyze (javascript)	Checkout repository	2026-05-13T21:59:17.3258759Z hint: to use in all of your new repositories, which will suppress this warning,
Analyze (javascript)	Checkout repository	2026-05-13T21:59:17.3260295Z hint: call:
Analyze (javascript)	Checkout repository	2026-05-13T21:59:17.3261235Z hint:
Analyze (javascript)	Checkout repository	2026-05-13T21:59:17.3262476Z hint: 	git config --global init.defaultBranch <name>
Analyze (javascript)	Checkout repository	2026-05-13T21:59:17.3263714Z hint:
Analyze (javascript)	Checkout repository	2026-05-13T21:59:17.3265529Z hint: Names commonly chosen instead of 'master' are 'main', 'trunk' and
Analyze (javascript)	Checkout repository	2026-05-13T21:59:17.3268114Z hint: 'development'. The just-created branch can be renamed via this command:
Analyze (javascript)	Checkout repository	2026-05-13T21:59:17.3269576Z hint:
Analyze (javascript)	Checkout repository	2026-05-13T21:59:17.3270402Z hint: 	git branch -m <name>
Analyze (javascript)	Checkout repository	2026-05-13T21:59:17.3271471Z hint:
Analyze (javascript)	Checkout repository	2026-05-13T21:59:17.3272681Z hint: Disable this message with "git config set advice.defaultBranchName false"
Analyze (javascript)	Checkout repository	2026-05-13T21:59:17.3274539Z Initialized empty Git repository in /home/runner/work/neo/neo/.git/
Analyze (javascript)	Checkout repository	2026-05-13T21:59:17.3278023Z [command]/usr/bin/git remote add origin https://github.com/neomjs/neo
Analyze (javascript)	Checkout repository	2026-05-13T21:59:17.3298405Z ##[endgroup]
Analyze (javascript)	Checkout repository	2026-05-13T21:59:17.3300182Z ##[group]Disabling automatic garbage collection
Analyze (javascript)	Checkout repository	2026-05-13T21:59:17.3301761Z [command]/usr/bin/git config --local gc.auto 0
Analyze (javascript)	Checkout repository	2026-05-13T21:59:17.3329528Z ##[endgroup]
Analyze (javascript)	Checkout repository	2026-05-13T21:59:17.3331177Z ##[group]Setting up auth
Analyze (javascript)	Checkout repository	2026-05-13T21:59:17.3332132Z Removing SSH command configuration
Analyze (javascript)	Checkout repository	2026-05-13T21:59:17.3335189Z [command]/usr/bin/git config --local --name-only --get-regexp core\.sshCommand
Analyze (javascript)	Checkout repository	2026-05-13T21:59:17.3365648Z [command]/usr/bin/git submodule foreach --recursive sh -c "git config --local --name-only --get-regexp 'core\.sshCommand' && git config --local --unset-all 'core.sshCommand' || :"
Analyze (javascript)	Checkout repository	2026-05-13T21:59:17.3706787Z Removing HTTP extra header
Analyze (javascript)	Checkout repository	2026-05-13T21:59:17.3711625Z [command]/usr/bin/git config --local --name-only --get-regexp http\.https\:\/\/github\.com\/\.extraheader
Analyze (javascript)	Checkout repository	2026-05-13T21:59:17.3742372Z [command]/usr/bin/git submodule foreach --recursive sh -c "git config --local --name-only --get-regexp 'http\.https\:\/\/github\.com\/\.extraheader' && git config --local --unset-all 'http.https://github.com/.extraheader' || :"
Analyze (javascript)	Checkout repository	2026-05-13T21:59:17.3950777Z Removing includeIf entries pointing to credentials config files
Analyze (javascript)	Checkout repository	2026-05-13T21:59:17.3955204Z [command]/usr/bin/git config --local --name-only --get-regexp ^includeIf\.gitdir:
Analyze (javascript)	Checkout repository	2026-05-13T21:59:17.3987023Z [command]/usr/bin/git submodule foreach --recursive git config --local --show-origin --name-only --get-regexp remote.origin.url
Analyze (javascript)	Checkout repository	2026-05-13T21:59:17.4202026Z [command]/usr/bin/git config --file /home/runner/work/_temp/git-credentials-24eacfdb-c286-42f5-8b71-7055b319cc64.config http.https://github.com/.extraheader AUTHORIZATION: basic ***
Analyze (javascript)	Checkout repository	2026-05-13T21:59:17.4237362Z [command]/usr/bin/git config --local includeIf.gitdir:/home/runner/work/neo/neo/.git.path /home/runner/work/_temp/git-credentials-24eacfdb-c286-42f5-8b71-7055b319cc64.config
Analyze (javascript)	Checkout repository	2026-05-13T21:59:17.4270199Z [command]/usr/bin/git config --local includeIf.gitdir:/home/runner/work/neo/neo/.git/worktrees/*.path /home/runner/work/_temp/git-credentials-24eacfdb-c286-42f5-8b71-7055b319cc64.config
Analyze (javascript)	Checkout repository	2026-05-13T21:59:17.4299582Z [command]/usr/bin/git config --local includeIf.gitdir:/github/workspace/.git.path /github/runner_temp/git-credentials-24eacfdb-c286-42f5-8b71-7055b319cc64.config
Analyze (javascript)	Checkout repository	2026-05-13T21:59:17.4330534Z [command]/usr/bin/git config --local includeIf.gitdir:/github/workspace/.git/worktrees/*.path /github/runner_temp/git-credentials-24eacfdb-c286-42f5-8b71-7055b319cc64.config
Analyze (javascript)	Checkout repository	2026-05-13T21:59:17.4356831Z ##[endgroup]
Analyze (javascript)	Checkout repository	2026-05-13T21:59:17.4358260Z ##[group]Fetching the repository
Analyze (javascript)	Checkout repository	2026-05-13T21:59:17.4368142Z [command]/usr/bin/git -c protocol.version=2 fetch --no-tags --prune --no-recurse-submodules --depth=1 origin +04f83134e7f9585836907c96818891fa47afd261:refs/remotes/pull/11335/merge
Analyze (javascript)	Checkout repository	2026-05-13T21:59:20.9041124Z From https://github.com/neomjs/neo
Analyze (javascript)	Checkout repository	2026-05-13T21:59:20.9042178Z  * [new ref]         04f83134e7f9585836907c96818891fa47afd261 -> pull/11335/merge
Analyze (javascript)	Checkout repository	2026-05-13T21:59:20.9073190Z ##[endgroup]
Analyze (javascript)	Checkout repository	2026-05-13T21:59:20.9074172Z ##[group]Determining the checkout info
Analyze (javascript)	Checkout repository	2026-05-13T21:59:20.9075209Z ##[endgroup]
Analyze (javascript)	Checkout repository	2026-05-13T21:59:20.9079814Z [command]/usr/bin/git sparse-checkout disable
Analyze (javascript)	Checkout repository	2026-05-13T21:59:20.9118183Z [command]/usr/bin/git config --local --unset-all extensions.worktreeConfig
Analyze (javascript)	Checkout repository	2026-05-13T21:59:20.9145383Z ##[group]Checking out the ref
Analyze (javascript)	Checkout repository	2026-05-13T21:59:20.9148819Z [command]/usr/bin/git checkout --progress --force refs/remotes/pull/11335/merge
Analyze (javascript)	Checkout repository	2026-05-13T21:59:21.6593865Z Note: switching to 'refs/remotes/pull/11335/merge'.
Analyze (javascript)	Checkout repository	2026-05-13T21:59:21.6594487Z 
Analyze (javascript)	Checkout repository	2026-05-13T21:59:21.6595045Z You are in 'detached HEAD' state. You can look around, make experimental
Analyze (javascript)	Checkout repository	2026-05-13T21:59:21.6595934Z changes and commit them, and you can discard any commits you make in this
Analyze (javascript)	Checkout repository	2026-05-13T21:59:21.6596713Z state without impacting any branches by switching back to a branch.
Analyze (javascript)	Checkout repository	2026-05-13T21:59:21.6597232Z 
Analyze (javascript)	Checkout repository	2026-05-13T21:59:21.6599796Z If you want to create a new branch to retain commits you create, you may
Analyze (javascript)	Checkout repository	2026-05-13T21:59:21.6600793Z do so (now or later) by using -c with the switch command. Example:
Analyze (javascript)	Checkout repository	2026-05-13T21:59:21.6601356Z 
Analyze (javascript)	Checkout repository	2026-05-13T21:59:21.6601786Z   git switch -c <new-branch-name>
Analyze (javascript)	Checkout repository	2026-05-13T21:59:21.6602108Z 
Analyze (javascript)	Checkout repository	2026-05-13T21:59:21.6602287Z Or undo this operation with:
Analyze (javascript)	Checkout repository	2026-05-13T21:59:21.6603101Z 
Analyze (javascript)	Checkout repository	2026-05-13T21:59:21.6603261Z   git switch -
Analyze (javascript)	Checkout repository	2026-05-13T21:59:21.6603515Z 
Analyze (javascript)	Checkout repository	2026-05-13T21:59:21.6603896Z Turn off this advice by setting config variable advice.detachedHead to false
Analyze (javascript)	Checkout repository	2026-05-13T21:59:21.6604482Z 
Analyze (javascript)	Checkout repository	2026-05-13T21:59:21.6605357Z HEAD is now at 04f8313 Merge ab4ac1b43f03d5378b403446590b72662b865c73 into 5f447b52bdba0baf488e6e0f9d534ad9bcec21ae
Analyze (javascript)	Checkout repository	2026-05-13T21:59:21.6623157Z ##[endgroup]
Analyze (javascript)	Checkout repository	2026-05-13T21:59:21.6667414Z [command]/usr/bin/git log -1 --format=%H
Analyze (javascript)	Checkout repository	2026-05-13T21:59:21.6692319Z 04f83134e7f9585836907c96818891fa47afd261
Analyze (javascript)	Initialize CodeQL	﻿2026-05-13T21:59:21.7044418Z ##[group]Run github/codeql-action/init@v4
Analyze (javascript)	Initialize CodeQL	2026-05-13T21:59:21.7044958Z with:
Analyze (javascript)	Initialize CodeQL	2026-05-13T21:59:21.7045174Z   languages: javascript
Analyze (javascript)	Initialize CodeQL	2026-05-13T21:59:21.7045393Z   analysis-kinds: code-scanning
Analyze (javascript)	Initialize CodeQL	2026-05-13T21:59:21.7045767Z   token: ***
Analyze (javascript)	Initialize CodeQL	2026-05-13T21:59:21.7045975Z   matrix: {
Analyze (javascript)	Initialize CodeQL	  "language": "javascript"
Analyze (javascript)	Initialize CodeQL	}
Analyze (javascript)	Initialize CodeQL	2026-05-13T21:59:21.7046229Z   debug: false
Analyze (javascript)	Initialize CodeQL	2026-05-13T21:59:21.7046446Z   check-run-id: 75888777309
Analyze (javascript)	Initialize CodeQL	2026-05-13T21:59:21.7046654Z env:
Analyze (javascript)	Initialize CodeQL	2026-05-13T21:59:21.7046847Z   FORCE_JAVASCRIPT_ACTIONS_TO_NODE24: true
Analyze (javascript)	Initialize CodeQL	2026-05-13T21:59:21.7047096Z ##[endgroup]
Analyze (javascript)	Initialize CodeQL	2026-05-13T21:59:22.0400744Z Job run UUID is 8d459377-9089-43e2-854b-f8b8fe573b6c.
Analyze (javascript)	Initialize CodeQL	2026-05-13T21:59:22.7480003Z ##[group]Setup CodeQL tools
Analyze (javascript)	Initialize CodeQL	2026-05-13T21:59:22.7526002Z [command]/usr/bin/tar --version
Analyze (javascript)	Initialize CodeQL	2026-05-13T21:59:22.7555897Z tar (GNU tar) 1.35
Analyze (javascript)	Initialize CodeQL	2026-05-13T21:59:22.7556647Z Copyright (C) 2023 Free Software Foundation, Inc.
Analyze (javascript)	Initialize CodeQL	2026-05-13T21:59:22.7557838Z License GPLv3+: GNU GPL version 3 or later <https://gnu.org/licenses/gpl.html>.
Analyze (javascript)	Initialize CodeQL	2026-05-13T21:59:22.7558714Z This is free software: you are free to change and redistribute it.
Analyze (javascript)	Initialize CodeQL	2026-05-13T21:59:22.7559501Z There is NO WARRANTY, to the extent permitted by law.
Analyze (javascript)	Initialize CodeQL	2026-05-13T21:59:22.7559877Z 
Analyze (javascript)	Initialize CodeQL	2026-05-13T21:59:22.7560043Z Written by John Gilmore and Jay Fenlason.
Analyze (javascript)	Initialize CodeQL	2026-05-13T21:59:22.7560603Z Found gnu tar version 1.35.
Analyze (javascript)	Initialize CodeQL	2026-05-13T21:59:22.7724448Z Did not find CodeQL tools version 2.25.4 in the toolcache.
Analyze (javascript)	Initialize CodeQL	2026-05-13T21:59:22.7731491Z Using CodeQL CLI version 2.25.4 sourced from https://github.com/github/codeql-action/releases/download/codeql-bundle-v2.25.4/codeql-bundle-linux64.tar.zst .
Analyze (javascript)	Initialize CodeQL	2026-05-13T21:59:22.7737860Z Downloading CodeQL tools from https://github.com/github/codeql-action/releases/download/codeql-bundle-v2.25.4/codeql-bundle-linux64.tar.zst . This may take a while.
Analyze (javascript)	Initialize CodeQL	2026-05-13T21:59:22.7740171Z Streaming the extraction of the CodeQL bundle.
Analyze (javascript)	Initialize CodeQL	2026-05-13T21:59:22.8621014Z [command]tar -x --zstd --ignore-zeros --warning=no-unknown-keyword --overwrite -f - -C /opt/hostedtoolcache/CodeQL/2.25.4/x64
Analyze (javascript)	Initialize CodeQL	2026-05-13T21:59:27.3144976Z Finished downloading and extracting CodeQL bundle to /opt/hostedtoolcache/CodeQL/2.25.4/x64 (4.5s).
Analyze (javascript)	Initialize CodeQL	2026-05-13T21:59:27.3146859Z Created toolcache marker file /opt/hostedtoolcache/CodeQL/2.25.4/x64.complete
Analyze (javascript)	Initialize CodeQL	2026-05-13T21:59:27.9452884Z [command]/opt/hostedtoolcache/CodeQL/2.25.4/x64/codeql/codeql version --format=json
Analyze (javascript)	Initialize CodeQL	2026-05-13T21:59:28.5448718Z {
Analyze (javascript)	Initialize CodeQL	2026-05-13T21:59:28.5449432Z   "productName" : "CodeQL",
Analyze (javascript)	Initialize CodeQL	2026-05-13T21:59:28.5450250Z   "vendor" : "GitHub",
Analyze (javascript)	Initialize CodeQL	2026-05-13T21:59:28.5450620Z   "version" : "2.25.4",
Analyze (javascript)	Initialize CodeQL	2026-05-13T21:59:28.5451036Z   "sha" : "8d8b5395c431b7d14c19bf1874dc90b6dec7bbd0",
Analyze (javascript)	Initialize CodeQL	2026-05-13T21:59:28.5451523Z   "branches" : [
Analyze (javascript)	Initialize CodeQL	2026-05-13T21:59:28.5451888Z     "codeql-cli-2.25.4"
Analyze (javascript)	Initialize CodeQL	2026-05-13T21:59:28.5452213Z   ],
Analyze (javascript)	Initialize CodeQL	2026-05-13T21:59:28.5452556Z   "copyright" : "Copyright (C) 2019-2026 GitHub, Inc.",
Analyze (javascript)	Initialize CodeQL	2026-05-13T21:59:28.5453217Z   "unpackedLocation" : "/opt/hostedtoolcache/CodeQL/2.25.4/x64/codeql",
Analyze (javascript)	Initialize CodeQL	2026-05-13T21:59:28.5453846Z   "configFileLocation" : "/home/runner/.config/codeql/config",
Analyze (javascript)	Initialize CodeQL	2026-05-13T21:59:28.5454354Z   "configFileFound" : false,
Analyze (javascript)	Initialize CodeQL	2026-05-13T21:59:28.5454989Z   "overlayVersion" : 4,
Analyze (javascript)	Initialize CodeQL	2026-05-13T21:59:28.5455339Z   "features" : {
Analyze (javascript)	Initialize CodeQL	2026-05-13T21:59:28.5455690Z     "analysisSummaryV2Default" : true,
Analyze (javascript)	Initialize CodeQL	2026-05-13T21:59:28.5456140Z     "buildModeOption" : true,
Analyze (javascript)	Initialize CodeQL	2026-05-13T21:59:28.5456594Z     "bundleSupportsIncludeDiagnostics" : true,
Analyze (javascript)	Initialize CodeQL	2026-05-13T21:59:28.5457097Z     "bundleSupportsIncludeLogs" : true,
Analyze (javascript)	Initialize CodeQL	2026-05-13T21:59:28.5457573Z     "bundleSupportsOverlay" : true,
Analyze (javascript)	Initialize CodeQL	2026-05-13T21:59:28.5458158Z     "databaseInterpretResultsSupportsSarifRunProperty" : true,
Analyze (javascript)	Initialize CodeQL	2026-05-13T21:59:28.5458794Z     "featuresInVersionResult" : true,
Analyze (javascript)	Initialize CodeQL	2026-05-13T21:59:28.5459326Z     "indirectTracingSupportsStaticBinaries" : false,
Analyze (javascript)	Initialize CodeQL	2026-05-13T21:59:28.5459871Z     "informsAboutUnsupportedPathFilters" : true,
Analyze (javascript)	Initialize CodeQL	2026-05-13T21:59:28.5460389Z     "supportsPython312" : true,
Analyze (javascript)	Initialize CodeQL	2026-05-13T21:59:28.5460797Z     "mrvaPackCreate" : true,
Analyze (javascript)	Initialize CodeQL	2026-05-13T21:59:28.5461196Z     "threatModelOption" : true,
Analyze (javascript)	Initialize CodeQL	2026-05-13T21:59:28.5461625Z     "traceCommandUseBuildMode" : true,
Analyze (javascript)	Initialize CodeQL	2026-05-13T21:59:28.5462641Z     "v2ramSizing" : true,
Analyze (javascript)	Initialize CodeQL	2026-05-13T21:59:28.5463048Z     "mrvaPackCreateMultipleQueries" : true,
Analyze (javascript)	Initialize CodeQL	2026-05-13T21:59:28.5463534Z     "setsCodeqlRunnerEnvVar" : true,
Analyze (javascript)	Initialize CodeQL	2026-05-13T21:59:28.5463951Z     "sarifMergeRunsFromEqualCategory" : true,
Analyze (javascript)	Initialize CodeQL	2026-05-13T21:59:28.5464398Z     "forceOverwrite" : true,
Analyze (javascript)	Initialize CodeQL	2026-05-13T21:59:28.5465039Z     "generateSummarySymbolMap" : true,
Analyze (javascript)	Initialize CodeQL	2026-05-13T21:59:28.5465521Z     "pythonDefaultIsToNotExtractStdlib" : true,
Analyze (javascript)	Initialize CodeQL	2026-05-13T21:59:28.5466037Z     "queryServerRunQueries" : true,
Analyze (javascript)	Initialize CodeQL	2026-05-13T21:59:28.5466497Z     "queryServerTrimCacheWithMode" : true,
Analyze (javascript)	Initialize CodeQL	2026-05-13T21:59:28.5467062Z     "builtinExtractorsSpecifyDefaultQueries" : true,
Analyze (javascript)	Initialize CodeQL	2026-05-13T21:59:28.5467593Z     "bqrsDiffResultSets" : true,
Analyze (javascript)	Initialize CodeQL	2026-05-13T21:59:28.5468028Z     "bundleSupportsIncludeOption" : true,
Analyze (javascript)	Initialize CodeQL	2026-05-13T21:59:28.5468509Z     "suppressesMissingFileBaselineWarning" : true
Analyze (javascript)	Initialize CodeQL	2026-05-13T21:59:28.5468921Z   }
Analyze (javascript)	Initialize CodeQL	2026-05-13T21:59:28.5469174Z }
Analyze (javascript)	Initialize CodeQL	2026-05-13T21:59:28.5570196Z ##[endgroup]
Analyze (javascript)	Initialize CodeQL	2026-05-13T21:59:28.5571323Z ##[group]Validating workflow
Analyze (javascript)	Initialize CodeQL	2026-05-13T21:59:28.8141957Z [command]/opt/hostedtoolcache/CodeQL/2.25.4/x64/codeql/codeql resolve languages --format=betterjson --extractor-options-verbosity=4 --extractor-include-aliases
Analyze (javascript)	Initialize CodeQL	2026-05-13T21:59:29.7259115Z {
Analyze (javascript)	Initialize CodeQL	2026-05-13T21:59:29.7287134Z   "aliases" : {
Analyze (javascript)	Initialize CodeQL	2026-05-13T21:59:29.7287778Z     "c" : "cpp",
Analyze (javascript)	Initialize CodeQL	2026-05-13T21:59:29.7315442Z     "c++" : "cpp",
Analyze (javascript)	Initialize CodeQL	2026-05-13T21:59:29.7325779Z     "c-c++" : "cpp",
Analyze (javascript)	Initialize CodeQL	2026-05-13T21:59:29.7326140Z     "c-cpp" : "cpp",
Analyze (javascript)	Initialize CodeQL	2026-05-13T21:59:29.7326474Z     "c#" : "csharp",
Analyze (javascript)	Initialize CodeQL	2026-05-13T21:59:29.7326811Z     "java-kotlin" : "java",
Analyze (javascript)	Initialize CodeQL	2026-05-13T21:59:29.7327573Z     "kotlin" : "java",
Analyze (javascript)	Initialize CodeQL	2026-05-13T21:59:29.7327959Z     "javascript-typescript" : "javascript",
Analyze (javascript)	Initialize CodeQL	2026-05-13T21:59:29.7328424Z     "typescript" : "javascript"
Analyze (javascript)	Initialize CodeQL	2026-05-13T21:59:29.7328796Z   },
Analyze (javascript)	Initialize CodeQL	2026-05-13T21:59:29.7329059Z   "extractors" : {
Analyze (javascript)	Initialize CodeQL	2026-05-13T21:59:29.7329368Z     "cpp" : [
Analyze (javascript)	Initialize CodeQL	2026-05-13T21:59:29.7329646Z       {
Analyze (javascript)	Initialize CodeQL	2026-05-13T21:59:29.7330104Z         "extractor_root" : "/opt/hostedtoolcache/CodeQL/2.25.4/x64/codeql/cpp",
Analyze (javascript)	Initialize CodeQL	2026-05-13T21:59:29.7330749Z         "extractor_options" : {
Analyze (javascript)	Initialize CodeQL	2026-05-13T21:59:29.7331146Z           "trap" : {
Analyze (javascript)	Initialize CodeQL	2026-05-13T21:59:29.7331528Z             "title" : "TRAP options",
Analyze (javascript)	Initialize CodeQL	2026-05-13T21:59:29.7332118Z             "description" : "Options about how the extractor handles TRAP files",
Analyze (javascript)	Initialize CodeQL	2026-05-13T21:59:29.7332738Z             "type" : "object",
Analyze (javascript)	Initialize CodeQL	2026-05-13T21:59:29.7333123Z             "visibility" : 3,
Analyze (javascript)	Initialize CodeQL	2026-05-13T21:59:29.7333514Z             "properties" : {
Analyze (javascript)	Initialize CodeQL	2026-05-13T21:59:29.7333870Z               "cache" : {
Analyze (javascript)	Initialize CodeQL	2026-05-13T21:59:29.7334251Z                 "title" : "TRAP cache options",
Analyze (javascript)	Initialize CodeQL	2026-05-13T21:59:29.7335124Z                 "description" : "Options about how the extractor handles its TRAP cache",
Analyze (javascript)	Initialize CodeQL	2026-05-13T21:59:29.7335783Z                 "type" : "object",
Analyze (javascript)	Initialize CodeQL	2026-05-13T21:59:29.7336176Z                 "properties" : {
Analyze (javascript)	Initialize CodeQL	2026-05-13T21:59:29.7336541Z                   "dir" : {
Analyze (javascript)	Initialize CodeQL	2026-05-13T21:59:29.7336927Z                     "title" : "TRAP cache directory",
Analyze (javascript)	Initialize CodeQL	2026-05-13T21:59:29.7337516Z                     "description" : "The directory of the TRAP cache to use",
Analyze (javascript)	Initialize CodeQL	2026-05-13T21:59:29.7338089Z                     "type" : "string"
Analyze (javascript)	Initialize CodeQL	2026-05-13T21:59:29.7338472Z                   },
Analyze (javascript)	Initialize CodeQL	2026-05-13T21:59:29.7338791Z                   "bound" : {
Analyze (javascript)	Initialize CodeQL	2026-05-13T21:59:29.7339179Z                     "title" : "TRAP cache bound",
Analyze (javascript)	Initialize CodeQL	2026-05-13T21:59:29.7339804Z                     "description" : "A soft limit (in MB) on the size of the TRAP cache",
Analyze (javascript)	Initialize CodeQL	2026-05-13T21:59:29.7340423Z                     "type" : "string",
Analyze (javascript)	Initialize CodeQL	2026-05-13T21:59:29.7340829Z                     "pattern" : "[0-9]+"
Analyze (javascript)	Initialize CodeQL	2026-05-13T21:59:29.7341228Z                   },
Analyze (javascript)	Initialize CodeQL	2026-05-13T21:59:29.7341539Z                   "write" : {
Analyze (javascript)	Initialize CodeQL	2026-05-13T21:59:29.7341957Z                     "title" : "TRAP cache writeable",
Analyze (javascript)	Initialize CodeQL	2026-05-13T21:59:29.7342638Z                     "description" : "Whether to write to the TRAP cache as well as reading it",
Analyze (javascript)	Initialize CodeQL	2026-05-13T21:59:29.7343305Z                     "type" : "string",
Analyze (javascript)	Initialize CodeQL	2026-05-13T21:59:29.7344008Z                     "pattern" : "(true|TRUE|false|FALSE)"
Analyze (javascript)	Initialize CodeQL	2026-05-13T21:59:29.7344460Z                   }
Analyze (javascript)	Initialize CodeQL	2026-05-13T21:59:29.7344981Z                 }
Analyze (javascript)	Initialize CodeQL	2026-05-13T21:59:29.7345267Z               }
Analyze (javascript)	Initialize CodeQL	2026-05-13T21:59:29.7345541Z             }
Analyze (javascript)	Initialize CodeQL	2026-05-13T21:59:29.7345800Z           },
Analyze (javascript)	Initialize CodeQL	2026-05-13T21:59:29.7346087Z           "scale_timeouts" : {
Analyze (javascript)	Initialize CodeQL	2026-05-13T21:59:29.7346599Z             "title" : "Value to scale compiler introspection timeouts with",
Analyze (javascript)	Initialize CodeQL	2026-05-13T21:59:29.7349129Z             "description" : "The extractor attempts to determine what compiler the source code being extracted is compiled with. To this end the extractor makes additional calls to the compiler, some of which are expected to return within a certain fixed time (either 10s or 15s). On some systems that are under high load this time might be too short, and can be scaled up using this option.\n",
Analyze (javascript)	Initialize CodeQL	2026-05-13T21:59:29.7351568Z             "type" : "string",
Analyze (javascript)	Initialize CodeQL	2026-05-13T21:59:29.7351935Z             "pattern" : "[0-9]+"
Analyze (javascript)	Initialize CodeQL	2026-05-13T21:59:29.7352295Z           },
Analyze (javascript)	Initialize CodeQL	2026-05-13T21:59:29.7352589Z           "log_verbosity" : {
Analyze (javascript)	Initialize CodeQL	2026-05-13T21:59:29.7353019Z             "title" : "Verbosity of the extractor logging",
Analyze (javascript)	Initialize CodeQL	2026-05-13T21:59:29.7354091Z             "description" : "Set the verbosity of the extractor logging to 'quiet' (0), 'normal' (1), 'chatty' (2), or 'noisy' (3). The default is 'normal'.\n",
Analyze (javascript)	Initialize CodeQL	2026-05-13T21:59:29.7355741Z             "type" : "string",
Analyze (javascript)	Initialize CodeQL	2026-05-13T21:59:29.7356136Z             "pattern" : "[0-3]"
Analyze (javascript)	Initialize CodeQL	2026-05-13T21:59:29.7356486Z           },
Analyze (javascript)	Initialize CodeQL	2026-05-13T21:59:29.7356792Z           "frontend_options" : {
Analyze (javascript)	Initialize CodeQL	2026-05-13T21:59:29.7357233Z             "title" : "C/C++ extractor frontend options",
Analyze (javascript)	Initialize CodeQL	2026-05-13T21:59:29.7358327Z             "description" : "Set additional options that should be passed to the C/C++ extractor frontend.\n",
Analyze (javascript)	Initialize CodeQL	2026-05-13T21:59:29.7359123Z             "type" : "array",
Analyze (javascript)	Initialize CodeQL	2026-05-13T21:59:29.7359517Z             "visibility" : 3
Analyze (javascript)	Initialize CodeQL	2026-05-13T21:59:29.7359946Z           }
Analyze (javascript)	Initialize CodeQL	2026-05-13T21:59:29.7360216Z         }
Analyze (javascript)	Initialize CodeQL	2026-05-13T21:59:29.7360478Z       }
Analyze (javascript)	Initialize CodeQL	2026-05-13T21:59:29.7360727Z     ],
Analyze (javascript)	Initialize CodeQL	2026-05-13T21:59:29.7361071Z     "rust" : [
Analyze (javascript)	Initialize CodeQL	2026-05-13T21:59:29.7361346Z       {
Analyze (javascript)	Initialize CodeQL	2026-05-13T21:59:29.7361803Z         "extractor_root" : "/opt/hostedtoolcache/CodeQL/2.25.4/x64/codeql/rust",
Analyze (javascript)	Initialize CodeQL	2026-05-13T21:59:29.7362418Z         "extractor_options" : {
Analyze (javascript)	Initialize CodeQL	2026-05-13T21:59:29.7362791Z           "trap" : {
Analyze (javascript)	Initialize CodeQL	2026-05-13T21:59:29.7363166Z             "title" : "Options pertaining to TRAP.",
Analyze (javascript)	Initialize CodeQL	2026-05-13T21:59:29.7363708Z             "description" : "Options pertaining to TRAP.",
Analyze (javascript)	Initialize CodeQL	2026-05-13T21:59:29.7364206Z             "type" : "object",
Analyze (javascript)	Initialize CodeQL	2026-05-13T21:59:29.7364573Z             "properties" : {
Analyze (javascript)	Initialize CodeQL	2026-05-13T21:59:29.7365166Z               "compression" : {
Analyze (javascript)	Initialize CodeQL	2026-05-13T21:59:29.7365827Z                 "title" : "Controls compression for the TRAP files written by the extractor.",
Analyze (javascript)	Initialize CodeQL	2026-05-13T21:59:29.7367709Z                 "description" : "This option is only intended for use in debugging the extractor. Accepted values are 'gzip' (to write gzip-compressed TRAP) 'zstd' (to write Zstandard-compressed TRAP) and 'none' (the default, to write uncompressed TRAP).\n",
Analyze (javascript)	Initialize CodeQL	2026-05-13T21:59:29.7369349Z                 "type" : "string",
Analyze (javascript)	Initialize CodeQL	2026-05-13T21:59:29.7369766Z                 "pattern" : "^(none|gzip|zstd)$"
Analyze (javascript)	Initialize CodeQL	2026-05-13T21:59:29.7370198Z               }
Analyze (javascript)	Initialize CodeQL	2026-05-13T21:59:29.7370478Z             }
Analyze (javascript)	Initialize CodeQL	2026-05-13T21:59:29.7370757Z           },
Analyze (javascript)	Initialize CodeQL	2026-05-13T21:59:29.7371055Z           "cargo_target_dir" : {
Analyze (javascript)	Initialize CodeQL	2026-05-13T21:59:29.7371551Z             "title" : "Directory to use for cargo output files.",
Analyze (javascript)	Initialize CodeQL	2026-05-13T21:59:29.7373510Z             "description" : "This value is an optional path to use as `CARGO_TARGET_DIR` for the internal cargo commands the extractor uses. Pointing it to a persistent directory may reduce execution time of consecutive extractor runs. By default, a new scratch directory is used for each run.\n",
Analyze (javascript)	Initialize CodeQL	2026-05-13T21:59:29.7375600Z             "type" : "string"
Analyze (javascript)	Initialize CodeQL	2026-05-13T21:59:29.7375965Z           },
Analyze (javascript)	Initialize CodeQL	2026-05-13T21:59:29.7376256Z           "cargo_target" : {
Analyze (javascript)	Initialize CodeQL	2026-05-13T21:59:29.7376863Z             "title" : "Target architecture",
Analyze (javascript)	Initialize CodeQL	2026-05-13T21:59:29.7377892Z             "description" : "Target architecture to use for analysis, analogous to `cargo --target`. By default the host architecture is used.\n",
Analyze (javascript)	Initialize CodeQL	2026-05-13T21:59:29.7378981Z             "type" : "string"
Analyze (javascript)	Initialize CodeQL	2026-05-13T21:59:29.7379330Z           },
Analyze (javascript)	Initialize CodeQL	2026-05-13T21:59:29.7379619Z           "cargo_features" : {
Analyze (javascript)	Initialize CodeQL	2026-05-13T21:59:29.7380027Z             "title" : "Cargo features to turn on",
Analyze (javascript)	Initialize CodeQL	2026-05-13T21:59:29.7381896Z             "description" : "Comma-separated list of features to turn on. By default all features are enabled. If any features are specified, then only those features are enabled. The `default` feature must be explicitly specified if only default features are desired. Can be repeated.\n",
Analyze (javascript)	Initialize CodeQL	2026-05-13T21:59:29.7383790Z             "type" : "array"
Analyze (javascript)	Initialize CodeQL	2026-05-13T21:59:29.7384135Z           },
Analyze (javascript)	Initialize CodeQL	2026-05-13T21:59:29.7384440Z           "cargo_cfg_overrides" : {
Analyze (javascript)	Initialize CodeQL	2026-05-13T21:59:29.7387303Z             "title" : "Cargo cfg overrides",
Analyze (javascript)	Initialize CodeQL	2026-05-13T21:59:29.7388265Z             "description" : "Comma-separated list of cfg settings to enable, or disable if prefixed with `-`. Can be repeated.\n",
Analyze (javascript)	Initialize CodeQL	2026-05-13T21:59:29.7389169Z             "type" : "array"
Analyze (javascript)	Initialize CodeQL	2026-05-13T21:59:29.7389512Z           },
Analyze (javascript)	Initialize CodeQL	2026-05-13T21:59:29.7389802Z           "logging" : {
Analyze (javascript)	Initialize CodeQL	2026-05-13T21:59:29.7390198Z             "title" : "Options pertaining to logging.",
Analyze (javascript)	Initialize CodeQL	2026-05-13T21:59:29.7390776Z             "description" : "Options pertaining to logging.",
Analyze (javascript)	Initialize CodeQL	2026-05-13T21:59:29.7391282Z             "type" : "object",
Analyze (javascript)	Initialize CodeQL	2026-05-13T21:59:29.7391667Z             "properties" : {
Analyze (javascript)	Initialize CodeQL	2026-05-13T21:59:29.7392165Z               "verbosity" : {
Analyze (javascript)	Initialize CodeQL	2026-05-13T21:59:29.7392436Z                 "title" : "Extractor logging verbosity level.",
Analyze (javascript)	Initialize CodeQL	2026-05-13T21:59:29.7393425Z                 "description" : "Controls the level of verbosity of the extractor. The supported levels are (in order of increasing verbosity):\n  - off\n  - errors\n  - warnings\n  - info or progress\n  - debug or progress+\n  - trace or progress++\n  - progress+++\n",
Analyze (javascript)	Initialize CodeQL	2026-05-13T21:59:29.7394355Z                 "type" : "string",
Analyze (javascript)	Initialize CodeQL	2026-05-13T21:59:29.7395091Z                 "pattern" : "^(off|errors|warnings|(info|progress)|(debug|progress\\+)|(trace|progress\\+\\+)|progress\\+\\+\\+)$"
Analyze (javascript)	Initialize CodeQL	2026-05-13T21:59:29.7395593Z               },
Analyze (javascript)	Initialize CodeQL	2026-05-13T21:59:29.7395778Z               "flamegraph" : {
Analyze (javascript)	Initialize CodeQL	2026-05-13T21:59:29.7396090Z                 "title" : "[Experimental] File path for write flame graph log",
Analyze (javascript)	Initialize CodeQL	2026-05-13T21:59:29.7396978Z                 "description" : "Collect flame graph data using the `tracing-flame` crate. To render a flame graph or chart, run the `inferno-flamegraph` command. See also: https://crates.io/crates/tracing-flame\n",
Analyze (javascript)	Initialize CodeQL	2026-05-13T21:59:29.7397776Z                 "type" : "string"
Analyze (javascript)	Initialize CodeQL	2026-05-13T21:59:29.7397989Z               }
Analyze (javascript)	Initialize CodeQL	2026-05-13T21:59:29.7398160Z             }
Analyze (javascript)	Initialize CodeQL	2026-05-13T21:59:29.7398318Z           },
Analyze (javascript)	Initialize CodeQL	2026-05-13T21:59:29.7398512Z           "extract_dependencies_as_source" : {
Analyze (javascript)	Initialize CodeQL	2026-05-13T21:59:29.7398821Z             "title" : "Extract dependencies as source code",
Analyze (javascript)	Initialize CodeQL	2026-05-13T21:59:29.7399312Z             "description" : "Extract the full source code of dependencies instead of only extracting signatures.\n",
Analyze (javascript)	Initialize CodeQL	2026-05-13T21:59:29.7399789Z             "type" : "string",
Analyze (javascript)	Initialize CodeQL	2026-05-13T21:59:29.7400015Z             "pattern" : "^(false|true)$"
Analyze (javascript)	Initialize CodeQL	2026-05-13T21:59:29.7400272Z           }
Analyze (javascript)	Initialize CodeQL	2026-05-13T21:59:29.7400435Z         }
Analyze (javascript)	Initialize CodeQL	2026-05-13T21:59:29.7400585Z       }
Analyze (javascript)	Initialize CodeQL	2026-05-13T21:59:29.7400742Z     ],
Analyze (javascript)	Initialize CodeQL	2026-05-13T21:59:29.7400901Z     "javascript" : [
Analyze (javascript)	Initialize CodeQL	2026-05-13T21:59:29.7401087Z       {
Analyze (javascript)	Initialize CodeQL	2026-05-13T21:59:29.7401372Z         "extractor_root" : "/opt/hostedtoolcache/CodeQL/2.25.4/x64/codeql/javascript",
Analyze (javascript)	Initialize CodeQL	2026-05-13T21:59:29.7401770Z         "extractor_options" : {
Analyze (javascript)	Initialize CodeQL	2026-05-13T21:59:29.7401979Z           "trap" : {
Analyze (javascript)	Initialize CodeQL	2026-05-13T21:59:29.7402181Z             "title" : "TRAP options",
Analyze (javascript)	Initialize CodeQL	2026-05-13T21:59:29.7402513Z             "description" : "Options about how the extractor handles TRAP files",
Analyze (javascript)	Initialize CodeQL	2026-05-13T21:59:29.7402994Z             "type" : "object",
Analyze (javascript)	Initialize CodeQL	2026-05-13T21:59:29.7403211Z             "visibility" : 3,
Analyze (javascript)	Initialize CodeQL	2026-05-13T21:59:29.7403423Z             "properties" : {
Analyze (javascript)	Initialize CodeQL	2026-05-13T21:59:29.7403631Z               "cache" : {
Analyze (javascript)	Initialize CodeQL	2026-05-13T21:59:29.7403845Z                 "title" : "TRAP cache options",
Analyze (javascript)	Initialize CodeQL	2026-05-13T21:59:29.7404211Z                 "description" : "Options about how the extractor handles its TRAP cache",
Analyze (javascript)	Initialize CodeQL	2026-05-13T21:59:29.7404571Z                 "type" : "object",
Analyze (javascript)	Initialize CodeQL	2026-05-13T21:59:29.7405029Z                 "properties" : {
Analyze (javascript)	Initialize CodeQL	2026-05-13T21:59:29.7405249Z                   "dir" : {
Analyze (javascript)	Initialize CodeQL	2026-05-13T21:59:29.7405478Z                     "title" : "TRAP cache directory",
Analyze (javascript)	Initialize CodeQL	2026-05-13T21:59:29.7405818Z                     "description" : "The directory of the TRAP cache to use",
Analyze (javascript)	Initialize CodeQL	2026-05-13T21:59:29.7406132Z                     "type" : "string"
Analyze (javascript)	Initialize CodeQL	2026-05-13T21:59:29.7406351Z                   },
Analyze (javascript)	Initialize CodeQL	2026-05-13T21:59:29.7406539Z                   "bound" : {
Analyze (javascript)	Initialize CodeQL	2026-05-13T21:59:29.7406773Z                     "title" : "TRAP cache bound",
Analyze (javascript)	Initialize CodeQL	2026-05-13T21:59:29.7407138Z                     "description" : "A soft limit (in MB) on the size of the TRAP cache",
Analyze (javascript)	Initialize CodeQL	2026-05-13T21:59:29.7407494Z                     "type" : "string",
Analyze (javascript)	Initialize CodeQL	2026-05-13T21:59:29.7407733Z                     "pattern" : "[0-9]+"
Analyze (javascript)	Initialize CodeQL	2026-05-13T21:59:29.7407965Z                   },
Analyze (javascript)	Initialize CodeQL	2026-05-13T21:59:29.7408150Z                   "write" : {
Analyze (javascript)	Initialize CodeQL	2026-05-13T21:59:29.7408379Z                     "title" : "TRAP cache writeable",
Analyze (javascript)	Initialize CodeQL	2026-05-13T21:59:29.7408767Z                     "description" : "Whether to write to the TRAP cache as well as reading it",
Analyze (javascript)	Initialize CodeQL	2026-05-13T21:59:29.7409137Z                     "type" : "string",
Analyze (javascript)	Initialize CodeQL	2026-05-13T21:59:29.7409524Z                     "pattern" : "(true|TRUE|false|FALSE)"
Analyze (javascript)	Initialize CodeQL	2026-05-13T21:59:29.7409776Z                   }
Analyze (javascript)	Initialize CodeQL	2026-05-13T21:59:29.7409951Z                 }
Analyze (javascript)	Initialize CodeQL	2026-05-13T21:59:29.7410114Z               }
Analyze (javascript)	Initialize CodeQL	2026-05-13T21:59:29.7410282Z             }
Analyze (javascript)	Initialize CodeQL	2026-05-13T21:59:29.7410439Z           },
Analyze (javascript)	Initialize CodeQL	2026-05-13T21:59:29.7410613Z           "skip_types" : {
Analyze (javascript)	Initialize CodeQL	2026-05-13T21:59:29.7410869Z             "title" : "Skip type extraction for TypeScript",
Analyze (javascript)	Initialize CodeQL	2026-05-13T21:59:29.7411300Z             "description" : "Whether to skip the extraction of types in a TypeScript application",
Analyze (javascript)	Initialize CodeQL	2026-05-13T21:59:29.7411708Z             "type" : "string",
Analyze (javascript)	Initialize CodeQL	2026-05-13T21:59:29.7411937Z             "pattern" : "^(false|true)$"
Analyze (javascript)	Initialize CodeQL	2026-05-13T21:59:29.7412181Z           }
Analyze (javascript)	Initialize CodeQL	2026-05-13T21:59:29.7412338Z         }
Analyze (javascript)	Initialize CodeQL	2026-05-13T21:59:29.7412494Z       }
Analyze (javascript)	Initialize CodeQL	2026-05-13T21:59:29.7412645Z     ],
Analyze (javascript)	Initialize CodeQL	2026-05-13T21:59:29.7412803Z     "python" : [
Analyze (javascript)	Initialize CodeQL	2026-05-13T21:59:29.7412970Z       {
Analyze (javascript)	Initialize CodeQL	2026-05-13T21:59:29.7413249Z         "extractor_root" : "/opt/hostedtoolcache/CodeQL/2.25.4/x64/codeql/python",
Analyze (javascript)	Initialize CodeQL	2026-05-13T21:59:29.7413626Z         "extractor_options" : {
Analyze (javascript)	Initialize CodeQL	2026-05-13T21:59:29.7413841Z           "logging" : {
Analyze (javascript)	Initialize CodeQL	2026-05-13T21:59:29.7414074Z             "title" : "Options pertaining to logging.",
Analyze (javascript)	Initialize CodeQL	2026-05-13T21:59:29.7414392Z             "description" : "Options pertaining to logging.",
Analyze (javascript)	Initialize CodeQL	2026-05-13T21:59:29.7414686Z             "type" : "object",
Analyze (javascript)	Initialize CodeQL	2026-05-13T21:59:29.7415035Z             "properties" : {
Analyze (javascript)	Initialize CodeQL	2026-05-13T21:59:29.7415250Z               "verbosity" : {
Analyze (javascript)	Initialize CodeQL	2026-05-13T21:59:29.7415511Z                 "title" : "Python extractor logging verbosity level.",
Analyze (javascript)	Initialize CodeQL	2026-05-13T21:59:29.7416554Z                 "description" : "Controls the level of verbosity of the CodeQL Python extractor.\nThe supported levels are (in order of increasing verbosity):\n\n  - off\n  - errors\n  - warnings\n  - info or progress\n  - debug or progress+\n  - trace or progress++\n  - progress+++\n",
Analyze (javascript)	Initialize CodeQL	2026-05-13T21:59:29.7417527Z                 "type" : "string",
Analyze (javascript)	Initialize CodeQL	2026-05-13T21:59:29.7417982Z                 "pattern" : "^(off|errors|warnings|(info|progress)|(debug|progress\\+)|(trace|progress\\+\\+)|progress\\+\\+\\+)$"
Analyze (javascript)	Initialize CodeQL	2026-05-13T21:59:29.7418479Z               }
Analyze (javascript)	Initialize CodeQL	2026-05-13T21:59:29.7418651Z             }
Analyze (javascript)	Initialize CodeQL	2026-05-13T21:59:29.7418809Z           },
Analyze (javascript)	Initialize CodeQL	2026-05-13T21:59:29.7418990Z           "python_executable_name" : {
Analyze (javascript)	Initialize CodeQL	2026-05-13T21:59:29.7419371Z             "title" : "Controls the name of the Python executable used by the Python extractor.",
Analyze (javascript)	Initialize CodeQL	2026-05-13T21:59:29.7420940Z             "description" : "The Python extractor uses platform-dependent heuristics to determine the name of the Python executable to use. Specifying a value for this option overrides the name of the Python executable used by the extractor. Accepted values are py, python and python3. Use this setting with caution, the Python extractor requires Python 3 to run.\n",
Analyze (javascript)	Initialize CodeQL	2026-05-13T21:59:29.7422239Z             "type" : "string",
Analyze (javascript)	Initialize CodeQL	2026-05-13T21:59:29.7422475Z             "pattern" : "^(py|python|python3)$"
Analyze (javascript)	Initialize CodeQL	2026-05-13T21:59:29.7422732Z           }
Analyze (javascript)	Initialize CodeQL	2026-05-13T21:59:29.7422899Z         }
Analyze (javascript)	Initialize CodeQL	2026-05-13T21:59:29.7423050Z       }
Analyze (javascript)	Initialize CodeQL	2026-05-13T21:59:29.7423199Z     ],
Analyze (javascript)	Initialize CodeQL	2026-05-13T21:59:29.7423354Z     "properties" : [
Analyze (javascript)	Initialize CodeQL	2026-05-13T21:59:29.7423544Z       {
Analyze (javascript)	Initialize CodeQL	2026-05-13T21:59:29.7423829Z         "extractor_root" : "/opt/hostedtoolcache/CodeQL/2.25.4/x64/codeql/properties"
Analyze (javascript)	Initialize CodeQL	2026-05-13T21:59:29.7424198Z       }
Analyze (javascript)	Initialize CodeQL	2026-05-13T21:59:29.7424349Z     ],
Analyze (javascript)	Initialize CodeQL	2026-05-13T21:59:29.7424510Z     "csharp" : [
Analyze (javascript)	Initialize CodeQL	2026-05-13T21:59:29.7424675Z       {
Analyze (javascript)	Initialize CodeQL	2026-05-13T21:59:29.7425067Z         "extractor_root" : "/opt/hostedtoolcache/CodeQL/2.25.4/x64/codeql/csharp",
Analyze (javascript)	Initialize CodeQL	2026-05-13T21:59:29.7425422Z         "extractor_options" : {
Analyze (javascript)	Initialize CodeQL	2026-05-13T21:59:29.7425630Z           "trap" : {
Analyze (javascript)	Initialize CodeQL	2026-05-13T21:59:29.7425843Z             "title" : "Options pertaining to TRAP.",
Analyze (javascript)	Initialize CodeQL	2026-05-13T21:59:29.7426149Z             "description" : "Options pertaining to TRAP.",
Analyze (javascript)	Initialize CodeQL	2026-05-13T21:59:29.7426432Z             "type" : "object",
Analyze (javascript)	Initialize CodeQL	2026-05-13T21:59:29.7426640Z             "properties" : {
Analyze (javascript)	Initialize CodeQL	2026-05-13T21:59:29.7426854Z               "compression" : {
Analyze (javascript)	Initialize CodeQL	2026-05-13T21:59:29.7427316Z                 "title" : "Controls compression for the TRAP files written by the extractor.",
Analyze (javascript)	Initialize CodeQL	2026-05-13T21:59:29.7428270Z                 "description" : "This option is only intended for use in debugging the extractor. Accepted values are 'brotli' (the default, to write brotli-compressed TRAP), 'gzip', and 'none' (to write uncompressed TRAP).\n",
Analyze (javascript)	Initialize CodeQL	2026-05-13T21:59:29.7429090Z                 "type" : "string",
Analyze (javascript)	Initialize CodeQL	2026-05-13T21:59:29.7429335Z                 "pattern" : "^(none|gzip|brotli)$"
Analyze (javascript)	Initialize CodeQL	2026-05-13T21:59:29.7429587Z               }
Analyze (javascript)	Initialize CodeQL	2026-05-13T21:59:29.7429748Z             }
Analyze (javascript)	Initialize CodeQL	2026-05-13T21:59:29.7429908Z           },
Analyze (javascript)	Initialize CodeQL	2026-05-13T21:59:29.7430070Z           "buildless" : {
Analyze (javascript)	Initialize CodeQL	2026-05-13T21:59:29.7430401Z             "title" : "DEPRECATED - Whether to use buildless (standalone) extraction.",
Analyze (javascript)	Initialize CodeQL	2026-05-13T21:59:29.7432205Z             "description" : "DEPRECATED: Use `--build-mode none` instead.\nA value indicating, which type of extraction the autobuilder should perform. If 'true', then the standalone extractor will be used, otherwise tracing extraction will be performed. The default is 'false'. Note that buildless extraction will generally yield less accurate analysis results, and should only be used in cases where it is not possible to build the code (for example if it uses inaccessible dependencies).\n",
Analyze (javascript)	Initialize CodeQL	2026-05-13T21:59:29.7433888Z             "type" : "string",
Analyze (javascript)	Initialize CodeQL	2026-05-13T21:59:29.7434106Z             "pattern" : "^(false|true)$"
Analyze (javascript)	Initialize CodeQL	2026-05-13T21:59:29.7434339Z           },
Analyze (javascript)	Initialize CodeQL	2026-05-13T21:59:29.7434498Z           "logging" : {
Analyze (javascript)	Initialize CodeQL	2026-05-13T21:59:29.7434857Z             "title" : "Options pertaining to logging.",
Analyze (javascript)	Initialize CodeQL	2026-05-13T21:59:29.7435177Z             "description" : "Options pertaining to logging.",
Analyze (javascript)	Initialize CodeQL	2026-05-13T21:59:29.7435471Z             "type" : "object",
Analyze (javascript)	Initialize CodeQL	2026-05-13T21:59:29.7435679Z             "properties" : {
Analyze (javascript)	Initialize CodeQL	2026-05-13T21:59:29.7435893Z               "verbosity" : {
Analyze (javascript)	Initialize CodeQL	2026-05-13T21:59:29.7436149Z                 "title" : "Extractor logging verbosity level.",
Analyze (javascript)	Initialize CodeQL	2026-05-13T21:59:29.7437110Z                 "description" : "Controls the level of verbosity of the extractor. The supported levels are (in order of increasing verbosity):\n  - off\n  - errors\n  - warnings\n  - info or progress\n  - debug or progress+\n  - trace or progress++\n  - progress+++\n",
Analyze (javascript)	Initialize CodeQL	2026-05-13T21:59:29.7438022Z                 "type" : "string",
Analyze (javascript)	Initialize CodeQL	2026-05-13T21:59:29.7438600Z                 "pattern" : "^(off|errors|warnings|(info|progress)|(debug|progress\\+)|(trace|progress\\+\\+)|progress\\+\\+\\+)$"
Analyze (javascript)	Initialize CodeQL	2026-05-13T21:59:29.7439075Z               }
Analyze (javascript)	Initialize CodeQL	2026-05-13T21:59:29.7439241Z             }
Analyze (javascript)	Initialize CodeQL	2026-05-13T21:59:29.7439396Z           },
Analyze (javascript)	Initialize CodeQL	2026-05-13T21:59:29.7439561Z           "binlog" : {
Analyze (javascript)	Initialize CodeQL	2026-05-13T21:59:29.7439748Z             "title" : "Binlog",
Analyze (javascript)	Initialize CodeQL	2026-05-13T21:59:29.7440413Z             "description" : "[EXPERIMENTAL] The value is a path to the MsBuild binary log file that should be extracted. This option only works when `--build-mode none` is also specified.\n",
Analyze (javascript)	Initialize CodeQL	2026-05-13T21:59:29.7441098Z             "type" : "array"
Analyze (javascript)	Initialize CodeQL	2026-05-13T21:59:29.7441298Z           },
Analyze (javascript)	Initialize CodeQL	2026-05-13T21:59:29.7441475Z           "buildless_dependency_dir" : {
Analyze (javascript)	Initialize CodeQL	2026-05-13T21:59:29.7441883Z             "title" : "The path where buildless (standalone) extraction should keep dependencies.",
Analyze (javascript)	Initialize CodeQL	2026-05-13T21:59:29.7442516Z             "description" : "If set, the buildless (standalone) extractor will store dependencies in this directory.\n",
Analyze (javascript)	Initialize CodeQL	2026-05-13T21:59:29.7442991Z             "type" : "string"
Analyze (javascript)	Initialize CodeQL	2026-05-13T21:59:29.7443193Z           }
Analyze (javascript)	Initialize CodeQL	2026-05-13T21:59:29.7443344Z         }
Analyze (javascript)	Initialize CodeQL	2026-05-13T21:59:29.7443507Z       }
Analyze (javascript)	Initialize CodeQL	2026-05-13T21:59:29.7443654Z     ],
Analyze (javascript)	Initialize CodeQL	2026-05-13T21:59:29.7443811Z     "actions" : [
Analyze (javascript)	Initialize CodeQL	2026-05-13T21:59:29.7443979Z       {
Analyze (javascript)	Initialize CodeQL	2026-05-13T21:59:29.7444258Z         "extractor_root" : "/opt/hostedtoolcache/CodeQL/2.25.4/x64/codeql/actions",
Analyze (javascript)	Initialize CodeQL	2026-05-13T21:59:29.7444620Z         "extractor_options" : {
Analyze (javascript)	Initialize CodeQL	2026-05-13T21:59:29.7445043Z           "trap" : {
Analyze (javascript)	Initialize CodeQL	2026-05-13T21:59:29.7445245Z             "title" : "TRAP options",
Analyze (javascript)	Initialize CodeQL	2026-05-13T21:59:29.7445704Z             "description" : "Options about how the extractor handles TRAP files",
Analyze (javascript)	Initialize CodeQL	2026-05-13T21:59:29.7446054Z             "type" : "object",
Analyze (javascript)	Initialize CodeQL	2026-05-13T21:59:29.7446263Z             "visibility" : 3,
Analyze (javascript)	Initialize CodeQL	2026-05-13T21:59:29.7446479Z             "properties" : {
Analyze (javascript)	Initialize CodeQL	2026-05-13T21:59:29.7446681Z               "cache" : {
Analyze (javascript)	Initialize CodeQL	2026-05-13T21:59:29.7446909Z                 "title" : "TRAP cache options",
Analyze (javascript)	Initialize CodeQL	2026-05-13T21:59:29.7447282Z                 "description" : "Options about how the extractor handles its TRAP cache",
Analyze (javascript)	Initialize CodeQL	2026-05-13T21:59:29.7447648Z                 "type" : "object",
Analyze (javascript)	Initialize CodeQL	2026-05-13T21:59:29.7447875Z                 "properties" : {
Analyze (javascript)	Initialize CodeQL	2026-05-13T21:59:29.7448084Z                   "dir" : {
Analyze (javascript)	Initialize CodeQL	2026-05-13T21:59:29.7448314Z                     "title" : "TRAP cache directory",
Analyze (javascript)	Initialize CodeQL	2026-05-13T21:59:29.7448647Z                     "description" : "The directory of the TRAP cache to use",
Analyze (javascript)	Initialize CodeQL	2026-05-13T21:59:29.7448969Z                     "type" : "string"
Analyze (javascript)	Initialize CodeQL	2026-05-13T21:59:29.7449187Z                   },
Analyze (javascript)	Initialize CodeQL	2026-05-13T21:59:29.7449379Z                   "bound" : {
Analyze (javascript)	Initialize CodeQL	2026-05-13T21:59:29.7449600Z                     "title" : "TRAP cache bound",
Analyze (javascript)	Initialize CodeQL	2026-05-13T21:59:29.7449954Z                     "description" : "A soft limit (in MB) on the size of the TRAP cache",
Analyze (javascript)	Initialize CodeQL	2026-05-13T21:59:29.7450308Z                     "type" : "string",
Analyze (javascript)	Initialize CodeQL	2026-05-13T21:59:29.7450541Z                     "pattern" : "[0-9]+"
Analyze (javascript)	Initialize CodeQL	2026-05-13T21:59:29.7450780Z                   },
Analyze (javascript)	Initialize CodeQL	2026-05-13T21:59:29.7450959Z                   "write" : {
Analyze (javascript)	Initialize CodeQL	2026-05-13T21:59:29.7451187Z                     "title" : "TRAP cache writeable",
Analyze (javascript)	Initialize CodeQL	2026-05-13T21:59:29.7451566Z                     "description" : "Whether to write to the TRAP cache as well as reading it",
Analyze (javascript)	Initialize CodeQL	2026-05-13T21:59:29.7451946Z                     "type" : "string",
Analyze (javascript)	Initialize CodeQL	2026-05-13T21:59:29.7452197Z                     "pattern" : "(true|TRUE|false|FALSE)"
Analyze (javascript)	Initialize CodeQL	2026-05-13T21:59:29.7452453Z                   }
Analyze (javascript)	Initialize CodeQL	2026-05-13T21:59:29.7452628Z                 }
Analyze (javascript)	Initialize CodeQL	2026-05-13T21:59:29.7452793Z               }
Analyze (javascript)	Initialize CodeQL	2026-05-13T21:59:29.7452957Z             }
Analyze (javascript)	Initialize CodeQL	2026-05-13T21:59:29.7453122Z           }
Analyze (javascript)	Initialize CodeQL	2026-05-13T21:59:29.7453278Z         }
Analyze (javascript)	Initialize CodeQL	2026-05-13T21:59:29.7453426Z       }
Analyze (javascript)	Initialize CodeQL	2026-05-13T21:59:29.7453577Z     ],
Analyze (javascript)	Initialize CodeQL	2026-05-13T21:59:29.7453723Z     "ruby" : [
Analyze (javascript)	Initialize CodeQL	2026-05-13T21:59:29.7453883Z       {
Analyze (javascript)	Initialize CodeQL	2026-05-13T21:59:29.7454138Z         "extractor_root" : "/opt/hostedtoolcache/CodeQL/2.25.4/x64/codeql/ruby",
Analyze (javascript)	Initialize CodeQL	2026-05-13T21:59:29.7454606Z         "extractor_options" : {
Analyze (javascript)	Initialize CodeQL	2026-05-13T21:59:29.7454940Z           "trap" : {
Analyze (javascript)	Initialize CodeQL	2026-05-13T21:59:29.7455154Z             "title" : "Options pertaining to TRAP.",
Analyze (javascript)	Initialize CodeQL	2026-05-13T21:59:29.7455459Z             "description" : "Options pertaining to TRAP.",
Analyze (javascript)	Initialize CodeQL	2026-05-13T21:59:29.7455730Z             "type" : "object",
Analyze (javascript)	Initialize CodeQL	2026-05-13T21:59:29.7455942Z             "properties" : {
Analyze (javascript)	Initialize CodeQL	2026-05-13T21:59:29.7456147Z               "compression" : {
Analyze (javascript)	Initialize CodeQL	2026-05-13T21:59:29.7456493Z                 "title" : "Controls compression for the TRAP files written by the extractor.",
Analyze (javascript)	Initialize CodeQL	2026-05-13T21:59:29.7457544Z                 "description" : "This option is only intended for use in debugging the extractor. Accepted values are 'gzip' (the default, to write gzip-compressed TRAP) 'zstd' (to write Zstandard-compressed TRAP) and 'none' (to write uncompressed TRAP).\n",
Analyze (javascript)	Initialize CodeQL	2026-05-13T21:59:29.7458461Z                 "type" : "string",
Analyze (javascript)	Initialize CodeQL	2026-05-13T21:59:29.7458708Z                 "pattern" : "^(none|gzip|zstd)$"
Analyze (javascript)	Initialize CodeQL	2026-05-13T21:59:29.7458952Z               }
Analyze (javascript)	Initialize CodeQL	2026-05-13T21:59:29.7459116Z             }
Analyze (javascript)	Initialize CodeQL	2026-05-13T21:59:29.7459271Z           }
Analyze (javascript)	Initialize CodeQL	2026-05-13T21:59:29.7459426Z         }
Analyze (javascript)	Initialize CodeQL	2026-05-13T21:59:29.7459573Z       }
Analyze (javascript)	Initialize CodeQL	2026-05-13T21:59:29.7459727Z     ],
Analyze (javascript)	Initialize CodeQL	2026-05-13T21:59:29.7459874Z     "swift" : [
Analyze (javascript)	Initialize CodeQL	2026-05-13T21:59:29.7460038Z       {
Analyze (javascript)	Initialize CodeQL	2026-05-13T21:59:29.7460289Z         "extractor_root" : "/opt/hostedtoolcache/CodeQL/2.25.4/x64/codeql/swift"
Analyze (javascript)	Initialize CodeQL	2026-05-13T21:59:29.7460625Z       }
Analyze (javascript)	Initialize CodeQL	2026-05-13T21:59:29.7460774Z     ],
Analyze (javascript)	Initialize CodeQL	2026-05-13T21:59:29.7460923Z     "xml" : [
Analyze (javascript)	Initialize CodeQL	2026-05-13T21:59:29.7461084Z       {
Analyze (javascript)	Initialize CodeQL	2026-05-13T21:59:29.7461329Z         "extractor_root" : "/opt/hostedtoolcache/CodeQL/2.25.4/x64/codeql/xml"
Analyze (javascript)	Initialize CodeQL	2026-05-13T21:59:29.7462006Z       }
Analyze (javascript)	Initialize CodeQL	2026-05-13T21:59:29.7462151Z     ],
Analyze (javascript)	Initialize CodeQL	2026-05-13T21:59:29.7462306Z     "yaml" : [
Analyze (javascript)	Initialize CodeQL	2026-05-13T21:59:29.7462467Z       {
Analyze (javascript)	Initialize CodeQL	2026-05-13T21:59:29.7462721Z         "extractor_root" : "/opt/hostedtoolcache/CodeQL/2.25.4/x64/codeql/yaml"
Analyze (javascript)	Initialize CodeQL	2026-05-13T21:59:29.7463042Z       }
Analyze (javascript)	Initialize CodeQL	2026-05-13T21:59:29.7463194Z     ],
Analyze (javascript)	Initialize CodeQL	2026-05-13T21:59:29.7463345Z     "csv" : [
Analyze (javascript)	Initialize CodeQL	2026-05-13T21:59:29.7463511Z       {
Analyze (javascript)	Initialize CodeQL	2026-05-13T21:59:29.7463758Z         "extractor_root" : "/opt/hostedtoolcache/CodeQL/2.25.4/x64/codeql/csv"
Analyze (javascript)	Initialize CodeQL	2026-05-13T21:59:29.7464074Z       }
Analyze (javascript)	Initialize CodeQL	2026-05-13T21:59:29.7464223Z     ],
Analyze (javascript)	Initialize CodeQL	2026-05-13T21:59:29.7464368Z     "go" : [
Analyze (javascript)	Initialize CodeQL	2026-05-13T21:59:29.7464528Z       {
Analyze (javascript)	Initialize CodeQL	2026-05-13T21:59:29.7464900Z         "extractor_root" : "/opt/hostedtoolcache/CodeQL/2.25.4/x64/codeql/go",
Analyze (javascript)	Initialize CodeQL	2026-05-13T21:59:29.7465239Z         "extractor_options" : {
Analyze (javascript)	Initialize CodeQL	2026-05-13T21:59:29.7465453Z           "extract_tests" : {
Analyze (javascript)	Initialize CodeQL	2026-05-13T21:59:29.7465760Z             "title" : "Whether to include Go test files in the CodeQL database.",
Analyze (javascript)	Initialize CodeQL	2026-05-13T21:59:29.7466428Z             "description" : "A value indicating whether Go test files should be included in the CodeQL database. The default is 'false'.\n",
Analyze (javascript)	Initialize CodeQL	2026-05-13T21:59:29.7467321Z             "type" : "string",
Analyze (javascript)	Initialize CodeQL	2026-05-13T21:59:29.7467681Z             "pattern" : "^(false|true)$"
Analyze (javascript)	Initialize CodeQL	2026-05-13T21:59:29.7468154Z           },
Analyze (javascript)	Initialize CodeQL	2026-05-13T21:59:29.7468478Z           "extract_vendor_dirs" : {
Analyze (javascript)	Initialize CodeQL	2026-05-13T21:59:29.7469145Z             "title" : "Whether to include Go vendor directories in the CodeQL database.",
Analyze (javascript)	Initialize CodeQL	2026-05-13T21:59:29.7470472Z             "description" : "A value indicating whether Go vendor directories should be included in the CodeQL database. The default is 'false'.\n",
Analyze (javascript)	Initialize CodeQL	2026-05-13T21:59:29.7471263Z             "type" : "string",
Analyze (javascript)	Initialize CodeQL	2026-05-13T21:59:29.7471495Z             "pattern" : "^(false|true)$"
Analyze (javascript)	Initialize CodeQL	2026-05-13T21:59:29.7471731Z           }
Analyze (javascript)	Initialize CodeQL	2026-05-13T21:59:29.7471885Z         }
Analyze (javascript)	Initialize CodeQL	2026-05-13T21:59:29.7472038Z       }
Analyze (javascript)	Initialize CodeQL	2026-05-13T21:59:29.7472183Z     ],
Analyze (javascript)	Initialize CodeQL	2026-05-13T21:59:29.7472339Z     "java" : [
Analyze (javascript)	Initialize CodeQL	2026-05-13T21:59:29.7472510Z       {
Analyze (javascript)	Initialize CodeQL	2026-05-13T21:59:29.7472775Z         "extractor_root" : "/opt/hostedtoolcache/CodeQL/2.25.4/x64/codeql/java",
Analyze (javascript)	Initialize CodeQL	2026-05-13T21:59:29.7473128Z         "extractor_options" : {
Analyze (javascript)	Initialize CodeQL	2026-05-13T21:59:29.7473350Z           "exclude" : {
Analyze (javascript)	Initialize CodeQL	2026-05-13T21:59:29.7473589Z             "title" : "A glob excluding files from analysis.",
Analyze (javascript)	Initialize CodeQL	2026-05-13T21:59:29.7475009Z             "description" : "A glob indicating what files to exclude from the analysis. This accepts glob patterns that are supported by Java's 'getPathMatcher' implementation.\n",
Analyze (javascript)	Initialize CodeQL	2026-05-13T21:59:29.7475705Z             "type" : "string"
Analyze (javascript)	Initialize CodeQL	2026-05-13T21:59:29.7475906Z           },
Analyze (javascript)	Initialize CodeQL	2026-05-13T21:59:29.7476087Z           "add_prefer_source" : {
Analyze (javascript)	Initialize CodeQL	2026-05-13T21:59:29.7476399Z             "title" : "Whether to always prefer source files over class files.",
Analyze (javascript)	Initialize CodeQL	2026-05-13T21:59:29.7477525Z             "description" : "A value indicating whether source files should be preferred over class files. If set to 'true', the extraction adds '-Xprefer:source' to the javac command line. If set to 'false', the extraction uses the default javac behavior ('-Xprefer:newer'). The default is 'true'.\n",
Analyze (javascript)	Initialize CodeQL	2026-05-13T21:59:29.7478599Z             "type" : "string",
Analyze (javascript)	Initialize CodeQL	2026-05-13T21:59:29.7478814Z             "pattern" : "^(false|true)$"
Analyze (javascript)	Initialize CodeQL	2026-05-13T21:59:29.7479044Z           },
Analyze (javascript)	Initialize CodeQL	2026-05-13T21:59:29.7479208Z           "buildless" : {
Analyze (javascript)	Initialize CodeQL	2026-05-13T21:59:29.7479546Z             "title" : "Whether to use buildless (standalone) extraction (experimental).",
Analyze (javascript)	Initialize CodeQL	2026-05-13T21:59:29.7481189Z             "description" : "A value indicating, which type of extraction the autobuilder should perform. If 'true', then the standalone extractor will be used, otherwise tracing extraction will be performed. The default is 'false'. Note that buildless extraction will generally yield less accurate analysis results, and should only be used in cases where it is not possible to build the code (for example if it uses inaccessible dependencies).\n",
Analyze (javascript)	Initialize CodeQL	2026-05-13T21:59:29.7482698Z             "type" : "string",
Analyze (javascript)	Initialize CodeQL	2026-05-13T21:59:29.7483107Z             "pattern" : "^(false|true)$"
Analyze (javascript)	Initialize CodeQL	2026-05-13T21:59:29.7483346Z           },
Analyze (javascript)	Initialize CodeQL	2026-05-13T21:59:29.7483531Z           "buildless_dependency_dir" : {
Analyze (javascript)	Initialize CodeQL	2026-05-13T21:59:29.7483926Z             "title" : "The path where buildless (standalone) extraction should keep dependencies.",
Analyze (javascript)	Initialize CodeQL	2026-05-13T21:59:29.7484555Z             "description" : "If set, the buildless (standalone) extractor will store dependencies in this directory.\n",
Analyze (javascript)	Initialize CodeQL	2026-05-13T21:59:29.7485264Z             "type" : "string"
Analyze (javascript)	Initialize CodeQL	2026-05-13T21:59:29.7485463Z           },
Analyze (javascript)	Initialize CodeQL	2026-05-13T21:59:29.7485643Z           "minimize_dependency_jars" : {
Analyze (javascript)	Initialize CodeQL	2026-05-13T21:59:29.7486043Z             "title" : "Whether to rewrite and minimize downloaded JAR dependencies (experimental).",
Analyze (javascript)	Initialize CodeQL	2026-05-13T21:59:29.7486861Z             "description" : "If 'true', JAR dependencies downloaded during extraction will be rewritten to remove unneeded data, such as method bodies. The default is 'false'.\n",
Analyze (javascript)	Initialize CodeQL	2026-05-13T21:59:29.7487511Z             "type" : "string",
Analyze (javascript)	Initialize CodeQL	2026-05-13T21:59:29.7487732Z             "pattern" : "^(false|true)$"
Analyze (javascript)	Initialize CodeQL	2026-05-13T21:59:29.7487956Z           }
Analyze (javascript)	Initialize CodeQL	2026-05-13T21:59:29.7488107Z         }
Analyze (javascript)	Initialize CodeQL	2026-05-13T21:59:29.7488262Z       }
Analyze (javascript)	Initialize CodeQL	2026-05-13T21:59:29.7488406Z     ],
Analyze (javascript)	Initialize CodeQL	2026-05-13T21:59:29.7488561Z     "html" : [
Analyze (javascript)	Initialize CodeQL	2026-05-13T21:59:29.7488720Z       {
Analyze (javascript)	Initialize CodeQL	2026-05-13T21:59:29.7488978Z         "extractor_root" : "/opt/hostedtoolcache/CodeQL/2.25.4/x64/codeql/html"
Analyze (javascript)	Initialize CodeQL	2026-05-13T21:59:29.7489317Z       }
Analyze (javascript)	Initialize CodeQL	2026-05-13T21:59:29.7489471Z     ]
Analyze (javascript)	Initialize CodeQL	2026-05-13T21:59:29.7489613Z   }
Analyze (javascript)	Initialize CodeQL	2026-05-13T21:59:29.7489765Z }
Analyze (javascript)	Initialize CodeQL	2026-05-13T21:59:29.7534587Z Detected no issues with the code scanning workflow.
Analyze (javascript)	Initialize CodeQL	2026-05-13T21:59:29.7535833Z ##[endgroup]
Analyze (javascript)	Initialize CodeQL	2026-05-13T21:59:29.7542288Z ##[group]Load language configuration
Analyze (javascript)	Initialize CodeQL	2026-05-13T21:59:29.7550145Z [command]/opt/hostedtoolcache/CodeQL/2.25.4/x64/codeql/codeql resolve languages --format=betterjson --extractor-options-verbosity=4 --extractor-include-aliases --filter-to-languages-with-queries
Analyze (javascript)	Initialize CodeQL	2026-05-13T21:59:30.6786376Z {
Analyze (javascript)	Initialize CodeQL	2026-05-13T21:59:30.6786916Z   "aliases" : {
Analyze (javascript)	Initialize CodeQL	2026-05-13T21:59:30.6787323Z     "c" : "cpp",
Analyze (javascript)	Initialize CodeQL	2026-05-13T21:59:30.6787635Z     "c++" : "cpp",
Analyze (javascript)	Initialize CodeQL	2026-05-13T21:59:30.6788220Z     "c-c++" : "cpp",
Analyze (javascript)	Initialize CodeQL	2026-05-13T21:59:30.6788665Z     "c-cpp" : "cpp",
Analyze (javascript)	Initialize CodeQL	2026-05-13T21:59:30.6789230Z     "c#" : "csharp",
Analyze (javascript)	Initialize CodeQL	2026-05-13T21:59:30.6789664Z     "java-kotlin" : "java",
Analyze (javascript)	Initialize CodeQL	2026-05-13T21:59:30.6790535Z     "kotlin" : "java",
Analyze (javascript)	Initialize CodeQL	2026-05-13T21:59:30.6790888Z     "javascript-typescript" : "javascript",
Analyze (javascript)	Initialize CodeQL	2026-05-13T21:59:30.6791276Z     "typescript" : "javascript"
Analyze (javascript)	Initialize CodeQL	2026-05-13T21:59:30.6791766Z   },
Analyze (javascript)	Initialize CodeQL	2026-05-13T21:59:30.6792099Z   "extractors" : {
Analyze (javascript)	Initialize CodeQL	2026-05-13T21:59:30.6792542Z     "rust" : [
Analyze (javascript)	Initialize CodeQL	2026-05-13T21:59:30.6792844Z       {
Analyze (javascript)	Initialize CodeQL	2026-05-13T21:59:30.6793239Z         "extractor_root" : "/opt/hostedtoolcache/CodeQL/2.25.4/x64/codeql/rust",
Analyze (javascript)	Initialize CodeQL	2026-05-13T21:59:30.6793737Z         "extractor_options" : {
Analyze (javascript)	Initialize CodeQL	2026-05-13T21:59:30.6794076Z           "trap" : {
Analyze (javascript)	Initialize CodeQL	2026-05-13T21:59:30.6794412Z             "title" : "Options pertaining to TRAP.",
Analyze (javascript)	Initialize CodeQL	2026-05-13T21:59:30.6795186Z             "description" : "Options pertaining to TRAP.",
Analyze (javascript)	Initialize CodeQL	2026-05-13T21:59:30.6795843Z             "type" : "object",
Analyze (javascript)	Initialize CodeQL	2026-05-13T21:59:30.6796256Z             "properties" : {
Analyze (javascript)	Initialize CodeQL	2026-05-13T21:59:30.6796619Z               "compression" : {
Analyze (javascript)	Initialize CodeQL	2026-05-13T21:59:30.6797209Z                 "title" : "Controls compression for the TRAP files written by the extractor.",
Analyze (javascript)	Initialize CodeQL	2026-05-13T21:59:30.6798718Z                 "description" : "This option is only intended for use in debugging the extractor. Accepted values are 'gzip' (to write gzip-compressed TRAP) 'zstd' (to write Zstandard-compressed TRAP) and 'none' (the default, to write uncompressed TRAP).\n",
Analyze (javascript)	Initialize CodeQL	2026-05-13T21:59:30.6799820Z                 "type" : "string",
Analyze (javascript)	Initialize CodeQL	2026-05-13T21:59:30.6800242Z                 "pattern" : "^(none|gzip|zstd)$"
Analyze (javascript)	Initialize CodeQL	2026-05-13T21:59:30.6800700Z               }
Analyze (javascript)	Initialize CodeQL	2026-05-13T21:59:30.6800998Z             }
Analyze (javascript)	Initialize CodeQL	2026-05-13T21:59:30.6801275Z           },
Analyze (javascript)	Initialize CodeQL	2026-05-13T21:59:30.6801610Z           "cargo_target_dir" : {
Analyze (javascript)	Initialize CodeQL	2026-05-13T21:59:30.6802123Z             "title" : "Directory to use for cargo output files.",
Analyze (javascript)	Initialize CodeQL	2026-05-13T21:59:30.6803848Z             "description" : "This value is an optional path to use as `CARGO_TARGET_DIR` for the internal cargo commands the extractor uses. Pointing it to a persistent directory may reduce execution time of consecutive extractor runs. By default, a new scratch directory is used for each run.\n",
Analyze (javascript)	Initialize CodeQL	2026-05-13T21:59:30.6815129Z             "type" : "string"
Analyze (javascript)	Initialize CodeQL	2026-05-13T21:59:30.6815612Z           },
Analyze (javascript)	Initialize CodeQL	2026-05-13T21:59:30.6815930Z           "cargo_target" : {
Analyze (javascript)	Initialize CodeQL	2026-05-13T21:59:30.6816336Z             "title" : "Target architecture",
Analyze (javascript)	Initialize CodeQL	2026-05-13T21:59:30.6817395Z             "description" : "Target architecture to use for analysis, analogous to `cargo --target`. By default the host architecture is used.\n",
Analyze (javascript)	Initialize CodeQL	2026-05-13T21:59:30.6818453Z             "type" : "string"
Analyze (javascript)	Initialize CodeQL	2026-05-13T21:59:30.6818820Z           },
Analyze (javascript)	Initialize CodeQL	2026-05-13T21:59:30.6819153Z           "cargo_features" : {
Analyze (javascript)	Initialize CodeQL	2026-05-13T21:59:30.6819627Z             "title" : "Cargo features to turn on",
Analyze (javascript)	Initialize CodeQL	2026-05-13T21:59:30.6821757Z             "description" : "Comma-separated list of features to turn on. By default all features are enabled. If any features are specified, then only those features are enabled. The `default` feature must be explicitly specified if only default features are desired. Can be repeated.\n",
Analyze (javascript)	Initialize CodeQL	2026-05-13T21:59:30.6823818Z             "type" : "array"
Analyze (javascript)	Initialize CodeQL	2026-05-13T21:59:30.6824212Z           },
Analyze (javascript)	Initialize CodeQL	2026-05-13T21:59:30.6824550Z           "cargo_cfg_overrides" : {
Analyze (javascript)	Initialize CodeQL	2026-05-13T21:59:30.6825276Z             "title" : "Cargo cfg overrides",
Analyze (javascript)	Initialize CodeQL	2026-05-13T21:59:30.6826341Z             "description" : "Comma-separated list of cfg settings to enable, or disable if prefixed with `-`. Can be repeated.\n",
Analyze (javascript)	Initialize CodeQL	2026-05-13T21:59:30.6827372Z             "type" : "array"
Analyze (javascript)	Initialize CodeQL	2026-05-13T21:59:30.6827759Z           },
Analyze (javascript)	Initialize CodeQL	2026-05-13T21:59:30.6828077Z           "logging" : {
Analyze (javascript)	Initialize CodeQL	2026-05-13T21:59:30.6828606Z             "title" : "Options pertaining to logging.",
Analyze (javascript)	Initialize CodeQL	2026-05-13T21:59:30.6829256Z             "description" : "Options pertaining to logging.",
Analyze (javascript)	Initialize CodeQL	2026-05-13T21:59:30.6829820Z             "type" : "object",
Analyze (javascript)	Initialize CodeQL	2026-05-13T21:59:30.6830205Z             "properties" : {
Analyze (javascript)	Initialize CodeQL	2026-05-13T21:59:30.6830583Z               "verbosity" : {
Analyze (javascript)	Initialize CodeQL	2026-05-13T21:59:30.6831041Z                 "title" : "Extractor logging verbosity level.",
Analyze (javascript)	Initialize CodeQL	2026-05-13T21:59:30.6832791Z                 "description" : "Controls the level of verbosity of the extractor. The supported levels are (in order of increasing verbosity):\n  - off\n  - errors\n  - warnings\n  - info or progress\n  - debug or progress+\n  - trace or progress++\n  - progress+++\n",
Analyze (javascript)	Initialize CodeQL	2026-05-13T21:59:30.6835103Z                 "type" : "string",
Analyze (javascript)	Initialize CodeQL	2026-05-13T21:59:30.6835977Z                 "pattern" : "^(off|errors|warnings|(info|progress)|(debug|progress\\+)|(trace|progress\\+\\+)|progress\\+\\+\\+)$"
Analyze (javascript)	Initialize CodeQL	2026-05-13T21:59:30.6836863Z               },
Analyze (javascript)	Initialize CodeQL	2026-05-13T21:59:30.6837173Z               "flamegraph" : {
Analyze (javascript)	Initialize CodeQL	2026-05-13T21:59:30.6837717Z                 "title" : "[Experimental] File path for write flame graph log",
Analyze (javascript)	Initialize CodeQL	2026-05-13T21:59:30.6839314Z                 "description" : "Collect flame graph data using the `tracing-flame` crate. To render a flame graph or chart, run the `inferno-flamegraph` command. See also: https://crates.io/crates/tracing-flame\n",
Analyze (javascript)	Initialize CodeQL	2026-05-13T21:59:30.6840745Z                 "type" : "string"
Analyze (javascript)	Initialize CodeQL	2026-05-13T21:59:30.6841116Z               }
Analyze (javascript)	Initialize CodeQL	2026-05-13T21:59:30.6841426Z             }
Analyze (javascript)	Initialize CodeQL	2026-05-13T21:59:30.6841699Z           },
Analyze (javascript)	Initialize CodeQL	2026-05-13T21:59:30.6842035Z           "extract_dependencies_as_source" : {
Analyze (javascript)	Initialize CodeQL	2026-05-13T21:59:30.6842571Z             "title" : "Extract dependencies as source code",
Analyze (javascript)	Initialize CodeQL	2026-05-13T21:59:30.6843470Z             "description" : "Extract the full source code of dependencies instead of only extracting signatures.\n",
Analyze (javascript)	Initialize CodeQL	2026-05-13T21:59:30.6844305Z             "type" : "string",
Analyze (javascript)	Initialize CodeQL	2026-05-13T21:59:30.6844697Z             "pattern" : "^(false|true)$"
Analyze (javascript)	Initialize CodeQL	2026-05-13T21:59:30.6845322Z           }
Analyze (javascript)	Initialize CodeQL	2026-05-13T21:59:30.6845491Z         }
Analyze (javascript)	Initialize CodeQL	2026-05-13T21:59:30.6845650Z       }
Analyze (javascript)	Initialize CodeQL	2026-05-13T21:59:30.6845985Z     ],
Analyze (javascript)	Initialize CodeQL	2026-05-13T21:59:30.6846153Z     "cpp" : [
Analyze (javascript)	Initialize CodeQL	2026-05-13T21:59:30.6846322Z       {
Analyze (javascript)	Initialize CodeQL	2026-05-13T21:59:30.6846592Z         "extractor_root" : "/opt/hostedtoolcache/CodeQL/2.25.4/x64/codeql/cpp",
Analyze (javascript)	Initialize CodeQL	2026-05-13T21:59:30.6846954Z         "extractor_options" : {
Analyze (javascript)	Initialize CodeQL	2026-05-13T21:59:30.6847173Z           "trap" : {
Analyze (javascript)	Initialize CodeQL	2026-05-13T21:59:30.6847378Z             "title" : "TRAP options",
Analyze (javascript)	Initialize CodeQL	2026-05-13T21:59:30.6847725Z             "description" : "Options about how the extractor handles TRAP files",
Analyze (javascript)	Initialize CodeQL	2026-05-13T21:59:30.6848075Z             "type" : "object",
Analyze (javascript)	Initialize CodeQL	2026-05-13T21:59:30.6848287Z             "visibility" : 3,
Analyze (javascript)	Initialize CodeQL	2026-05-13T21:59:30.6848502Z             "properties" : {
Analyze (javascript)	Initialize CodeQL	2026-05-13T21:59:30.6848700Z               "cache" : {
Analyze (javascript)	Initialize CodeQL	2026-05-13T21:59:30.6848919Z                 "title" : "TRAP cache options",
Analyze (javascript)	Initialize CodeQL	2026-05-13T21:59:30.6849288Z                 "description" : "Options about how the extractor handles its TRAP cache",
Analyze (javascript)	Initialize CodeQL	2026-05-13T21:59:30.6849648Z                 "type" : "object",
Analyze (javascript)	Initialize CodeQL	2026-05-13T21:59:30.6849880Z                 "properties" : {
Analyze (javascript)	Initialize CodeQL	2026-05-13T21:59:30.6850094Z                   "dir" : {
Analyze (javascript)	Initialize CodeQL	2026-05-13T21:59:30.6850321Z                     "title" : "TRAP cache directory",
Analyze (javascript)	Initialize CodeQL	2026-05-13T21:59:30.6850653Z                     "description" : "The directory of the TRAP cache to use",
Analyze (javascript)	Initialize CodeQL	2026-05-13T21:59:30.6850975Z                     "type" : "string"
Analyze (javascript)	Initialize CodeQL	2026-05-13T21:59:30.6851193Z                   },
Analyze (javascript)	Initialize CodeQL	2026-05-13T21:59:30.6851373Z                   "bound" : {
Analyze (javascript)	Initialize CodeQL	2026-05-13T21:59:30.6851594Z                     "title" : "TRAP cache bound",
Analyze (javascript)	Initialize CodeQL	2026-05-13T21:59:30.6851954Z                     "description" : "A soft limit (in MB) on the size of the TRAP cache",
Analyze (javascript)	Initialize CodeQL	2026-05-13T21:59:30.6852313Z                     "type" : "string",
Analyze (javascript)	Initialize CodeQL	2026-05-13T21:59:30.6852547Z                     "pattern" : "[0-9]+"
Analyze (javascript)	Initialize CodeQL	2026-05-13T21:59:30.6852775Z                   },
Analyze (javascript)	Initialize CodeQL	2026-05-13T21:59:30.6852962Z                   "write" : {
Analyze (javascript)	Initialize CodeQL	2026-05-13T21:59:30.6853203Z                     "title" : "TRAP cache writeable",
Analyze (javascript)	Initialize CodeQL	2026-05-13T21:59:30.6853588Z                     "description" : "Whether to write to the TRAP cache as well as reading it",
Analyze (javascript)	Initialize CodeQL	2026-05-13T21:59:30.6853972Z                     "type" : "string",
Analyze (javascript)	Initialize CodeQL	2026-05-13T21:59:30.6854230Z                     "pattern" : "(true|TRUE|false|FALSE)"
Analyze (javascript)	Initialize CodeQL	2026-05-13T21:59:30.6876586Z                   }
Analyze (javascript)	Initialize CodeQL	2026-05-13T21:59:30.6876939Z                 }
Analyze (javascript)	Initialize CodeQL	2026-05-13T21:59:30.6877220Z               }
Analyze (javascript)	Initialize CodeQL	2026-05-13T21:59:30.6877742Z             }
Analyze (javascript)	Initialize CodeQL	2026-05-13T21:59:30.6877992Z           },
Analyze (javascript)	Initialize CodeQL	2026-05-13T21:59:30.6878278Z           "scale_timeouts" : {
Analyze (javascript)	Initialize CodeQL	2026-05-13T21:59:30.6878766Z             "title" : "Value to scale compiler introspection timeouts with",
Analyze (javascript)	Initialize CodeQL	2026-05-13T21:59:30.6881037Z             "description" : "The extractor attempts to determine what compiler the source code being extracted is compiled with. To this end the extractor makes additional calls to the compiler, some of which are expected to return within a certain fixed time (either 10s or 15s). On some systems that are under high load this time might be too short, and can be scaled up using this option.\n",
Analyze (javascript)	Initialize CodeQL	2026-05-13T21:59:30.6883282Z             "type" : "string",
Analyze (javascript)	Initialize CodeQL	2026-05-13T21:59:30.6883649Z             "pattern" : "[0-9]+"
Analyze (javascript)	Initialize CodeQL	2026-05-13T21:59:30.6883989Z           },
Analyze (javascript)	Initialize CodeQL	2026-05-13T21:59:30.6884276Z           "log_verbosity" : {
Analyze (javascript)	Initialize CodeQL	2026-05-13T21:59:30.6884682Z             "title" : "Verbosity of the extractor logging",
Analyze (javascript)	Initialize CodeQL	2026-05-13T21:59:30.6885935Z             "description" : "Set the verbosity of the extractor logging to 'quiet' (0), 'normal' (1), 'chatty' (2), or 'noisy' (3). The default is 'normal'.\n",
Analyze (javascript)	Initialize CodeQL	2026-05-13T21:59:30.6886904Z             "type" : "string",
Analyze (javascript)	Initialize CodeQL	2026-05-13T21:59:30.6887267Z             "pattern" : "[0-3]"
Analyze (javascript)	Initialize CodeQL	2026-05-13T21:59:30.6887600Z           },
Analyze (javascript)	Initialize CodeQL	2026-05-13T21:59:30.6887892Z           "frontend_options" : {
Analyze (javascript)	Initialize CodeQL	2026-05-13T21:59:30.6888320Z             "title" : "C/C++ extractor frontend options",
Analyze (javascript)	Initialize CodeQL	2026-05-13T21:59:30.6889142Z             "description" : "Set additional options that should be passed to the C/C++ extractor frontend.\n",
Analyze (javascript)	Initialize CodeQL	2026-05-13T21:59:30.6889909Z             "type" : "array",
Analyze (javascript)	Initialize CodeQL	2026-05-13T21:59:30.6890423Z             "visibility" : 3
Analyze (javascript)	Initialize CodeQL	2026-05-13T21:59:30.6890759Z           }
Analyze (javascript)	Initialize CodeQL	2026-05-13T21:59:30.6891009Z         }
Analyze (javascript)	Initialize CodeQL	2026-05-13T21:59:30.6891265Z       }
Analyze (javascript)	Initialize CodeQL	2026-05-13T21:59:30.6891510Z     ],
Analyze (javascript)	Initialize CodeQL	2026-05-13T21:59:30.6891773Z     "python" : [
Analyze (javascript)	Initialize CodeQL	2026-05-13T21:59:30.6892051Z       {
Analyze (javascript)	Initialize CodeQL	2026-05-13T21:59:30.6892514Z         "extractor_root" : "/opt/hostedtoolcache/CodeQL/2.25.4/x64/codeql/python",
Analyze (javascript)	Initialize CodeQL	2026-05-13T21:59:30.6893126Z         "extractor_options" : {
Analyze (javascript)	Initialize CodeQL	2026-05-13T21:59:30.6893488Z           "logging" : {
Analyze (javascript)	Initialize CodeQL	2026-05-13T21:59:30.6893870Z             "title" : "Options pertaining to logging.",
Analyze (javascript)	Initialize CodeQL	2026-05-13T21:59:30.6894403Z             "description" : "Options pertaining to logging.",
Analyze (javascript)	Initialize CodeQL	2026-05-13T21:59:30.6895136Z             "type" : "object",
Analyze (javascript)	Initialize CodeQL	2026-05-13T21:59:30.6895492Z             "properties" : {
Analyze (javascript)	Initialize CodeQL	2026-05-13T21:59:30.6895844Z               "verbosity" : {
Analyze (javascript)	Initialize CodeQL	2026-05-13T21:59:30.6896296Z                 "title" : "Python extractor logging verbosity level.",
Analyze (javascript)	Initialize CodeQL	2026-05-13T21:59:30.6898090Z                 "description" : "Controls the level of verbosity of the CodeQL Python extractor.\nThe supported levels are (in order of increasing verbosity):\n\n  - off\n  - errors\n  - warnings\n  - info or progress\n  - debug or progress+\n  - trace or progress++\n  - progress+++\n",
Analyze (javascript)	Initialize CodeQL	2026-05-13T21:59:30.6899771Z                 "type" : "string",
Analyze (javascript)	Initialize CodeQL	2026-05-13T21:59:30.6900560Z                 "pattern" : "^(off|errors|warnings|(info|progress)|(debug|progress\\+)|(trace|progress\\+\\+)|progress\\+\\+\\+)$"
Analyze (javascript)	Initialize CodeQL	2026-05-13T21:59:30.6901371Z               }
Analyze (javascript)	Initialize CodeQL	2026-05-13T21:59:30.6901639Z             }
Analyze (javascript)	Initialize CodeQL	2026-05-13T21:59:30.6901906Z           },
Analyze (javascript)	Initialize CodeQL	2026-05-13T21:59:30.6902200Z           "python_executable_name" : {
Analyze (javascript)	Initialize CodeQL	2026-05-13T21:59:30.6902854Z             "title" : "Controls the name of the Python executable used by the Python extractor.",
Analyze (javascript)	Initialize CodeQL	2026-05-13T21:59:30.6905561Z             "description" : "The Python extractor uses platform-dependent heuristics to determine the name of the Python executable to use. Specifying a value for this option overrides the name of the Python executable used by the extractor. Accepted values are py, python and python3. Use this setting with caution, the Python extractor requires Python 3 to run.\n",
Analyze (javascript)	Initialize CodeQL	2026-05-13T21:59:30.6907759Z             "type" : "string",
Analyze (javascript)	Initialize CodeQL	2026-05-13T21:59:30.6908155Z             "pattern" : "^(py|python|python3)$"
Analyze (javascript)	Initialize CodeQL	2026-05-13T21:59:30.6908704Z           }
Analyze (javascript)	Initialize CodeQL	2026-05-13T21:59:30.6908959Z         }
Analyze (javascript)	Initialize CodeQL	2026-05-13T21:59:30.6909196Z       }
Analyze (javascript)	Initialize CodeQL	2026-05-13T21:59:30.6909437Z     ],
Analyze (javascript)	Initialize CodeQL	2026-05-13T21:59:30.6909696Z     "csharp" : [
Analyze (javascript)	Initialize CodeQL	2026-05-13T21:59:30.6909967Z       {
Analyze (javascript)	Initialize CodeQL	2026-05-13T21:59:30.6910417Z         "extractor_root" : "/opt/hostedtoolcache/CodeQL/2.25.4/x64/codeql/csharp",
Analyze (javascript)	Initialize CodeQL	2026-05-13T21:59:30.6911008Z         "extractor_options" : {
Analyze (javascript)	Initialize CodeQL	2026-05-13T21:59:30.6911354Z           "trap" : {
Analyze (javascript)	Initialize CodeQL	2026-05-13T21:59:30.6911699Z             "title" : "Options pertaining to TRAP.",
Analyze (javascript)	Initialize CodeQL	2026-05-13T21:59:30.6912215Z             "description" : "Options pertaining to TRAP.",
Analyze (javascript)	Initialize CodeQL	2026-05-13T21:59:30.6912677Z             "type" : "object",
Analyze (javascript)	Initialize CodeQL	2026-05-13T21:59:30.6913038Z             "properties" : {
Analyze (javascript)	Initialize CodeQL	2026-05-13T21:59:30.6913387Z               "compression" : {
Analyze (javascript)	Initialize CodeQL	2026-05-13T21:59:30.6913984Z                 "title" : "Controls compression for the TRAP files written by the extractor.",
Analyze (javascript)	Initialize CodeQL	2026-05-13T21:59:30.6915789Z                 "description" : "This option is only intended for use in debugging the extractor. Accepted values are 'brotli' (the default, to write brotli-compressed TRAP), 'gzip', and 'none' (to write uncompressed TRAP).\n",
Analyze (javascript)	Initialize CodeQL	2026-05-13T21:59:30.6917170Z                 "type" : "string",
Analyze (javascript)	Initialize CodeQL	2026-05-13T21:59:30.6917577Z                 "pattern" : "^(none|gzip|brotli)$"
Analyze (javascript)	Initialize CodeQL	2026-05-13T21:59:30.6917984Z               }
Analyze (javascript)	Initialize CodeQL	2026-05-13T21:59:30.6918288Z             }
Analyze (javascript)	Initialize CodeQL	2026-05-13T21:59:30.6918557Z           },
Analyze (javascript)	Initialize CodeQL	2026-05-13T21:59:30.6918840Z           "buildless" : {
Analyze (javascript)	Initialize CodeQL	2026-05-13T21:59:30.6919385Z             "title" : "DEPRECATED - Whether to use buildless (standalone) extraction.",
Analyze (javascript)	Initialize CodeQL	2026-05-13T21:59:30.6922504Z             "description" : "DEPRECATED: Use `--build-mode none` instead.\nA value indicating, which type of extraction the autobuilder should perform. If 'true', then the standalone extractor will be used, otherwise tracing extraction will be performed. The default is 'false'. Note that buildless extraction will generally yield less accurate analysis results, and should only be used in cases where it is not possible to build the code (for example if it uses inaccessible dependencies).\n",
Analyze (javascript)	Initialize CodeQL	2026-05-13T21:59:30.6925739Z             "type" : "string",
Analyze (javascript)	Initialize CodeQL	2026-05-13T21:59:30.6926102Z             "pattern" : "^(false|true)$"
Analyze (javascript)	Initialize CodeQL	2026-05-13T21:59:30.6926471Z           },
Analyze (javascript)	Initialize CodeQL	2026-05-13T21:59:30.6926773Z           "logging" : {
Analyze (javascript)	Initialize CodeQL	2026-05-13T21:59:30.6927152Z             "title" : "Options pertaining to logging.",
Analyze (javascript)	Initialize CodeQL	2026-05-13T21:59:30.6927673Z             "description" : "Options pertaining to logging.",
Analyze (javascript)	Initialize CodeQL	2026-05-13T21:59:30.6928115Z             "type" : "object",
Analyze (javascript)	Initialize CodeQL	2026-05-13T21:59:30.6928451Z             "properties" : {
Analyze (javascript)	Initialize CodeQL	2026-05-13T21:59:30.6928773Z               "verbosity" : {
Analyze (javascript)	Initialize CodeQL	2026-05-13T21:59:30.6929054Z                 "title" : "Extractor logging verbosity level.",
Analyze (javascript)	Initialize CodeQL	2026-05-13T21:59:30.6930073Z                 "description" : "Controls the level of verbosity of the extractor. The supported levels are (in order of increasing verbosity):\n  - off\n  - errors\n  - warnings\n  - info or progress\n  - debug or progress+\n  - trace or progress++\n  - progress+++\n",
Analyze (javascript)	Initialize CodeQL	2026-05-13T21:59:30.6931301Z                 "type" : "string",
Analyze (javascript)	Initialize CodeQL	2026-05-13T21:59:30.6931834Z                 "pattern" : "^(off|errors|warnings|(info|progress)|(debug|progress\\+)|(trace|progress\\+\\+)|progress\\+\\+\\+)$"
Analyze (javascript)	Initialize CodeQL	2026-05-13T21:59:30.6932307Z               }
Analyze (javascript)	Initialize CodeQL	2026-05-13T21:59:30.6932482Z             }
Analyze (javascript)	Initialize CodeQL	2026-05-13T21:59:30.6932642Z           },
Analyze (javascript)	Initialize CodeQL	2026-05-13T21:59:30.6932812Z           "binlog" : {
Analyze (javascript)	Initialize CodeQL	2026-05-13T21:59:30.6933010Z             "title" : "Binlog",
Analyze (javascript)	Initialize CodeQL	2026-05-13T21:59:30.6933680Z             "description" : "[EXPERIMENTAL] The value is a path to the MsBuild binary log file that should be extracted. This option only works when `--build-mode none` is also specified.\n",
Analyze (javascript)	Initialize CodeQL	2026-05-13T21:59:30.6934387Z             "type" : "array"
Analyze (javascript)	Initialize CodeQL	2026-05-13T21:59:30.6934580Z           },
Analyze (javascript)	Initialize CodeQL	2026-05-13T21:59:30.6935025Z           "buildless_dependency_dir" : {
Analyze (javascript)	Initialize CodeQL	2026-05-13T21:59:30.6935470Z             "title" : "The path where buildless (standalone) extraction should keep dependencies.",
Analyze (javascript)	Initialize CodeQL	2026-05-13T21:59:30.6936315Z             "description" : "If set, the buildless (standalone) extractor will store dependencies in this directory.\n",
Analyze (javascript)	Initialize CodeQL	2026-05-13T21:59:30.6936796Z             "type" : "string"
Analyze (javascript)	Initialize CodeQL	2026-05-13T21:59:30.6937004Z           }
Analyze (javascript)	Initialize CodeQL	2026-05-13T21:59:30.6937157Z         }
Analyze (javascript)	Initialize CodeQL	2026-05-13T21:59:30.6937316Z       }
Analyze (javascript)	Initialize CodeQL	2026-05-13T21:59:30.6937463Z     ],
Analyze (javascript)	Initialize CodeQL	2026-05-13T21:59:30.6937618Z     "java" : [
Analyze (javascript)	Initialize CodeQL	2026-05-13T21:59:30.6937782Z       {
Analyze (javascript)	Initialize CodeQL	2026-05-13T21:59:30.6938049Z         "extractor_root" : "/opt/hostedtoolcache/CodeQL/2.25.4/x64/codeql/java",
Analyze (javascript)	Initialize CodeQL	2026-05-13T21:59:30.6938404Z         "extractor_options" : {
Analyze (javascript)	Initialize CodeQL	2026-05-13T21:59:30.6938615Z           "exclude" : {
Analyze (javascript)	Initialize CodeQL	2026-05-13T21:59:30.6938864Z             "title" : "A glob excluding files from analysis.",
Analyze (javascript)	Initialize CodeQL	2026-05-13T21:59:30.6939577Z             "description" : "A glob indicating what files to exclude from the analysis. This accepts glob patterns that are supported by Java's 'getPathMatcher' implementation.\n",
Analyze (javascript)	Initialize CodeQL	2026-05-13T21:59:30.6940244Z             "type" : "string"
Analyze (javascript)	Initialize CodeQL	2026-05-13T21:59:30.6940443Z           },
Analyze (javascript)	Initialize CodeQL	2026-05-13T21:59:30.6940620Z           "add_prefer_source" : {
Analyze (javascript)	Initialize CodeQL	2026-05-13T21:59:30.6940933Z             "title" : "Whether to always prefer source files over class files.",
Analyze (javascript)	Initialize CodeQL	2026-05-13T21:59:30.6942065Z             "description" : "A value indicating whether source files should be preferred over class files. If set to 'true', the extraction adds '-Xprefer:source' to the javac command line. If set to 'false', the extraction uses the default javac behavior ('-Xprefer:newer'). The default is 'true'.\n",
Analyze (javascript)	Initialize CodeQL	2026-05-13T21:59:30.6943094Z             "type" : "string",
Analyze (javascript)	Initialize CodeQL	2026-05-13T21:59:30.6943308Z             "pattern" : "^(false|true)$"
Analyze (javascript)	Initialize CodeQL	2026-05-13T21:59:30.6943677Z           },
Analyze (javascript)	Initialize CodeQL	2026-05-13T21:59:30.6943959Z           "buildless" : {
Analyze (javascript)	Initialize CodeQL	2026-05-13T21:59:30.6944458Z             "title" : "Whether to use buildless (standalone) extraction (experimental).",
Analyze (javascript)	Initialize CodeQL	2026-05-13T21:59:30.6947418Z             "description" : "A value indicating, which type of extraction the autobuilder should perform. If 'true', then the standalone extractor will be used, otherwise tracing extraction will be performed. The default is 'false'. Note that buildless extraction will generally yield less accurate analysis results, and should only be used in cases where it is not possible to build the code (for example if it uses inaccessible dependencies).\n",
Analyze (javascript)	Initialize CodeQL	2026-05-13T21:59:30.6950081Z             "type" : "string",
Analyze (javascript)	Initialize CodeQL	2026-05-13T21:59:30.6950456Z             "pattern" : "^(false|true)$"
Analyze (javascript)	Initialize CodeQL	2026-05-13T21:59:30.6950816Z           },
Analyze (javascript)	Initialize CodeQL	2026-05-13T21:59:30.6951131Z           "buildless_dependency_dir" : {
Analyze (javascript)	Initialize CodeQL	2026-05-13T21:59:30.6951830Z             "title" : "The path where buildless (standalone) extraction should keep dependencies.",
Analyze (javascript)	Initialize CodeQL	2026-05-13T21:59:30.6952964Z             "description" : "If set, the buildless (standalone) extractor will store dependencies in this directory.\n",
Analyze (javascript)	Initialize CodeQL	2026-05-13T21:59:30.6953800Z             "type" : "string"
Analyze (javascript)	Initialize CodeQL	2026-05-13T21:59:30.6954117Z           },
Analyze (javascript)	Initialize CodeQL	2026-05-13T21:59:30.6954439Z           "minimize_dependency_jars" : {
Analyze (javascript)	Initialize CodeQL	2026-05-13T21:59:30.6955500Z             "title" : "Whether to rewrite and minimize downloaded JAR dependencies (experimental).",
Analyze (javascript)	Initialize CodeQL	2026-05-13T21:59:30.6957029Z             "description" : "If 'true', JAR dependencies downloaded during extraction will be rewritten to remove unneeded data, such as method bodies. The default is 'false'.\n",
Analyze (javascript)	Initialize CodeQL	2026-05-13T21:59:30.6958210Z             "type" : "string",
Analyze (javascript)	Initialize CodeQL	2026-05-13T21:59:30.6958617Z             "pattern" : "^(false|true)$"
Analyze (javascript)	Initialize CodeQL	2026-05-13T21:59:30.6959020Z           }
Analyze (javascript)	Initialize CodeQL	2026-05-13T21:59:30.6959287Z         }
Analyze (javascript)	Initialize CodeQL	2026-05-13T21:59:30.6959540Z       }
Analyze (javascript)	Initialize CodeQL	2026-05-13T21:59:30.6959793Z     ],
Analyze (javascript)	Initialize CodeQL	2026-05-13T21:59:30.6960080Z     "go" : [
Analyze (javascript)	Initialize CodeQL	2026-05-13T21:59:30.6960346Z       {
Analyze (javascript)	Initialize CodeQL	2026-05-13T21:59:30.6960793Z         "extractor_root" : "/opt/hostedtoolcache/CodeQL/2.25.4/x64/codeql/go",
Analyze (javascript)	Initialize CodeQL	2026-05-13T21:59:30.6961398Z         "extractor_options" : {
Analyze (javascript)	Initialize CodeQL	2026-05-13T21:59:30.6961641Z           "extract_tests" : {
Analyze (javascript)	Initialize CodeQL	2026-05-13T21:59:30.6961961Z             "title" : "Whether to include Go test files in the CodeQL database.",
Analyze (javascript)	Initialize CodeQL	2026-05-13T21:59:30.6962804Z             "description" : "A value indicating whether Go test files should be included in the CodeQL database. The default is 'false'.\n",
Analyze (javascript)	Initialize CodeQL	2026-05-13T21:59:30.6963345Z             "type" : "string",
Analyze (javascript)	Initialize CodeQL	2026-05-13T21:59:30.6963569Z             "pattern" : "^(false|true)$"
Analyze (javascript)	Initialize CodeQL	2026-05-13T21:59:30.6963806Z           },
Analyze (javascript)	Initialize CodeQL	2026-05-13T21:59:30.6963982Z           "extract_vendor_dirs" : {
Analyze (javascript)	Initialize CodeQL	2026-05-13T21:59:30.6964349Z             "title" : "Whether to include Go vendor directories in the CodeQL database.",
Analyze (javascript)	Initialize CodeQL	2026-05-13T21:59:30.6965435Z             "description" : "A value indicating whether Go vendor directories should be included in the CodeQL database. The default is 'false'.\n",
Analyze (javascript)	Initialize CodeQL	2026-05-13T21:59:30.6966056Z             "type" : "string",
Analyze (javascript)	Initialize CodeQL	2026-05-13T21:59:30.6966284Z             "pattern" : "^(false|true)$"
Analyze (javascript)	Initialize CodeQL	2026-05-13T21:59:30.6966511Z           }
Analyze (javascript)	Initialize CodeQL	2026-05-13T21:59:30.6966673Z         }
Analyze (javascript)	Initialize CodeQL	2026-05-13T21:59:30.6966829Z       }
Analyze (javascript)	Initialize CodeQL	2026-05-13T21:59:30.6966980Z     ],
Analyze (javascript)	Initialize CodeQL	2026-05-13T21:59:30.6967137Z     "actions" : [
Analyze (javascript)	Initialize CodeQL	2026-05-13T21:59:30.6967318Z       {
Analyze (javascript)	Initialize CodeQL	2026-05-13T21:59:30.6967604Z         "extractor_root" : "/opt/hostedtoolcache/CodeQL/2.25.4/x64/codeql/actions",
Analyze (javascript)	Initialize CodeQL	2026-05-13T21:59:30.6967970Z         "extractor_options" : {
Analyze (javascript)	Initialize CodeQL	2026-05-13T21:59:30.6968192Z           "trap" : {
Analyze (javascript)	Initialize CodeQL	2026-05-13T21:59:30.6968392Z             "title" : "TRAP options",
Analyze (javascript)	Initialize CodeQL	2026-05-13T21:59:30.6968738Z             "description" : "Options about how the extractor handles TRAP files",
Analyze (javascript)	Initialize CodeQL	2026-05-13T21:59:30.6969091Z             "type" : "object",
Analyze (javascript)	Initialize CodeQL	2026-05-13T21:59:30.6969313Z             "visibility" : 3,
Analyze (javascript)	Initialize CodeQL	2026-05-13T21:59:30.6969523Z             "properties" : {
Analyze (javascript)	Initialize CodeQL	2026-05-13T21:59:30.6969871Z               "cache" : {
Analyze (javascript)	Initialize CodeQL	2026-05-13T21:59:30.6970093Z                 "title" : "TRAP cache options",
Analyze (javascript)	Initialize CodeQL	2026-05-13T21:59:30.6970463Z                 "description" : "Options about how the extractor handles its TRAP cache",
Analyze (javascript)	Initialize CodeQL	2026-05-13T21:59:30.6970831Z                 "type" : "object",
Analyze (javascript)	Initialize CodeQL	2026-05-13T21:59:30.6971055Z                 "properties" : {
Analyze (javascript)	Initialize CodeQL	2026-05-13T21:59:30.6971280Z                   "dir" : {
Analyze (javascript)	Initialize CodeQL	2026-05-13T21:59:30.6971510Z                     "title" : "TRAP cache directory",
Analyze (javascript)	Initialize CodeQL	2026-05-13T21:59:30.6971852Z                     "description" : "The directory of the TRAP cache to use",
Analyze (javascript)	Initialize CodeQL	2026-05-13T21:59:30.6972170Z                     "type" : "string"
Analyze (javascript)	Initialize CodeQL	2026-05-13T21:59:30.6972387Z                   },
Analyze (javascript)	Initialize CodeQL	2026-05-13T21:59:30.6972572Z                   "bound" : {
Analyze (javascript)	Initialize CodeQL	2026-05-13T21:59:30.6972789Z                     "title" : "TRAP cache bound",
Analyze (javascript)	Initialize CodeQL	2026-05-13T21:59:30.6973144Z                     "description" : "A soft limit (in MB) on the size of the TRAP cache",
Analyze (javascript)	Initialize CodeQL	2026-05-13T21:59:30.6973509Z                     "type" : "string",
Analyze (javascript)	Initialize CodeQL	2026-05-13T21:59:30.6973748Z                     "pattern" : "[0-9]+"
Analyze (javascript)	Initialize CodeQL	2026-05-13T21:59:30.6973972Z                   },
Analyze (javascript)	Initialize CodeQL	2026-05-13T21:59:30.6974154Z                   "write" : {
Analyze (javascript)	Initialize CodeQL	2026-05-13T21:59:30.6974381Z                     "title" : "TRAP cache writeable",
Analyze (javascript)	Initialize CodeQL	2026-05-13T21:59:30.6975017Z                     "description" : "Whether to write to the TRAP cache as well as reading it",
Analyze (javascript)	Initialize CodeQL	2026-05-13T21:59:30.6975436Z                     "type" : "string",
Analyze (javascript)	Initialize CodeQL	2026-05-13T21:59:30.6975698Z                     "pattern" : "(true|TRUE|false|FALSE)"
Analyze (javascript)	Initialize CodeQL	2026-05-13T21:59:30.6975957Z                   }
Analyze (javascript)	Initialize CodeQL	2026-05-13T21:59:30.6976128Z                 }
Analyze (javascript)	Initialize CodeQL	2026-05-13T21:59:30.6976306Z               }
Analyze (javascript)	Initialize CodeQL	2026-05-13T21:59:30.6976473Z             }
Analyze (javascript)	Initialize CodeQL	2026-05-13T21:59:30.6976634Z           }
Analyze (javascript)	Initialize CodeQL	2026-05-13T21:59:30.6976793Z         }
Analyze (javascript)	Initialize CodeQL	2026-05-13T21:59:30.6976943Z       }
Analyze (javascript)	Initialize CodeQL	2026-05-13T21:59:30.6977097Z     ],
Analyze (javascript)	Initialize CodeQL	2026-05-13T21:59:30.6977254Z     "javascript" : [
Analyze (javascript)	Initialize CodeQL	2026-05-13T21:59:30.6977444Z       {
Analyze (javascript)	Initialize CodeQL	2026-05-13T21:59:30.6977742Z         "extractor_root" : "/opt/hostedtoolcache/CodeQL/2.25.4/x64/codeql/javascript",
Analyze (javascript)	Initialize CodeQL	2026-05-13T21:59:30.6978124Z         "extractor_options" : {
Analyze (javascript)	Initialize CodeQL	2026-05-13T21:59:30.6978348Z           "trap" : {
Analyze (javascript)	Initialize CodeQL	2026-05-13T21:59:30.6978547Z             "title" : "TRAP options",
Analyze (javascript)	Initialize CodeQL	2026-05-13T21:59:30.6978898Z             "description" : "Options about how the extractor handles TRAP files",
Analyze (javascript)	Initialize CodeQL	2026-05-13T21:59:30.6979799Z             "type" : "object",
Analyze (javascript)	Initialize CodeQL	2026-05-13T21:59:30.6980173Z             "visibility" : 3,
Analyze (javascript)	Initialize CodeQL	2026-05-13T21:59:30.6980538Z             "properties" : {
Analyze (javascript)	Initialize CodeQL	2026-05-13T21:59:30.6980895Z               "cache" : {
Analyze (javascript)	Initialize CodeQL	2026-05-13T21:59:30.6981262Z                 "title" : "TRAP cache options",
Analyze (javascript)	Initialize CodeQL	2026-05-13T21:59:30.6981907Z                 "description" : "Options about how the extractor handles its TRAP cache",
Analyze (javascript)	Initialize CodeQL	2026-05-13T21:59:30.6982554Z                 "type" : "object",
Analyze (javascript)	Initialize CodeQL	2026-05-13T21:59:30.6982931Z                 "properties" : {
Analyze (javascript)	Initialize CodeQL	2026-05-13T21:59:30.6983285Z                   "dir" : {
Analyze (javascript)	Initialize CodeQL	2026-05-13T21:59:30.6983540Z                     "title" : "TRAP cache directory",
Analyze (javascript)	Initialize CodeQL	2026-05-13T21:59:30.6983880Z                     "description" : "The directory of the TRAP cache to use",
Analyze (javascript)	Initialize CodeQL	2026-05-13T21:59:30.6984208Z                     "type" : "string"
Analyze (javascript)	Initialize CodeQL	2026-05-13T21:59:30.6984433Z                   },
Analyze (javascript)	Initialize CodeQL	2026-05-13T21:59:30.6984619Z                   "bound" : {
Analyze (javascript)	Initialize CodeQL	2026-05-13T21:59:30.6985211Z                     "title" : "TRAP cache bound",
Analyze (javascript)	Initialize CodeQL	2026-05-13T21:59:30.6985587Z                     "description" : "A soft limit (in MB) on the size of the TRAP cache",
Analyze (javascript)	Initialize CodeQL	2026-05-13T21:59:30.6985946Z                     "type" : "string",
Analyze (javascript)	Initialize CodeQL	2026-05-13T21:59:30.6986192Z                     "pattern" : "[0-9]+"
Analyze (javascript)	Initialize CodeQL	2026-05-13T21:59:30.6986416Z                   },
Analyze (javascript)	Initialize CodeQL	2026-05-13T21:59:30.6986600Z                   "write" : {
Analyze (javascript)	Initialize CodeQL	2026-05-13T21:59:30.6986829Z                     "title" : "TRAP cache writeable",
Analyze (javascript)	Initialize CodeQL	2026-05-13T21:59:30.6987222Z                     "description" : "Whether to write to the TRAP cache as well as reading it",
Analyze (javascript)	Initialize CodeQL	2026-05-13T21:59:30.6987598Z                     "type" : "string",
Analyze (javascript)	Initialize CodeQL	2026-05-13T21:59:30.6988034Z                     "pattern" : "(true|TRUE|false|FALSE)"
Analyze (javascript)	Initialize CodeQL	2026-05-13T21:59:30.6988296Z                   }
Analyze (javascript)	Initialize CodeQL	2026-05-13T21:59:30.6988463Z                 }
Analyze (javascript)	Initialize CodeQL	2026-05-13T21:59:30.6988630Z               }
Analyze (javascript)	Initialize CodeQL	2026-05-13T21:59:30.6988793Z             }
Analyze (javascript)	Initialize CodeQL	2026-05-13T21:59:30.6988951Z           },
Analyze (javascript)	Initialize CodeQL	2026-05-13T21:59:30.6989123Z           "skip_types" : {
Analyze (javascript)	Initialize CodeQL	2026-05-13T21:59:30.6989379Z             "title" : "Skip type extraction for TypeScript",
Analyze (javascript)	Initialize CodeQL	2026-05-13T21:59:30.6989810Z             "description" : "Whether to skip the extraction of types in a TypeScript application",
Analyze (javascript)	Initialize CodeQL	2026-05-13T21:59:30.6990325Z             "type" : "string",
Analyze (javascript)	Initialize CodeQL	2026-05-13T21:59:30.6990640Z             "pattern" : "^(false|true)$"
Analyze (javascript)	Initialize CodeQL	2026-05-13T21:59:30.6990931Z           }
Analyze (javascript)	Initialize CodeQL	2026-05-13T21:59:30.6991091Z         }
Analyze (javascript)	Initialize CodeQL	2026-05-13T21:59:30.6991239Z       }
Analyze (javascript)	Initialize CodeQL	2026-05-13T21:59:30.6991391Z     ],
Analyze (javascript)	Initialize CodeQL	2026-05-13T21:59:30.6991543Z     "ruby" : [
Analyze (javascript)	Initialize CodeQL	2026-05-13T21:59:30.6991707Z       {
Analyze (javascript)	Initialize CodeQL	2026-05-13T21:59:30.6991971Z         "extractor_root" : "/opt/hostedtoolcache/CodeQL/2.25.4/x64/codeql/ruby",
Analyze (javascript)	Initialize CodeQL	2026-05-13T21:59:30.6992336Z         "extractor_options" : {
Analyze (javascript)	Initialize CodeQL	2026-05-13T21:59:30.6992550Z           "trap" : {
Analyze (javascript)	Initialize CodeQL	2026-05-13T21:59:30.6992767Z             "title" : "Options pertaining to TRAP.",
Analyze (javascript)	Initialize CodeQL	2026-05-13T21:59:30.6993079Z             "description" : "Options pertaining to TRAP.",
Analyze (javascript)	Initialize CodeQL	2026-05-13T21:59:30.6993361Z             "type" : "object",
Analyze (javascript)	Initialize CodeQL	2026-05-13T21:59:30.6993592Z             "properties" : {
Analyze (javascript)	Initialize CodeQL	2026-05-13T21:59:30.6993808Z               "compression" : {
Analyze (javascript)	Initialize CodeQL	2026-05-13T21:59:30.6994163Z                 "title" : "Controls compression for the TRAP files written by the extractor.",
Analyze (javascript)	Initialize CodeQL	2026-05-13T21:59:30.6995471Z                 "description" : "This option is only intended for use in debugging the extractor. Accepted values are 'gzip' (the default, to write gzip-compressed TRAP) 'zstd' (to write Zstandard-compressed TRAP) and 'none' (to write uncompressed TRAP).\n",
Analyze (javascript)	Initialize CodeQL	2026-05-13T21:59:30.6996399Z                 "type" : "string",
Analyze (javascript)	Initialize CodeQL	2026-05-13T21:59:30.6996653Z                 "pattern" : "^(none|gzip|zstd)$"
Analyze (javascript)	Initialize CodeQL	2026-05-13T21:59:30.6996894Z               }
Analyze (javascript)	Initialize CodeQL	2026-05-13T21:59:30.6997061Z             }
Analyze (javascript)	Initialize CodeQL	2026-05-13T21:59:30.6997220Z           }
Analyze (javascript)	Initialize CodeQL	2026-05-13T21:59:30.6997374Z         }
Analyze (javascript)	Initialize CodeQL	2026-05-13T21:59:30.6997520Z       }
Analyze (javascript)	Initialize CodeQL	2026-05-13T21:59:30.6997671Z     ],
Analyze (javascript)	Initialize CodeQL	2026-05-13T21:59:30.6997819Z     "swift" : [
Analyze (javascript)	Initialize CodeQL	2026-05-13T21:59:30.6998111Z       {
Analyze (javascript)	Initialize CodeQL	2026-05-13T21:59:30.6998373Z         "extractor_root" : "/opt/hostedtoolcache/CodeQL/2.25.4/x64/codeql/swift"
Analyze (javascript)	Initialize CodeQL	2026-05-13T21:59:30.6998721Z       }
Analyze (javascript)	Initialize CodeQL	2026-05-13T21:59:30.6998871Z     ]
Analyze (javascript)	Initialize CodeQL	2026-05-13T21:59:30.6999021Z   }
Analyze (javascript)	Initialize CodeQL	2026-05-13T21:59:30.6999176Z }
Analyze (javascript)	Initialize CodeQL	2026-05-13T21:59:30.6999618Z Languages from configuration: javascript
Analyze (javascript)	Initialize CodeQL	2026-05-13T21:59:30.7023988Z Using Git version 2.53.0
Analyze (javascript)	Initialize CodeQL	2026-05-13T21:59:30.7437751Z Setting overlay database mode to overlay with caching because we are analyzing a pull request.
Analyze (javascript)	Initialize CodeQL	2026-05-13T21:59:31.6873094Z Using overlay database mode: overlay with caching.
Analyze (javascript)	Initialize CodeQL	2026-05-13T21:59:31.6876700Z ##[endgroup]
Analyze (javascript)	Initialize CodeQL	2026-05-13T21:59:31.6877486Z ##[group]Computing PR diff ranges
Analyze (javascript)	Initialize CodeQL	2026-05-13T21:59:32.0391697Z Persisted 14 diff range(s) across 4 file(s).
Analyze (javascript)	Initialize CodeQL	2026-05-13T21:59:32.0392435Z ##[endgroup]
Analyze (javascript)	Initialize CodeQL	2026-05-13T21:59:32.0393014Z ##[group]Checking cache for overlay-base database
Analyze (javascript)	Initialize CodeQL	2026-05-13T21:59:32.0394087Z Looking in Actions cache for overlay-base database with restore key codeql-overlay-base-database-1-999929a59a8871ce-javascript-2.25.4-
Analyze (javascript)	Initialize CodeQL	2026-05-13T21:59:32.1066630Z Cache hit for restore-key: codeql-overlay-base-database-1-999929a59a8871ce-javascript-2.25.4-5f447b52bdba0baf488e6e0f9d534ad9bcec21ae-25827549947-1
Analyze (javascript)	Initialize CodeQL	2026-05-13T21:59:32.7872444Z Received 164504193 of 164504193 (100.0%), 245.5 MBs/sec
Analyze (javascript)	Initialize CodeQL	2026-05-13T21:59:32.7873682Z Cache Size: ~157 MB (164504193 B)
Analyze (javascript)	Initialize CodeQL	2026-05-13T21:59:32.7908190Z [command]/usr/bin/tar -xf /home/runner/work/_temp/13cd0ba4-c3b6-41c5-8f31-2fe75e8e1f63/cache.tzst -P -C /home/runner/work/neo/neo --use-compress-program unzstd
Analyze (javascript)	Initialize CodeQL	2026-05-13T21:59:33.7168459Z Cache restored successfully
Analyze (javascript)	Initialize CodeQL	2026-05-13T21:59:33.7243685Z Downloaded overlay-base database in cache with key codeql-overlay-base-database-1-999929a59a8871ce-javascript-2.25.4-5f447b52bdba0baf488e6e0f9d534ad9bcec21ae-25827549947-1
Analyze (javascript)	Initialize CodeQL	2026-05-13T21:59:34.7455832Z Successfully downloaded overlay-base database to /home/runner/work/_temp/codeql_databases
Analyze (javascript)	Initialize CodeQL	2026-05-13T21:59:34.7457190Z ##[endgroup]
Analyze (javascript)	Initialize CodeQL	2026-05-13T21:59:34.7474419Z While resolving threads, found a cgroup CPUs file with 4 CPUs in /sys/fs/cgroup/cpuset.cpus.effective.
Analyze (javascript)	Initialize CodeQL	2026-05-13T21:59:35.6657342Z Writing augmented user configuration file to /home/runner/work/_temp/user-config.yaml
Analyze (javascript)	Initialize CodeQL	2026-05-13T21:59:35.6658346Z ##[group]Augmented user configuration file contents
Analyze (javascript)	Initialize CodeQL	2026-05-13T21:59:35.6671850Z query-filters:
Analyze (javascript)	Initialize CodeQL	2026-05-13T21:59:35.6672324Z   - exclude:
Analyze (javascript)	Initialize CodeQL	2026-05-13T21:59:35.6672788Z       tags: exclude-from-incremental
Analyze (javascript)	Initialize CodeQL	2026-05-13T21:59:35.6673180Z 
Analyze (javascript)	Initialize CodeQL	2026-05-13T21:59:35.6673679Z ##[endgroup]
Analyze (javascript)	Initialize CodeQL	2026-05-13T21:59:35.7134505Z Found 4 changed file(s) under /home/runner/work/neo/neo from OID comparison.
Analyze (javascript)	Initialize CodeQL	2026-05-13T21:59:35.7225785Z [command]/opt/hostedtoolcache/CodeQL/2.25.4/x64/codeql/codeql database init --db-cluster /home/runner/work/_temp/codeql_databases --source-root=/home/runner/work/neo/neo --no-calculate-baseline --extractor-include-aliases --language=javascript --codescanning-config=/home/runner/work/_temp/user-config.yaml --overlay-changes=/home/runner/work/_temp/overlay-changes.json
Analyze (javascript)	Initialize CodeQL	2026-05-13T21:59:36.9846125Z Package install location: /home/runner/.codeql/packages
Analyze (javascript)	Initialize CodeQL	2026-05-13T21:59:36.9865481Z Nothing downloaded.
Analyze (javascript)	Initialize CodeQL	2026-05-13T21:59:40.9855964Z Resolving extractor javascript.
Analyze (javascript)	Initialize CodeQL	2026-05-13T21:59:40.9888000Z Successfully loaded extractor JavaScript/TypeScript (javascript) from /opt/hostedtoolcache/CodeQL/2.25.4/x64/codeql/javascript.
Analyze (javascript)	Initialize CodeQL	2026-05-13T21:59:41.0108584Z Created skeleton CodeQL database at /home/runner/work/_temp/codeql_databases/javascript. This in-progress database is ready to be populated by an extractor.
Analyze (javascript)	Initialize CodeQL	2026-05-13T21:59:41.8384224Z Recording pack reference codeql/javascript-queries at /opt/hostedtoolcache/CodeQL/2.25.4/x64/codeql/qlpacks/codeql/javascript-queries/2.3.9.
Analyze (javascript)	Autobuild	﻿2026-05-13T21:59:43.0042735Z ##[group]Run github/codeql-action/autobuild@v4
Analyze (javascript)	Autobuild	2026-05-13T21:59:43.0043048Z with:
Analyze (javascript)	Autobuild	2026-05-13T21:59:43.0043351Z   token: ***
Analyze (javascript)	Autobuild	2026-05-13T21:59:43.0043565Z   matrix: {
Analyze (javascript)	Autobuild	  "language": "javascript"
Analyze (javascript)	Autobuild	}
Analyze (javascript)	Autobuild	2026-05-13T21:59:43.0043827Z env:
Analyze (javascript)	Autobuild	2026-05-13T21:59:43.0044019Z   FORCE_JAVASCRIPT_ACTIONS_TO_NODE24: true
Analyze (javascript)	Autobuild	2026-05-13T21:59:43.0044309Z   CODEQL_ACTION_FEATURE_MULTI_LANGUAGE: false
Analyze (javascript)	Autobuild	2026-05-13T21:59:43.0044594Z   CODEQL_ACTION_FEATURE_SANDWICH: false
Analyze (javascript)	Autobuild	2026-05-13T21:59:43.0045129Z   CODEQL_ACTION_FEATURE_SARIF_COMBINE: true
Analyze (javascript)	Autobuild	2026-05-13T21:59:43.0045414Z   CODEQL_ACTION_FEATURE_WILL_UPLOAD: true
Analyze (javascript)	Autobuild	2026-05-13T21:59:43.0045681Z   CODEQL_ACTION_VERSION: 4.35.4
Analyze (javascript)	Autobuild	2026-05-13T21:59:43.0045945Z   JOB_RUN_UUID: 8d459377-9089-43e2-854b-f8b8fe573b6c
Analyze (javascript)	Autobuild	2026-05-13T21:59:43.0046236Z   CODEQL_ACTION_INIT_HAS_RUN: true
Analyze (javascript)	Autobuild	2026-05-13T21:59:43.0046591Z   CODEQL_ACTION_ANALYSIS_KEY: .github/workflows/codeql-analysis.yml:analyze
Analyze (javascript)	Autobuild	2026-05-13T21:59:43.0047004Z   CODEQL_WORKFLOW_STARTED_AT: 2026-05-13T21:59:21.856Z
Analyze (javascript)	Autobuild	2026-05-13T21:59:43.0047295Z   CODEQL_RAM: 14579
Analyze (javascript)	Autobuild	2026-05-13T21:59:43.0047510Z   CODEQL_THREADS: 4
Analyze (javascript)	Autobuild	2026-05-13T21:59:43.0047696Z ##[endgroup]
Analyze (javascript)	Autobuild	2026-05-13T21:59:44.9162172Z None of the languages in this project require extra build steps
Analyze (javascript)	Perform CodeQL Analysis	﻿2026-05-13T21:59:45.9853586Z ##[group]Run github/codeql-action/analyze@v4
Analyze (javascript)	Perform CodeQL Analysis	2026-05-13T21:59:45.9854117Z with:
Analyze (javascript)	Perform CodeQL Analysis	2026-05-13T21:59:45.9854419Z   output: ../results
Analyze (javascript)	Perform CodeQL Analysis	2026-05-13T21:59:45.9855088Z   upload: always
Analyze (javascript)	Perform CodeQL Analysis	2026-05-13T21:59:45.9855451Z   skip-queries: false
Analyze (javascript)	Perform CodeQL Analysis	2026-05-13T21:59:45.9855853Z   checkout_path: /home/runner/work/neo/neo
Analyze (javascript)	Perform CodeQL Analysis	2026-05-13T21:59:45.9856335Z   upload-database: true
Analyze (javascript)	Perform CodeQL Analysis	2026-05-13T21:59:45.9856717Z   wait-for-processing: true
Analyze (javascript)	Perform CodeQL Analysis	2026-05-13T21:59:45.9857364Z   token: ***
Analyze (javascript)	Perform CodeQL Analysis	2026-05-13T21:59:45.9857725Z   matrix: {
Analyze (javascript)	Perform CodeQL Analysis	  "language": "javascript"
Analyze (javascript)	Perform CodeQL Analysis	}
Analyze (javascript)	Perform CodeQL Analysis	2026-05-13T21:59:45.9858195Z   expect-error: false
Analyze (javascript)	Perform CodeQL Analysis	2026-05-13T21:59:45.9858535Z env:
Analyze (javascript)	Perform CodeQL Analysis	2026-05-13T21:59:45.9858884Z   FORCE_JAVASCRIPT_ACTIONS_TO_NODE24: true
Analyze (javascript)	Perform CodeQL Analysis	2026-05-13T21:59:45.9859403Z   CODEQL_ACTION_FEATURE_MULTI_LANGUAGE: false
Analyze (javascript)	Perform CodeQL Analysis	2026-05-13T21:59:45.9860279Z   CODEQL_ACTION_FEATURE_SANDWICH: false
Analyze (javascript)	Perform CodeQL Analysis	2026-05-13T21:59:45.9860763Z   CODEQL_ACTION_FEATURE_SARIF_COMBINE: true
Analyze (javascript)	Perform CodeQL Analysis	2026-05-13T21:59:45.9861250Z   CODEQL_ACTION_FEATURE_WILL_UPLOAD: true
Analyze (javascript)	Perform CodeQL Analysis	2026-05-13T21:59:45.9861688Z   CODEQL_ACTION_VERSION: 4.35.4
Analyze (javascript)	Perform CodeQL Analysis	2026-05-13T21:59:45.9862224Z   JOB_RUN_UUID: 8d459377-9089-43e2-854b-f8b8fe573b6c
Analyze (javascript)	Perform CodeQL Analysis	2026-05-13T21:59:45.9862738Z   CODEQL_ACTION_INIT_HAS_RUN: true
Analyze (javascript)	Perform CodeQL Analysis	2026-05-13T21:59:45.9863372Z   CODEQL_ACTION_ANALYSIS_KEY: .github/workflows/codeql-analysis.yml:analyze
Analyze (javascript)	Perform CodeQL Analysis	2026-05-13T21:59:45.9864126Z   CODEQL_WORKFLOW_STARTED_AT: 2026-05-13T21:59:21.856Z
Analyze (javascript)	Perform CodeQL Analysis	2026-05-13T21:59:45.9864621Z   CODEQL_RAM: 14579
Analyze (javascript)	Perform CodeQL Analysis	2026-05-13T21:59:45.9865237Z   CODEQL_THREADS: 4
Analyze (javascript)	Perform CodeQL Analysis	2026-05-13T21:59:45.9865701Z   CODEQL_ACTION_AUTOBUILD_DID_COMPLETE_SUCCESSFULLY: true
Analyze (javascript)	Perform CodeQL Analysis	2026-05-13T21:59:45.9866220Z ##[endgroup]
Analyze (javascript)	Perform CodeQL Analysis	2026-05-13T21:59:46.9796011Z While resolving threads, found a cgroup CPUs file with 4 CPUs in /sys/fs/cgroup/cpuset.cpus.effective.
Analyze (javascript)	Perform CodeQL Analysis	2026-05-13T21:59:46.9827589Z ##[group]Generating diff range extension pack
Analyze (javascript)	Perform CodeQL Analysis	2026-05-13T21:59:46.9849066Z Successfully created diff range extension pack at /home/runner/work/_temp/pr-diff-range.
Analyze (javascript)	Perform CodeQL Analysis	2026-05-13T21:59:46.9850103Z ##[endgroup]
Analyze (javascript)	Perform CodeQL Analysis	2026-05-13T21:59:47.8667514Z ##[group]Extracting javascript
Analyze (javascript)	Perform CodeQL Analysis	2026-05-13T21:59:47.8669360Z [command]/opt/hostedtoolcache/CodeQL/2.25.4/x64/codeql/codeql database trace-command --index-traceless-dbs /home/runner/work/_temp/codeql_databases/javascript
Analyze (javascript)	Perform CodeQL Analysis	2026-05-13T21:59:48.6676336Z Running command in /home/runner/work/neo/neo: [/opt/hostedtoolcache/CodeQL/2.25.4/x64/codeql/javascript/tools/autobuild.sh]
Analyze (javascript)	Perform CodeQL Analysis	2026-05-13T21:59:48.9105211Z [2026-05-13 21:59:48] [build-stdout] Parallel extraction with 4 threads.
Analyze (javascript)	Perform CodeQL Analysis	2026-05-13T21:59:49.5931173Z [2026-05-13 21:59:49] [build-stdout] Overlay filter removed 1881 out of 1885 files from extraction.
Analyze (javascript)	Perform CodeQL Analysis	2026-05-13T21:59:49.6036253Z [2026-05-13 21:59:49] [build-stdout] Extracting /home/runner/work/neo/neo/test/playwright/unit/ai/services/memory-core/HealthService.spec.mjs
Analyze (javascript)	Perform CodeQL Analysis	2026-05-13T21:59:49.6037819Z [2026-05-13 21:59:49] [build-stdout] Extracting /home/runner/work/neo/neo/ai/services/memory-core/HealthService.mjs
Analyze (javascript)	Perform CodeQL Analysis	2026-05-13T21:59:49.6039103Z [2026-05-13 21:59:49] [build-stdout] Extracting /home/runner/work/neo/neo/ai/daemons/Orchestrator.mjs
Analyze (javascript)	Perform CodeQL Analysis	2026-05-13T21:59:49.6041454Z [2026-05-13 21:59:49] [build-stdout] Extracting /home/runner/work/neo/neo/ai/daemons/TaskDefinitions.mjs
Analyze (javascript)	Perform CodeQL Analysis	2026-05-13T21:59:49.8817731Z [2026-05-13 21:59:49] [build-stdout] Done extracting /home/runner/work/neo/neo/ai/daemons/TaskDefinitions.mjs (271 ms)
Analyze (javascript)	Perform CodeQL Analysis	2026-05-13T21:59:49.9652885Z [2026-05-13 21:59:49] [build-stdout] Done extracting /home/runner/work/neo/neo/ai/daemons/Orchestrator.mjs (361 ms)
Analyze (javascript)	Perform CodeQL Analysis	2026-05-13T21:59:50.0867999Z [2026-05-13 21:59:50] [build-stdout] Done extracting /home/runner/work/neo/neo/ai/services/memory-core/HealthService.mjs (484 ms)
Analyze (javascript)	Perform CodeQL Analysis	2026-05-13T21:59:50.1489120Z [2026-05-13 21:59:50] [build-stdout] Done extracting /home/runner/work/neo/neo/test/playwright/unit/ai/services/memory-core/HealthService.spec.mjs (546 ms)
Analyze (javascript)	Perform CodeQL Analysis	2026-05-13T21:59:50.1814294Z ##[endgroup]
Analyze (javascript)	Perform CodeQL Analysis	2026-05-13T21:59:50.1818832Z ##[group]Finalizing javascript
Analyze (javascript)	Perform CodeQL Analysis	2026-05-13T21:59:50.1820910Z [command]/opt/hostedtoolcache/CodeQL/2.25.4/x64/codeql/codeql database finalize --finalize-dataset --threads=4 --ram=14579 /home/runner/work/_temp/codeql_databases/javascript
Analyze (javascript)	Perform CodeQL Analysis	2026-05-13T21:59:50.9460147Z Running TRAP import for CodeQL database at /home/runner/work/_temp/codeql_databases/javascript...
Analyze (javascript)	Perform CodeQL Analysis	2026-05-13T21:59:51.4941748Z Importing overlay 'overlay' with shared ID pool.
Analyze (javascript)	Perform CodeQL Analysis	2026-05-13T21:59:51.9535542Z Importing TRAP files
Analyze (javascript)	Perform CodeQL Analysis	2026-05-13T21:59:52.5347568Z Merging relations
Analyze (javascript)	Perform CodeQL Analysis	2026-05-13T21:59:52.8617531Z Finished writing database (relations: 375.80 KiB; string pool: 47.02 MiB).
Analyze (javascript)	Perform CodeQL Analysis	2026-05-13T21:59:52.8932037Z TRAP import complete (1.9s).
Analyze (javascript)	Perform CodeQL Analysis	2026-05-13T21:59:52.8934006Z Merging overlay source from /home/runner/work/_temp/codeql_databases/javascript/src into /home/runner/work/_temp/codeql_databases/javascript/src.zip
Analyze (javascript)	Perform CodeQL Analysis	2026-05-13T21:59:52.9836162Z Deleting overlay source directory /home/runner/work/_temp/codeql_databases/javascript/src
Analyze (javascript)	Perform CodeQL Analysis	2026-05-13T21:59:53.1429984Z Finished zipping source archive (3.22 MiB).
Analyze (javascript)	Perform CodeQL Analysis	2026-05-13T21:59:53.1520332Z ##[endgroup]
Analyze (javascript)	Perform CodeQL Analysis	2026-05-13T21:59:53.1525578Z ##[group]Running queries for javascript
Analyze (javascript)	Perform CodeQL Analysis	2026-05-13T21:59:53.1528805Z [command]/opt/hostedtoolcache/CodeQL/2.25.4/x64/codeql/codeql database run-queries --ram=14579 --threads=4 --expect-discarded-cache --additional-packs=/home/runner/work/_temp/pr-diff-range --extension-packs=codeql-action/pr-diff-range /home/runner/work/_temp/codeql_databases/javascript --min-disk-free=1024 -v
Analyze (javascript)	Perform CodeQL Analysis	2026-05-13T21:59:53.8926547Z Writing logs to /home/runner/work/_temp/codeql_databases/javascript/log/overlay/database-run-queries-20260513.215953.889.log.
Analyze (javascript)	Perform CodeQL Analysis	2026-05-13T21:59:54.5500933Z Writing logs to /home/runner/work/_temp/codeql_databases/javascript/log/overlay/execute-queries-20260513.215954.547.log.
Analyze (javascript)	Perform CodeQL Analysis	2026-05-13T21:59:54.8831285Z Recording pack reference codeql/javascript-queries at /opt/hostedtoolcache/CodeQL/2.25.4/x64/codeql/qlpacks/codeql/javascript-queries/2.3.9.
Analyze (javascript)	Perform CodeQL Analysis	2026-05-13T21:59:55.1322732Z Resolving data extensions.
Analyze (javascript)	Perform CodeQL Analysis	2026-05-13T21:59:55.5376624Z Finished resolving data extensions.
Analyze (javascript)	Perform CodeQL Analysis	2026-05-13T21:59:55.6006239Z Loading data extensions.
Analyze (javascript)	Perform CodeQL Analysis	2026-05-13T21:59:55.6741611Z Finished loading data extensions.
Analyze (javascript)	Perform CodeQL Analysis	2026-05-13T21:59:57.6078825Z [1/88] Loaded /opt/hostedtoolcache/CodeQL/2.25.4/x64/codeql/qlpacks/codeql/javascript-queries/2.3.9/Electron/AllowRunningInsecureContent.qlx.
Analyze (javascript)	Perform CodeQL Analysis	2026-05-13T21:59:57.6341030Z [2/88] Loaded /opt/hostedtoolcache/CodeQL/2.25.4/x64/codeql/qlpacks/codeql/javascript-queries/2.3.9/AngularJS/DisablingSce.qlx.
Analyze (javascript)	Perform CodeQL Analysis	2026-05-13T21:59:57.6483596Z [3/88] Loaded /opt/hostedtoolcache/CodeQL/2.25.4/x64/codeql/qlpacks/codeql/javascript-queries/2.3.9/AngularJS/DoubleCompilation.qlx.
Analyze (javascript)	Perform CodeQL Analysis	2026-05-13T21:59:57.6892583Z [4/88] Loaded /opt/hostedtoolcache/CodeQL/2.25.4/x64/codeql/qlpacks/codeql/javascript-queries/2.3.9/AngularJS/InsecureUrlWhitelist.qlx.
Analyze (javascript)	Perform CodeQL Analysis	2026-05-13T21:59:57.8065282Z [5/88] Loaded /opt/hostedtoolcache/CodeQL/2.25.4/x64/codeql/qlpacks/codeql/javascript-queries/2.3.9/Security/CWE-200/PrivateFileExposure.qlx.
Analyze (javascript)	Perform CodeQL Analysis	2026-05-13T21:59:57.8356131Z [6/88] Loaded /opt/hostedtoolcache/CodeQL/2.25.4/x64/codeql/qlpacks/codeql/javascript-queries/2.3.9/Electron/DisablingWebSecurity.qlx.
Analyze (javascript)	Perform CodeQL Analysis	2026-05-13T21:59:58.1146316Z [7/88] Loaded /opt/hostedtoolcache/CodeQL/2.25.4/x64/codeql/qlpacks/codeql/javascript-queries/2.3.9/Security/CWE-730/ServerCrash.qlx.
Analyze (javascript)	Perform CodeQL Analysis	2026-05-13T21:59:59.0586466Z [8/88] Loaded /opt/hostedtoolcache/CodeQL/2.25.4/x64/codeql/qlpacks/codeql/javascript-queries/2.3.9/Security/CWE-730/RegExpInjection.qlx.
Analyze (javascript)	Perform CodeQL Analysis	2026-05-13T21:59:59.0916590Z [9/88] Loaded /opt/hostedtoolcache/CodeQL/2.25.4/x64/codeql/qlpacks/codeql/javascript-queries/2.3.9/Security/CWE-916/InsufficientPasswordHash.qlx.
Analyze (javascript)	Perform CodeQL Analysis	2026-05-13T21:59:59.1186218Z [10/88] Loaded /opt/hostedtoolcache/CodeQL/2.25.4/x64/codeql/qlpacks/codeql/javascript-queries/2.3.9/Security/CWE-834/LoopBoundInjection.qlx.
Analyze (javascript)	Perform CodeQL Analysis	2026-05-13T21:59:59.2136237Z [11/88] Loaded /opt/hostedtoolcache/CodeQL/2.25.4/x64/codeql/qlpacks/codeql/javascript-queries/2.3.9/Security/CWE-601/ClientSideUrlRedirect.qlx.
Analyze (javascript)	Perform CodeQL Analysis	2026-05-13T21:59:59.2556191Z [12/88] Loaded /opt/hostedtoolcache/CodeQL/2.25.4/x64/codeql/qlpacks/codeql/javascript-queries/2.3.9/Security/CWE-116/DoubleEscaping.qlx.
Analyze (javascript)	Perform CodeQL Analysis	2026-05-13T21:59:59.4536400Z [13/88] Loaded /opt/hostedtoolcache/CodeQL/2.25.4/x64/codeql/qlpacks/codeql/javascript-queries/2.3.9/Security/CWE-116/UnsafeHtmlExpansion.qlx.
Analyze (javascript)	Perform CodeQL Analysis	2026-05-13T21:59:59.6006684Z [14/88] Loaded /opt/hostedtoolcache/CodeQL/2.25.4/x64/codeql/qlpacks/codeql/javascript-queries/2.3.9/Security/CWE-116/IncompleteMultiCharacterSanitization.qlx.
Analyze (javascript)	Perform CodeQL Analysis	2026-05-13T21:59:59.6066500Z [15/88] Loaded /opt/hostedtoolcache/CodeQL/2.25.4/x64/codeql/qlpacks/codeql/javascript-queries/2.3.9/Security/CWE-116/IncompleteHtmlAttributeSanitization.qlx.
Analyze (javascript)	Perform CodeQL Analysis	2026-05-13T21:59:59.6206094Z [16/88] Loaded /opt/hostedtoolcache/CodeQL/2.25.4/x64/codeql/qlpacks/codeql/javascript-queries/2.3.9/Security/CWE-601/ServerSideUrlRedirect.qlx.
Analyze (javascript)	Perform CodeQL Analysis	2026-05-13T21:59:59.7036446Z [17/88] Loaded /opt/hostedtoolcache/CodeQL/2.25.4/x64/codeql/qlpacks/codeql/javascript-queries/2.3.9/Security/CWE-116/BadTagFilter.qlx.
Analyze (javascript)	Perform CodeQL Analysis	2026-05-13T21:59:59.7486336Z [18/88] Loaded /opt/hostedtoolcache/CodeQL/2.25.4/x64/codeql/qlpacks/codeql/javascript-queries/2.3.9/Security/CWE-116/IncompleteSanitization.qlx.
Analyze (javascript)	Perform CodeQL Analysis	2026-05-13T21:59:59.8196230Z [19/88] Loaded /opt/hostedtoolcache/CodeQL/2.25.4/x64/codeql/qlpacks/codeql/javascript-queries/2.3.9/Security/CWE-338/InsecureRandomness.qlx.
Analyze (javascript)	Perform CodeQL Analysis	2026-05-13T22:00:00.1623513Z [20/88] Loaded /opt/hostedtoolcache/CodeQL/2.25.4/x64/codeql/qlpacks/codeql/javascript-queries/2.3.9/Security/CWE-346/CorsMisconfigurationForCredentials.qlx.
Analyze (javascript)	Perform CodeQL Analysis	2026-05-13T22:00:00.2039341Z [21/88] Loaded /opt/hostedtoolcache/CodeQL/2.25.4/x64/codeql/qlpacks/codeql/javascript-queries/2.3.9/Security/CWE-829/InsecureDownload.qlx.
Analyze (javascript)	Perform CodeQL Analysis	2026-05-13T22:00:00.2181908Z [22/88] Loaded /opt/hostedtoolcache/CodeQL/2.25.4/x64/codeql/qlpacks/codeql/javascript-queries/2.3.9/Security/CWE-400/DeepObjectResourceExhaustion.qlx.
Analyze (javascript)	Perform CodeQL Analysis	2026-05-13T22:00:00.2966342Z [23/88] Loaded /opt/hostedtoolcache/CodeQL/2.25.4/x64/codeql/qlpacks/codeql/javascript-queries/2.3.9/Security/CWE-078/SecondOrderCommandInjection.qlx.
Analyze (javascript)	Perform CodeQL Analysis	2026-05-13T22:00:00.3513247Z [24/88] Loaded /opt/hostedtoolcache/CodeQL/2.25.4/x64/codeql/qlpacks/codeql/javascript-queries/2.3.9/Security/CWE-078/UselessUseOfCat.qlx.
Analyze (javascript)	Perform CodeQL Analysis	2026-05-13T22:00:00.4636488Z [25/88] Loaded /opt/hostedtoolcache/CodeQL/2.25.4/x64/codeql/qlpacks/codeql/javascript-queries/2.3.9/Security/CWE-078/UnsafeShellCommandConstruction.qlx.
Analyze (javascript)	Perform CodeQL Analysis	2026-05-13T22:00:00.4896512Z [26/88] Loaded /opt/hostedtoolcache/CodeQL/2.25.4/x64/codeql/qlpacks/codeql/javascript-queries/2.3.9/Security/CWE-078/ShellCommandInjectionFromEnvironment.qlx.
Analyze (javascript)	Perform CodeQL Analysis	2026-05-13T22:00:00.6996460Z [27/88] Loaded /opt/hostedtoolcache/CodeQL/2.25.4/x64/codeql/qlpacks/codeql/javascript-queries/2.3.9/Security/CWE-614/ClearTextCookie.qlx.
Analyze (javascript)	Perform CodeQL Analysis	2026-05-13T22:00:00.7226353Z [28/88] Loaded /opt/hostedtoolcache/CodeQL/2.25.4/x64/codeql/qlpacks/codeql/javascript-queries/2.3.9/Security/CWE-078/CommandInjection.qlx.
Analyze (javascript)	Perform CodeQL Analysis	2026-05-13T22:00:00.7866380Z [29/88] Loaded /opt/hostedtoolcache/CodeQL/2.25.4/x64/codeql/qlpacks/codeql/javascript-queries/2.3.9/Security/CWE-1004/ClientExposedCookie.qlx.
Analyze (javascript)	Perform CodeQL Analysis	2026-05-13T22:00:00.8008938Z [30/88] Loaded /opt/hostedtoolcache/CodeQL/2.25.4/x64/codeql/qlpacks/codeql/javascript-queries/2.3.9/Security/CWE-347/MissingJWTKeyVerification.qlx.
Analyze (javascript)	Perform CodeQL Analysis	2026-05-13T22:00:00.8986250Z [31/88] Loaded /opt/hostedtoolcache/CodeQL/2.25.4/x64/codeql/qlpacks/codeql/javascript-queries/2.3.9/Security/CWE-209/StackTraceExposure.qlx.
Analyze (javascript)	Perform CodeQL Analysis	2026-05-13T22:00:00.9616483Z [32/88] Loaded /opt/hostedtoolcache/CodeQL/2.25.4/x64/codeql/qlpacks/codeql/javascript-queries/2.3.9/Security/CWE-502/UnsafeDeserialization.qlx.
Analyze (javascript)	Perform CodeQL Analysis	2026-05-13T22:00:01.1099194Z [33/88] Loaded /opt/hostedtoolcache/CodeQL/2.25.4/x64/codeql/qlpacks/codeql/javascript-queries/2.3.9/Security/CWE-598/SensitiveGetQuery.qlx.
Analyze (javascript)	Perform CodeQL Analysis	2026-05-13T22:00:01.1395399Z [34/88] Loaded /opt/hostedtoolcache/CodeQL/2.25.4/x64/codeql/qlpacks/codeql/javascript-queries/2.3.9/Security/CWE-020/IncompleteHostnameRegExp.qlx.
Analyze (javascript)	Perform CodeQL Analysis	2026-05-13T22:00:01.1677637Z [35/88] Loaded /opt/hostedtoolcache/CodeQL/2.25.4/x64/codeql/qlpacks/codeql/javascript-queries/2.3.9/Security/CWE-611/Xxe.qlx.
Analyze (javascript)	Perform CodeQL Analysis	2026-05-13T22:00:01.2326243Z [36/88] Loaded /opt/hostedtoolcache/CodeQL/2.25.4/x64/codeql/qlpacks/codeql/javascript-queries/2.3.9/Security/CWE-020/IncompleteUrlSchemeCheck.qlx.
Analyze (javascript)	Perform CodeQL Analysis	2026-05-13T22:00:01.2436485Z [37/88] Loaded /opt/hostedtoolcache/CodeQL/2.25.4/x64/codeql/qlpacks/codeql/javascript-queries/2.3.9/Security/CWE-020/IncorrectSuffixCheck.qlx.
Analyze (javascript)	Perform CodeQL Analysis	2026-05-13T22:00:01.2667206Z [38/88] Loaded /opt/hostedtoolcache/CodeQL/2.25.4/x64/codeql/qlpacks/codeql/javascript-queries/2.3.9/Security/CWE-020/OverlyLargeRange.qlx.
Analyze (javascript)	Perform CodeQL Analysis	2026-05-13T22:00:01.2726051Z [39/88] Loaded /opt/hostedtoolcache/CodeQL/2.25.4/x64/codeql/qlpacks/codeql/javascript-queries/2.3.9/Security/CWE-843/TypeConfusionThroughParameterTampering.qlx.
Analyze (javascript)	Perform CodeQL Analysis	2026-05-13T22:00:01.3136240Z [40/88] Loaded /opt/hostedtoolcache/CodeQL/2.25.4/x64/codeql/qlpacks/codeql/javascript-queries/2.3.9/Security/CWE-020/IncompleteUrlSubstringSanitization.qlx.
Analyze (javascript)	Perform CodeQL Analysis	2026-05-13T22:00:01.3522531Z [41/88] Loaded /opt/hostedtoolcache/CodeQL/2.25.4/x64/codeql/qlpacks/codeql/javascript-queries/2.3.9/Security/CWE-020/UselessRegExpCharacterEscape.qlx.
Analyze (javascript)	Perform CodeQL Analysis	2026-05-13T22:00:01.5217727Z [42/88] Loaded /opt/hostedtoolcache/CodeQL/2.25.4/x64/codeql/qlpacks/codeql/javascript-queries/2.3.9/Security/CWE-134/TaintedFormatString.qlx.
Analyze (javascript)	Perform CodeQL Analysis	2026-05-13T22:00:01.7526473Z [43/88] Loaded /opt/hostedtoolcache/CodeQL/2.25.4/x64/codeql/qlpacks/codeql/javascript-queries/2.3.9/Security/CWE-312/CleartextStorage.qlx.
Analyze (javascript)	Perform CodeQL Analysis	2026-05-13T22:00:01.7536779Z [44/88] Loaded /opt/hostedtoolcache/CodeQL/2.25.4/x64/codeql/qlpacks/codeql/javascript-queries/2.3.9/Security/CWE-312/BuildArtifactLeak.qlx.
Analyze (javascript)	Perform CodeQL Analysis	2026-05-13T22:00:01.8141877Z [45/88] Loaded /opt/hostedtoolcache/CodeQL/2.25.4/x64/codeql/qlpacks/codeql/javascript-queries/2.3.9/Security/CWE-312/CleartextLogging.qlx.
Analyze (javascript)	Perform CodeQL Analysis	2026-05-13T22:00:01.8428761Z [46/88] Loaded /opt/hostedtoolcache/CodeQL/2.25.4/x64/codeql/qlpacks/codeql/javascript-queries/2.3.9/Security/CWE-178/CaseSensitiveMiddlewarePath.qlx.
Analyze (javascript)	Perform CodeQL Analysis	2026-05-13T22:00:02.0527127Z [47/88] Loaded /opt/hostedtoolcache/CodeQL/2.25.4/x64/codeql/qlpacks/codeql/javascript-queries/2.3.9/Security/CWE-942/CorsPermissiveConfiguration.qlx.
Analyze (javascript)	Perform CodeQL Analysis	2026-05-13T22:00:02.1436439Z [48/88] Loaded /opt/hostedtoolcache/CodeQL/2.25.4/x64/codeql/qlpacks/codeql/javascript-queries/2.3.9/Security/CWE-643/XpathInjection.qlx.
Analyze (javascript)	Perform CodeQL Analysis	2026-05-13T22:00:02.1819732Z [49/88] Loaded /opt/hostedtoolcache/CodeQL/2.25.4/x64/codeql/qlpacks/codeql/javascript-queries/2.3.9/Security/CWE-094/UnsafeDynamicMethodAccess.qlx.
Analyze (javascript)	Perform CodeQL Analysis	2026-05-13T22:00:02.3536414Z [50/88] Loaded /opt/hostedtoolcache/CodeQL/2.25.4/x64/codeql/qlpacks/codeql/javascript-queries/2.3.9/Security/CWE-094/CodeInjection.qlx.
Analyze (javascript)	Perform CodeQL Analysis	2026-05-13T22:00:02.4296512Z [51/88] Loaded /opt/hostedtoolcache/CodeQL/2.25.4/x64/codeql/qlpacks/codeql/javascript-queries/2.3.9/Security/CWE-201/PostMessageStar.qlx.
Analyze (javascript)	Perform CodeQL Analysis	2026-05-13T22:00:02.4446373Z [52/88] Loaded /opt/hostedtoolcache/CodeQL/2.25.4/x64/codeql/qlpacks/codeql/javascript-queries/2.3.9/Security/CWE-094/ImproperCodeSanitization.qlx.
Analyze (javascript)	Perform CodeQL Analysis	2026-05-13T22:00:02.5491266Z [53/88] Loaded /opt/hostedtoolcache/CodeQL/2.25.4/x64/codeql/qlpacks/codeql/javascript-queries/2.3.9/Security/CWE-918/RequestForgery.qlx.
Analyze (javascript)	Perform CodeQL Analysis	2026-05-13T22:00:02.6666382Z [54/88] Loaded /opt/hostedtoolcache/CodeQL/2.25.4/x64/codeql/qlpacks/codeql/javascript-queries/2.3.9/Security/CWE-073/TemplateObjectInjection.qlx.
Analyze (javascript)	Perform CodeQL Analysis	2026-05-13T22:00:02.6688619Z [55/88] Loaded /opt/hostedtoolcache/CodeQL/2.25.4/x64/codeql/qlpacks/codeql/javascript-queries/2.3.9/Security/CWE-640/HostHeaderPoisoningInEmailGeneration.qlx.
Analyze (javascript)	Perform CodeQL Analysis	2026-05-13T22:00:02.9307325Z [56/88] Loaded /opt/hostedtoolcache/CodeQL/2.25.4/x64/codeql/qlpacks/codeql/javascript-queries/2.3.9/Security/CWE-022/ZipSlip.qlx.
Analyze (javascript)	Perform CodeQL Analysis	2026-05-13T22:00:02.9596250Z [57/88] Loaded /opt/hostedtoolcache/CodeQL/2.25.4/x64/codeql/qlpacks/codeql/javascript-queries/2.3.9/Security/CWE-022/TaintedPath.qlx.
Analyze (javascript)	Perform CodeQL Analysis	2026-05-13T22:00:02.9896224Z [58/88] Loaded /opt/hostedtoolcache/CodeQL/2.25.4/x64/codeql/qlpacks/codeql/javascript-queries/2.3.9/Security/CWE-915/PrototypePollutingFunction.qlx.
Analyze (javascript)	Perform CodeQL Analysis	2026-05-13T22:00:03.0466186Z [59/88] Loaded /opt/hostedtoolcache/CodeQL/2.25.4/x64/codeql/qlpacks/codeql/javascript-queries/2.3.9/Security/CWE-326/InsufficientKeySize.qlx.
Analyze (javascript)	Perform CodeQL Analysis	2026-05-13T22:00:03.1026458Z [60/88] Loaded /opt/hostedtoolcache/CodeQL/2.25.4/x64/codeql/qlpacks/codeql/javascript-queries/2.3.9/Security/CWE-915/PrototypePollutingMergeCall.qlx.
Analyze (javascript)	Perform CodeQL Analysis	2026-05-13T22:00:03.2111157Z [61/88] Loaded /opt/hostedtoolcache/CodeQL/2.25.4/x64/codeql/qlpacks/codeql/javascript-queries/2.3.9/Security/CWE-079/XssThroughDom.qlx.
Analyze (javascript)	Perform CodeQL Analysis	2026-05-13T22:00:03.2306554Z [62/88] Loaded /opt/hostedtoolcache/CodeQL/2.25.4/x64/codeql/qlpacks/codeql/javascript-queries/2.3.9/Security/CWE-915/PrototypePollutingAssignment.qlx.
Analyze (javascript)	Perform CodeQL Analysis	2026-05-13T22:00:03.4516448Z [63/88] Loaded /opt/hostedtoolcache/CodeQL/2.25.4/x64/codeql/qlpacks/codeql/javascript-queries/2.3.9/Security/CWE-079/ExceptionXss.qlx.
Analyze (javascript)	Perform CodeQL Analysis	2026-05-13T22:00:03.5242581Z [64/88] Loaded /opt/hostedtoolcache/CodeQL/2.25.4/x64/codeql/qlpacks/codeql/javascript-queries/2.3.9/Security/CWE-079/StoredXss.qlx.
Analyze (javascript)	Perform CodeQL Analysis	2026-05-13T22:00:03.5738534Z [65/88] Loaded /opt/hostedtoolcache/CodeQL/2.25.4/x64/codeql/qlpacks/codeql/javascript-queries/2.3.9/Security/CWE-079/UnsafeJQueryPlugin.qlx.
Analyze (javascript)	Perform CodeQL Analysis	2026-05-13T22:00:03.6324554Z [66/88] Loaded /opt/hostedtoolcache/CodeQL/2.25.4/x64/codeql/qlpacks/codeql/javascript-queries/2.3.9/Security/CWE-079/Xss.qlx.
Analyze (javascript)	Perform CodeQL Analysis	2026-05-13T22:00:03.6482791Z [67/88] Loaded /opt/hostedtoolcache/CodeQL/2.25.4/x64/codeql/qlpacks/codeql/javascript-queries/2.3.9/Security/CWE-079/ReflectedXss.qlx.
Analyze (javascript)	Perform CodeQL Analysis	2026-05-13T22:00:03.7034516Z [68/88] Loaded /opt/hostedtoolcache/CodeQL/2.25.4/x64/codeql/qlpacks/codeql/javascript-queries/2.3.9/Security/CWE-079/UnsafeHtmlConstruction.qlx.
Analyze (javascript)	Perform CodeQL Analysis	2026-05-13T22:00:03.9126256Z [69/88] Loaded /opt/hostedtoolcache/CodeQL/2.25.4/x64/codeql/qlpacks/codeql/javascript-queries/2.3.9/Security/CWE-693/InsecureHelmet.qlx.
Analyze (javascript)	Perform CodeQL Analysis	2026-05-13T22:00:03.9626399Z [70/88] Loaded /opt/hostedtoolcache/CodeQL/2.25.4/x64/codeql/qlpacks/codeql/javascript-queries/2.3.9/Security/CWE-776/XmlBomb.qlx.
Analyze (javascript)	Perform CodeQL Analysis	2026-05-13T22:00:03.9656667Z [71/88] Loaded /opt/hostedtoolcache/CodeQL/2.25.4/x64/codeql/qlpacks/codeql/javascript-queries/2.3.9/Security/CWE-352/MissingCsrfMiddleware.qlx.
Analyze (javascript)	Perform CodeQL Analysis	2026-05-13T22:00:03.9836071Z [72/88] Loaded /opt/hostedtoolcache/CodeQL/2.25.4/x64/codeql/qlpacks/codeql/javascript-queries/2.3.9/Security/CWE-327/BadRandomness.qlx.
Analyze (javascript)	Perform CodeQL Analysis	2026-05-13T22:00:04.0445584Z [73/88] Loaded /opt/hostedtoolcache/CodeQL/2.25.4/x64/codeql/qlpacks/codeql/javascript-queries/2.3.9/Security/CWE-754/UnvalidatedDynamicMethodCall.qlx.
Analyze (javascript)	Perform CodeQL Analysis	2026-05-13T22:00:04.0577018Z [74/88] Loaded /opt/hostedtoolcache/CodeQL/2.25.4/x64/codeql/qlpacks/codeql/javascript-queries/2.3.9/Security/CWE-830/FunctionalityFromUntrustedDomain.qlx.
Analyze (javascript)	Perform CodeQL Analysis	2026-05-13T22:00:04.0966561Z [75/88] Loaded /opt/hostedtoolcache/CodeQL/2.25.4/x64/codeql/qlpacks/codeql/javascript-queries/2.3.9/Security/CWE-830/FunctionalityFromUntrustedSource.qlx.
Analyze (javascript)	Perform CodeQL Analysis	2026-05-13T22:00:04.1026135Z [76/88] Loaded /opt/hostedtoolcache/CodeQL/2.25.4/x64/codeql/qlpacks/codeql/javascript-queries/2.3.9/Security/CWE-327/BrokenCryptoAlgorithm.qlx.
Analyze (javascript)	Perform CodeQL Analysis	2026-05-13T22:00:04.1070664Z [77/88] Loaded /opt/hostedtoolcache/CodeQL/2.25.4/x64/codeql/qlpacks/codeql/javascript-queries/2.3.9/Security/CWE-300/InsecureDependencyResolution.qlx.
Analyze (javascript)	Perform CodeQL Analysis	2026-05-13T22:00:04.1320471Z [78/88] Loaded /opt/hostedtoolcache/CodeQL/2.25.4/x64/codeql/qlpacks/codeql/javascript-queries/2.3.9/Security/CWE-295/DisablingCertificateValidation.qlx.
Analyze (javascript)	Perform CodeQL Analysis	2026-05-13T22:00:04.1737965Z [79/88] Loaded /opt/hostedtoolcache/CodeQL/2.25.4/x64/codeql/qlpacks/codeql/javascript-queries/2.3.9/Security/CWE-770/MissingRateLimiting.qlx.
Analyze (javascript)	Perform CodeQL Analysis	2026-05-13T22:00:04.2506262Z [80/88] Loaded /opt/hostedtoolcache/CodeQL/2.25.4/x64/codeql/qlpacks/codeql/javascript-queries/2.3.9/Performance/ReDoS.qlx.
Analyze (javascript)	Perform CodeQL Analysis	2026-05-13T22:00:04.4544242Z [81/88] Loaded /opt/hostedtoolcache/CodeQL/2.25.4/x64/codeql/qlpacks/codeql/javascript-queries/2.3.9/RegExp/IdentityReplacement.qlx.
Analyze (javascript)	Perform CodeQL Analysis	2026-05-13T22:00:04.4579245Z [82/88] Loaded /opt/hostedtoolcache/CodeQL/2.25.4/x64/codeql/qlpacks/codeql/javascript-queries/2.3.9/Security/CWE-770/ResourceExhaustion.qlx.
Analyze (javascript)	Perform CodeQL Analysis	2026-05-13T22:00:04.4728988Z [83/88] Loaded /opt/hostedtoolcache/CodeQL/2.25.4/x64/codeql/qlpacks/codeql/javascript-queries/2.3.9/Diagnostics/ExtractionErrors.qlx.
Analyze (javascript)	Perform CodeQL Analysis	2026-05-13T22:00:04.4760900Z [84/88] Loaded /opt/hostedtoolcache/CodeQL/2.25.4/x64/codeql/qlpacks/codeql/javascript-queries/2.3.9/Diagnostics/ExtractedFiles.qlx.
Analyze (javascript)	Perform CodeQL Analysis	2026-05-13T22:00:04.4776033Z [85/88] Loaded /opt/hostedtoolcache/CodeQL/2.25.4/x64/codeql/qlpacks/codeql/javascript-queries/2.3.9/Security/CWE-089/SqlInjection.qlx.
Analyze (javascript)	Perform CodeQL Analysis	2026-05-13T22:00:04.4836188Z [86/88] Loaded /opt/hostedtoolcache/CodeQL/2.25.4/x64/codeql/qlpacks/codeql/javascript-queries/2.3.9/Summary/LinesOfCode.qlx.
Analyze (javascript)	Perform CodeQL Analysis	2026-05-13T22:00:04.5072876Z [87/88] Loaded /opt/hostedtoolcache/CodeQL/2.25.4/x64/codeql/qlpacks/codeql/javascript-queries/2.3.9/Performance/PolynomialReDoS.qlx.
Analyze (javascript)	Perform CodeQL Analysis	2026-05-13T22:00:04.5233925Z [88/88] Loaded /opt/hostedtoolcache/CodeQL/2.25.4/x64/codeql/qlpacks/codeql/javascript-queries/2.3.9/Summary/LinesOfUserCode.qlx.
Analyze (javascript)	Perform CodeQL Analysis	2026-05-13T22:00:05.6254483Z Starting evaluation of codeql/javascript-queries/AngularJS/DisablingSce.ql.
Analyze (javascript)	Perform CodeQL Analysis	2026-05-13T22:00:05.6256846Z Starting evaluation of codeql/javascript-queries/AngularJS/DoubleCompilation.ql.
Analyze (javascript)	Perform CodeQL Analysis	2026-05-13T22:00:05.6258851Z Starting evaluation of codeql/javascript-queries/AngularJS/InsecureUrlWhitelist.ql.
Analyze (javascript)	Perform CodeQL Analysis	2026-05-13T22:00:05.6260348Z Starting evaluation of codeql/javascript-queries/Diagnostics/ExtractedFiles.ql.
Analyze (javascript)	Perform CodeQL Analysis	2026-05-13T22:00:05.6306729Z Starting evaluation of codeql/javascript-queries/Diagnostics/ExtractionErrors.ql.
Analyze (javascript)	Perform CodeQL Analysis	2026-05-13T22:00:05.6310527Z Starting evaluation of codeql/javascript-queries/Electron/DisablingWebSecurity.ql.
Analyze (javascript)	Perform CodeQL Analysis	2026-05-13T22:00:05.6311655Z Starting evaluation of codeql/javascript-queries/Electron/AllowRunningInsecureContent.ql.
Analyze (javascript)	Perform CodeQL Analysis	2026-05-13T22:00:05.6319623Z Starting evaluation of codeql/javascript-queries/Performance/PolynomialReDoS.ql.
Analyze (javascript)	Perform CodeQL Analysis	2026-05-13T22:00:06.5446300Z [1/88 eval 897ms] Evaluation done; writing results to codeql/javascript-queries/Diagnostics/ExtractionErrors.bqrs.
Analyze (javascript)	Perform CodeQL Analysis	2026-05-13T22:00:06.5545905Z [2/88 eval 929ms] Evaluation done; writing results to codeql/javascript-queries/Diagnostics/ExtractedFiles.bqrs.
Analyze (javascript)	Perform CodeQL Analysis	2026-05-13T22:00:09.3502537Z [3/88 eval 3.7s] Evaluation done; writing results to codeql/javascript-queries/AngularJS/DisablingSce.bqrs.
Analyze (javascript)	Perform CodeQL Analysis	2026-05-13T22:00:09.4226301Z [4/88 eval 3.8s] Evaluation done; writing results to codeql/javascript-queries/AngularJS/DoubleCompilation.bqrs.
Analyze (javascript)	Perform CodeQL Analysis	2026-05-13T22:00:09.4248662Z [5/88 eval 3.8s] Evaluation done; writing results to codeql/javascript-queries/AngularJS/InsecureUrlWhitelist.bqrs.
Analyze (javascript)	Perform CodeQL Analysis	2026-05-13T22:00:09.4856305Z [6/88 eval 3.9s] Evaluation done; writing results to codeql/javascript-queries/Electron/DisablingWebSecurity.bqrs.
Analyze (javascript)	Perform CodeQL Analysis	2026-05-13T22:00:09.4885956Z [7/88 eval 3.9s] Evaluation done; writing results to codeql/javascript-queries/Electron/AllowRunningInsecureContent.bqrs.
Analyze (javascript)	Perform CodeQL Analysis	2026-05-13T22:00:11.8575997Z Starting evaluation of codeql/javascript-queries/Performance/ReDoS.ql.
Analyze (javascript)	Perform CodeQL Analysis	2026-05-13T22:00:11.8625737Z Starting evaluation of codeql/javascript-queries/RegExp/IdentityReplacement.ql.
Analyze (javascript)	Perform CodeQL Analysis	2026-05-13T22:00:12.4850026Z Starting evaluation of codeql/javascript-queries/Security/CWE-020/IncompleteHostnameRegExp.ql.
Analyze (javascript)	Perform CodeQL Analysis	2026-05-13T22:00:12.4943470Z Starting evaluation of codeql/javascript-queries/Security/CWE-020/IncompleteUrlSchemeCheck.ql.
Analyze (javascript)	Perform CodeQL Analysis	2026-05-13T22:00:12.5000004Z Starting evaluation of codeql/javascript-queries/Security/CWE-020/IncompleteUrlSubstringSanitization.ql.
Analyze (javascript)	Perform CodeQL Analysis	2026-05-13T22:00:12.5190361Z [8/88 eval 655ms] Evaluation done; writing results to codeql/javascript-queries/RegExp/IdentityReplacement.bqrs.
Analyze (javascript)	Perform CodeQL Analysis	2026-05-13T22:00:12.6733637Z Starting evaluation of codeql/javascript-queries/Security/CWE-020/IncorrectSuffixCheck.ql.
Analyze (javascript)	Perform CodeQL Analysis	2026-05-13T22:00:12.6752959Z Starting evaluation of codeql/javascript-queries/Security/CWE-020/OverlyLargeRange.ql.
Analyze (javascript)	Perform CodeQL Analysis	2026-05-13T22:00:12.9445065Z Starting evaluation of codeql/javascript-queries/Security/CWE-020/UselessRegExpCharacterEscape.ql.
Analyze (javascript)	Perform CodeQL Analysis	2026-05-13T22:00:12.9485748Z Starting evaluation of codeql/javascript-queries/Security/CWE-022/TaintedPath.ql.
Analyze (javascript)	Perform CodeQL Analysis	2026-05-13T22:00:13.2780246Z Starting evaluation of codeql/javascript-queries/Security/CWE-022/ZipSlip.ql.
Analyze (javascript)	Perform CodeQL Analysis	2026-05-13T22:00:13.2796539Z Starting evaluation of codeql/javascript-queries/Security/CWE-073/TemplateObjectInjection.ql.
Analyze (javascript)	Perform CodeQL Analysis	2026-05-13T22:00:13.3764267Z Starting evaluation of codeql/javascript-queries/Security/CWE-078/CommandInjection.ql.
Analyze (javascript)	Perform CodeQL Analysis	2026-05-13T22:00:13.3805569Z Starting evaluation of codeql/javascript-queries/Security/CWE-078/SecondOrderCommandInjection.ql.
Analyze (javascript)	Perform CodeQL Analysis	2026-05-13T22:00:13.3835641Z [9/88 eval 703ms] Evaluation done; writing results to codeql/javascript-queries/Security/CWE-020/IncorrectSuffixCheck.bqrs.
Analyze (javascript)	Perform CodeQL Analysis	2026-05-13T22:00:13.3837038Z Starting evaluation of codeql/javascript-queries/Security/CWE-078/ShellCommandInjectionFromEnvironment.ql.
Analyze (javascript)	Perform CodeQL Analysis	2026-05-13T22:00:13.5716233Z Starting evaluation of codeql/javascript-queries/Security/CWE-078/UnsafeShellCommandConstruction.ql.
Analyze (javascript)	Perform CodeQL Analysis	2026-05-13T22:00:13.5745701Z Starting evaluation of codeql/javascript-queries/Security/CWE-078/UselessUseOfCat.ql.
Analyze (javascript)	Perform CodeQL Analysis	2026-05-13T22:00:13.5986043Z Starting evaluation of codeql/javascript-queries/Security/CWE-079/ExceptionXss.ql.
Analyze (javascript)	Perform CodeQL Analysis	2026-05-13T22:00:13.6375901Z Starting evaluation of codeql/javascript-queries/Security/CWE-079/ReflectedXss.ql.
Analyze (javascript)	Perform CodeQL Analysis	2026-05-13T22:00:13.6850940Z Starting evaluation of codeql/javascript-queries/Security/CWE-079/StoredXss.ql.
Analyze (javascript)	Perform CodeQL Analysis	2026-05-13T22:00:13.6879385Z Starting evaluation of codeql/javascript-queries/Security/CWE-079/UnsafeHtmlConstruction.ql.
Analyze (javascript)	Perform CodeQL Analysis	2026-05-13T22:00:13.9249625Z Starting evaluation of codeql/javascript-queries/Security/CWE-079/UnsafeJQueryPlugin.ql.
Analyze (javascript)	Perform CodeQL Analysis	2026-05-13T22:00:13.9416037Z Starting evaluation of codeql/javascript-queries/Security/CWE-079/Xss.ql.
Analyze (javascript)	Perform CodeQL Analysis	2026-05-13T22:00:13.9828480Z Starting evaluation of codeql/javascript-queries/Security/CWE-079/XssThroughDom.ql.
Analyze (javascript)	Perform CodeQL Analysis	2026-05-13T22:00:13.9845702Z Starting evaluation of codeql/javascript-queries/Security/CWE-089/SqlInjection.ql.
Analyze (javascript)	Perform CodeQL Analysis	2026-05-13T22:00:13.9875549Z Starting evaluation of codeql/javascript-queries/Security/CWE-094/CodeInjection.ql.
Analyze (javascript)	Perform CodeQL Analysis	2026-05-13T22:00:14.3983579Z Starting evaluation of codeql/javascript-queries/Security/CWE-094/ImproperCodeSanitization.ql.
Analyze (javascript)	Perform CodeQL Analysis	2026-05-13T22:00:14.4466166Z Starting evaluation of codeql/javascript-queries/Security/CWE-094/UnsafeDynamicMethodAccess.ql.
Analyze (javascript)	Perform CodeQL Analysis	2026-05-13T22:00:14.8878380Z [10/88 eval 490ms] Evaluation done; writing results to codeql/javascript-queries/Security/CWE-094/ImproperCodeSanitization.bqrs.
Analyze (javascript)	Perform CodeQL Analysis	2026-05-13T22:00:14.9015988Z Starting evaluation of codeql/javascript-queries/Security/CWE-1004/ClientExposedCookie.ql.
Analyze (javascript)	Perform CodeQL Analysis	2026-05-13T22:00:18.8264148Z Starting evaluation of codeql/javascript-queries/Security/CWE-116/BadTagFilter.ql.
Analyze (javascript)	Perform CodeQL Analysis	2026-05-13T22:00:18.8314136Z Starting evaluation of codeql/javascript-queries/Security/CWE-116/DoubleEscaping.ql.
Analyze (javascript)	Perform CodeQL Analysis	2026-05-13T22:00:19.1056095Z [11/88 eval 271ms] Evaluation done; writing results to codeql/javascript-queries/Security/CWE-116/DoubleEscaping.bqrs.
Analyze (javascript)	Perform CodeQL Analysis	2026-05-13T22:00:20.0107721Z [12/88 eval 7.5s] Evaluation done; writing results to codeql/javascript-queries/Security/CWE-020/IncompleteUrlSubstringSanitization.bqrs.
Analyze (javascript)	Perform CodeQL Analysis	2026-05-13T22:00:20.4906070Z [13/88 eval 8s] Evaluation done; writing results to codeql/javascript-queries/Security/CWE-020/IncompleteUrlSchemeCheck.bqrs.
Analyze (javascript)	Perform CodeQL Analysis	2026-05-13T22:00:20.9277482Z [14/88 eval 7.4s] Evaluation done; writing results to codeql/javascript-queries/Security/CWE-078/UnsafeShellCommandConstruction.bqrs.
Analyze (javascript)	Perform CodeQL Analysis	2026-05-13T22:00:21.1504593Z [15/88 eval 7.2s] Evaluation done; writing results to codeql/javascript-queries/Security/CWE-079/UnsafeJQueryPlugin.bqrs.
Analyze (javascript)	Perform CodeQL Analysis	2026-05-13T22:00:21.1582838Z Starting evaluation of codeql/javascript-queries/Security/CWE-116/IncompleteHtmlAttributeSanitization.ql.
Analyze (javascript)	Perform CodeQL Analysis	2026-05-13T22:00:21.1595893Z Starting evaluation of codeql/javascript-queries/Security/CWE-116/IncompleteMultiCharacterSanitization.ql.
Analyze (javascript)	Perform CodeQL Analysis	2026-05-13T22:00:21.1625225Z Starting evaluation of codeql/javascript-queries/Security/CWE-116/IncompleteSanitization.ql.
Analyze (javascript)	Perform CodeQL Analysis	2026-05-13T22:00:21.8336089Z Starting evaluation of codeql/javascript-queries/Security/CWE-116/UnsafeHtmlExpansion.ql.
Analyze (javascript)	Perform CodeQL Analysis	2026-05-13T22:00:21.8395779Z Starting evaluation of codeql/javascript-queries/Security/CWE-134/TaintedFormatString.ql.
Analyze (javascript)	Perform CodeQL Analysis	2026-05-13T22:00:21.8699010Z [16/88 eval 37ms] Evaluation done; writing results to codeql/javascript-queries/Security/CWE-116/UnsafeHtmlExpansion.bqrs.
Analyze (javascript)	Perform CodeQL Analysis	2026-05-13T22:00:21.8871644Z Starting evaluation of codeql/javascript-queries/Security/CWE-200/PrivateFileExposure.ql.
Analyze (javascript)	Perform CodeQL Analysis	2026-05-13T22:00:21.8887783Z [17/88 eval 730ms] Evaluation done; writing results to codeql/javascript-queries/Security/CWE-116/IncompleteHtmlAttributeSanitization.bqrs.
Analyze (javascript)	Perform CodeQL Analysis	2026-05-13T22:00:21.8889371Z Starting evaluation of codeql/javascript-queries/Security/CWE-178/CaseSensitiveMiddlewarePath.ql.
Analyze (javascript)	Perform CodeQL Analysis	2026-05-13T22:00:21.9032432Z Starting evaluation of codeql/javascript-queries/Security/CWE-201/PostMessageStar.ql.
Analyze (javascript)	Perform CodeQL Analysis	2026-05-13T22:00:22.0240602Z [18/88 eval 121ms] Evaluation done; writing results to codeql/javascript-queries/Security/CWE-201/PostMessageStar.bqrs.
Analyze (javascript)	Perform CodeQL Analysis	2026-05-13T22:00:22.1254566Z Starting evaluation of codeql/javascript-queries/Security/CWE-209/StackTraceExposure.ql.
Analyze (javascript)	Perform CodeQL Analysis	2026-05-13T22:00:22.1490066Z [19/88 eval 258ms] Evaluation done; writing results to codeql/javascript-queries/Security/CWE-200/PrivateFileExposure.bqrs.
Analyze (javascript)	Perform CodeQL Analysis	2026-05-13T22:00:22.1836053Z Starting evaluation of codeql/javascript-queries/Security/CWE-295/DisablingCertificateValidation.ql.
Analyze (javascript)	Perform CodeQL Analysis	2026-05-13T22:00:22.1865806Z Starting evaluation of codeql/javascript-queries/Security/CWE-300/InsecureDependencyResolution.ql.
Analyze (javascript)	Perform CodeQL Analysis	2026-05-13T22:00:22.1895689Z Starting evaluation of codeql/javascript-queries/Security/CWE-312/BuildArtifactLeak.ql.
Analyze (javascript)	Perform CodeQL Analysis	2026-05-13T22:00:22.1915648Z Starting evaluation of codeql/javascript-queries/Security/CWE-312/CleartextLogging.ql.
Analyze (javascript)	Perform CodeQL Analysis	2026-05-13T22:00:22.2160865Z [20/88 eval 32ms] Evaluation done; writing results to codeql/javascript-queries/Security/CWE-300/InsecureDependencyResolution.bqrs.
Analyze (javascript)	Perform CodeQL Analysis	2026-05-13T22:00:22.2162666Z [21/88 eval 32ms] Evaluation done; writing results to codeql/javascript-queries/Security/CWE-312/BuildArtifactLeak.bqrs.
Analyze (javascript)	Perform CodeQL Analysis	2026-05-13T22:00:22.2188810Z Starting evaluation of codeql/javascript-queries/Security/CWE-327/BadRandomness.ql.
Analyze (javascript)	Perform CodeQL Analysis	2026-05-13T22:00:22.2189934Z Starting evaluation of codeql/javascript-queries/Security/CWE-326/InsufficientKeySize.ql.
Analyze (javascript)	Perform CodeQL Analysis	2026-05-13T22:00:22.2198278Z Starting evaluation of codeql/javascript-queries/Security/CWE-327/BrokenCryptoAlgorithm.ql.
Analyze (javascript)	Perform CodeQL Analysis	2026-05-13T22:00:22.2225682Z Starting evaluation of codeql/javascript-queries/Security/CWE-312/CleartextStorage.ql.
Analyze (javascript)	Perform CodeQL Analysis	2026-05-13T22:00:22.3065893Z Starting evaluation of codeql/javascript-queries/Security/CWE-338/InsecureRandomness.ql.
Analyze (javascript)	Perform CodeQL Analysis	2026-05-13T22:00:22.3068697Z Starting evaluation of codeql/javascript-queries/Security/CWE-346/CorsMisconfigurationForCredentials.ql.
Analyze (javascript)	Perform CodeQL Analysis	2026-05-13T22:00:22.3095817Z Starting evaluation of codeql/javascript-queries/Security/CWE-347/MissingJWTKeyVerification.ql.
Analyze (javascript)	Perform CodeQL Analysis	2026-05-13T22:00:22.3170092Z [22/88 eval 98ms] Evaluation done; writing results to codeql/javascript-queries/Security/CWE-327/BadRandomness.bqrs.
Analyze (javascript)	Perform CodeQL Analysis	2026-05-13T22:00:22.3641325Z [23/88 eval 63ms] Evaluation done; writing results to codeql/javascript-queries/Security/CWE-347/MissingJWTKeyVerification.bqrs.
Analyze (javascript)	Perform CodeQL Analysis	2026-05-13T22:00:22.3665830Z Starting evaluation of codeql/javascript-queries/Security/CWE-352/MissingCsrfMiddleware.ql.
Analyze (javascript)	Perform CodeQL Analysis	2026-05-13T22:00:22.3667022Z Starting evaluation of codeql/javascript-queries/Security/CWE-400/DeepObjectResourceExhaustion.ql.
Analyze (javascript)	Perform CodeQL Analysis	2026-05-13T22:00:22.3668152Z Starting evaluation of codeql/javascript-queries/Security/CWE-502/UnsafeDeserialization.ql.
Analyze (javascript)	Perform CodeQL Analysis	2026-05-13T22:00:22.3669121Z Starting evaluation of codeql/javascript-queries/Security/CWE-598/SensitiveGetQuery.ql.
Analyze (javascript)	Perform CodeQL Analysis	2026-05-13T22:00:22.3670165Z Starting evaluation of codeql/javascript-queries/Security/CWE-601/ClientSideUrlRedirect.ql.
Analyze (javascript)	Perform CodeQL Analysis	2026-05-13T22:00:22.3671210Z Starting evaluation of codeql/javascript-queries/Security/CWE-601/ServerSideUrlRedirect.ql.
Analyze (javascript)	Perform CodeQL Analysis	2026-05-13T22:00:22.3672130Z Starting evaluation of codeql/javascript-queries/Security/CWE-611/Xxe.ql.
Analyze (javascript)	Perform CodeQL Analysis	2026-05-13T22:00:22.3672996Z Starting evaluation of codeql/javascript-queries/Security/CWE-614/ClearTextCookie.ql.
Analyze (javascript)	Perform CodeQL Analysis	2026-05-13T22:00:23.6582079Z [24/88 eval 2.5s] Evaluation done; writing results to codeql/javascript-queries/Security/CWE-116/IncompleteSanitization.bqrs.
Analyze (javascript)	Perform CodeQL Analysis	2026-05-13T22:00:23.8706262Z [25/88 eval 1.7s] Evaluation done; writing results to codeql/javascript-queries/Security/CWE-326/InsufficientKeySize.bqrs.
Analyze (javascript)	Perform CodeQL Analysis	2026-05-13T22:00:24.1022250Z [26/88 eval 1.7s] Evaluation done; writing results to codeql/javascript-queries/Security/CWE-502/UnsafeDeserialization.bqrs.
Analyze (javascript)	Perform CodeQL Analysis	2026-05-13T22:00:24.4613556Z [27/88 eval 11.8s] Evaluation done; writing results to codeql/javascript-queries/Security/CWE-020/OverlyLargeRange.bqrs.
Analyze (javascript)	Perform CodeQL Analysis	2026-05-13T22:00:24.4942201Z [28/88 eval 2.7s] Evaluation done; writing results to codeql/javascript-queries/Security/CWE-134/TaintedFormatString.bqrs.
Analyze (javascript)	Perform CodeQL Analysis	2026-05-13T22:00:24.8643773Z [29/88 eval 12.4s] Evaluation done; writing results to codeql/javascript-queries/Security/CWE-020/IncompleteHostnameRegExp.bqrs.
Analyze (javascript)	Perform CodeQL Analysis	2026-05-13T22:00:25.4396060Z [30/88 eval 12.5s] Evaluation done; writing results to codeql/javascript-queries/Security/CWE-022/TaintedPath.bqrs.
Analyze (javascript)	Perform CodeQL Analysis	2026-05-13T22:00:25.4816294Z [31/88 eval 12.2s] Evaluation done; writing results to codeql/javascript-queries/Security/CWE-022/ZipSlip.bqrs.
Analyze (javascript)	Perform CodeQL Analysis	2026-05-13T22:00:25.4997868Z [32/88 eval 3.1s] Evaluation done; writing results to codeql/javascript-queries/Security/CWE-400/DeepObjectResourceExhaustion.bqrs.
Analyze (javascript)	Perform CodeQL Analysis	2026-05-13T22:00:25.5416235Z [33/88 eval 12.3s] Evaluation done; writing results to codeql/javascript-queries/Security/CWE-073/TemplateObjectInjection.bqrs.
Analyze (javascript)	Perform CodeQL Analysis	2026-05-13T22:00:25.7376339Z [34/88 eval 12.8s] Evaluation done; writing results to codeql/javascript-queries/Security/CWE-020/UselessRegExpCharacterEscape.bqrs.
Analyze (javascript)	Perform CodeQL Analysis	2026-05-13T22:00:25.8278515Z [35/88 eval 12.5s] Evaluation done; writing results to codeql/javascript-queries/Security/CWE-078/CommandInjection.bqrs.
Analyze (javascript)	Perform CodeQL Analysis	2026-05-13T22:00:25.8653811Z [36/88 eval 14s] Evaluation done; writing results to codeql/javascript-queries/Performance/ReDoS.bqrs.
Analyze (javascript)	Perform CodeQL Analysis	2026-05-13T22:00:25.9461825Z [37/88 eval 12.6s] Evaluation done; writing results to codeql/javascript-queries/Security/CWE-078/SecondOrderCommandInjection.bqrs.
Analyze (javascript)	Perform CodeQL Analysis	2026-05-13T22:00:26.0916206Z [38/88 eval 12.5s] Evaluation done; writing results to codeql/javascript-queries/Security/CWE-078/UselessUseOfCat.bqrs.
Analyze (javascript)	Perform CodeQL Analysis	2026-05-13T22:00:26.1366403Z [39/88 eval 12.8s] Evaluation done; writing results to codeql/javascript-queries/Security/CWE-078/ShellCommandInjectionFromEnvironment.bqrs.
Analyze (javascript)	Perform CodeQL Analysis	2026-05-13T22:00:26.2110924Z [40/88 eval 20.6s] Evaluation done; writing results to codeql/javascript-queries/Performance/PolynomialReDoS.bqrs.
Analyze (javascript)	Perform CodeQL Analysis	2026-05-13T22:00:26.2296025Z [41/88 eval 12.5s] Evaluation done; writing results to codeql/javascript-queries/Security/CWE-079/UnsafeHtmlConstruction.bqrs.
Analyze (javascript)	Perform CodeQL Analysis	2026-05-13T22:00:26.2630163Z [42/88 eval 12.3s] Evaluation done; writing results to codeql/javascript-queries/Security/CWE-079/Xss.bqrs.
Analyze (javascript)	Perform CodeQL Analysis	2026-05-13T22:00:26.3426148Z [43/88 eval 12.4s] Evaluation done; writing results to codeql/javascript-queries/Security/CWE-079/XssThroughDom.bqrs.
Analyze (javascript)	Perform CodeQL Analysis	2026-05-13T22:00:26.4376233Z [44/88 eval 4.5s] Evaluation done; writing results to codeql/javascript-queries/Security/CWE-178/CaseSensitiveMiddlewarePath.bqrs.
Analyze (javascript)	Perform CodeQL Analysis	2026-05-13T22:00:26.4696098Z [45/88 eval 12.5s] Evaluation done; writing results to codeql/javascript-queries/Security/CWE-094/CodeInjection.bqrs.
Analyze (javascript)	Perform CodeQL Analysis	2026-05-13T22:00:26.5876198Z [46/88 eval 11.7s] Evaluation done; writing results to codeql/javascript-queries/Security/CWE-1004/ClientExposedCookie.bqrs.
Analyze (javascript)	Perform CodeQL Analysis	2026-05-13T22:00:26.5881725Z [47/88 eval 4.2s] Evaluation done; writing results to codeql/javascript-queries/Security/CWE-614/ClearTextCookie.bqrs.
Analyze (javascript)	Perform CodeQL Analysis	2026-05-13T22:00:26.6147583Z [48/88 eval 13s] Evaluation done; writing results to codeql/javascript-queries/Security/CWE-079/ReflectedXss.bqrs.
Analyze (javascript)	Perform CodeQL Analysis	2026-05-13T22:00:26.7346090Z [49/88 eval 13s] Evaluation done; writing results to codeql/javascript-queries/Security/CWE-079/StoredXss.bqrs.
Analyze (javascript)	Perform CodeQL Analysis	2026-05-13T22:00:26.9548777Z [50/88 eval 13s] Evaluation done; writing results to codeql/javascript-queries/Security/CWE-089/SqlInjection.bqrs.
Analyze (javascript)	Perform CodeQL Analysis	2026-05-13T22:00:27.0169581Z [51/88 eval 8.2s] Evaluation done; writing results to codeql/javascript-queries/Security/CWE-116/BadTagFilter.bqrs.
Analyze (javascript)	Perform CodeQL Analysis	2026-05-13T22:00:27.0276143Z [52/88 eval 5.9s] Evaluation done; writing results to codeql/javascript-queries/Security/CWE-116/IncompleteMultiCharacterSanitization.bqrs.
Analyze (javascript)	Perform CodeQL Analysis	2026-05-13T22:00:27.0378592Z [53/88 eval 4.9s] Evaluation done; writing results to codeql/javascript-queries/Security/CWE-295/DisablingCertificateValidation.bqrs.
Analyze (javascript)	Perform CodeQL Analysis	2026-05-13T22:00:27.2416111Z [54/88 eval 13.6s] Evaluation done; writing results to codeql/javascript-queries/Security/CWE-079/ExceptionXss.bqrs.
Analyze (javascript)	Perform CodeQL Analysis	2026-05-13T22:00:27.6380616Z [55/88 eval 5.4s] Evaluation done; writing results to codeql/javascript-queries/Security/CWE-312/CleartextStorage.bqrs.
Analyze (javascript)	Perform CodeQL Analysis	2026-05-13T22:00:27.6666182Z [56/88 eval 5.4s] Evaluation done; writing results to codeql/javascript-queries/Security/CWE-327/BrokenCryptoAlgorithm.bqrs.
Analyze (javascript)	Perform CodeQL Analysis	2026-05-13T22:00:27.7246238Z [57/88 eval 5.4s] Evaluation done; writing results to codeql/javascript-queries/Security/CWE-346/CorsMisconfigurationForCredentials.bqrs.
Analyze (javascript)	Perform CodeQL Analysis	2026-05-13T22:00:27.8416242Z [58/88 eval 5.5s] Evaluation done; writing results to codeql/javascript-queries/Security/CWE-338/InsecureRandomness.bqrs.
Analyze (javascript)	Perform CodeQL Analysis	2026-05-13T22:00:27.8465690Z [59/88 eval 5.5s] Evaluation done; writing results to codeql/javascript-queries/Security/CWE-598/SensitiveGetQuery.bqrs.
Analyze (javascript)	Perform CodeQL Analysis	2026-05-13T22:00:27.9436399Z [60/88 eval 5.6s] Evaluation done; writing results to codeql/javascript-queries/Security/CWE-601/ClientSideUrlRedirect.bqrs.
Analyze (javascript)	Perform CodeQL Analysis	2026-05-13T22:00:27.9646109Z [61/88 eval 5.6s] Evaluation done; writing results to codeql/javascript-queries/Security/CWE-601/ServerSideUrlRedirect.bqrs.
Analyze (javascript)	Perform CodeQL Analysis	2026-05-13T22:00:28.0929326Z [62/88 eval 6s] Evaluation done; writing results to codeql/javascript-queries/Security/CWE-209/StackTraceExposure.bqrs.
Analyze (javascript)	Perform CodeQL Analysis	2026-05-13T22:00:28.1586015Z [63/88 eval 13.7s] Evaluation done; writing results to codeql/javascript-queries/Security/CWE-094/UnsafeDynamicMethodAccess.bqrs.
Analyze (javascript)	Perform CodeQL Analysis	2026-05-13T22:00:28.1691092Z [64/88 eval 5.8s] Evaluation done; writing results to codeql/javascript-queries/Security/CWE-611/Xxe.bqrs.
Analyze (javascript)	Perform CodeQL Analysis	2026-05-13T22:00:28.3436116Z [65/88 eval 6s] Evaluation done; writing results to codeql/javascript-queries/Security/CWE-352/MissingCsrfMiddleware.bqrs.
Analyze (javascript)	Perform CodeQL Analysis	2026-05-13T22:00:28.8028268Z Starting evaluation of codeql/javascript-queries/Security/CWE-640/HostHeaderPoisoningInEmailGeneration.ql.
Analyze (javascript)	Perform CodeQL Analysis	2026-05-13T22:00:28.8038748Z Starting evaluation of codeql/javascript-queries/Security/CWE-643/XpathInjection.ql.
Analyze (javascript)	Perform CodeQL Analysis	2026-05-13T22:00:28.8194510Z [66/88 eval 16ms] Evaluation done; writing results to codeql/javascript-queries/Security/CWE-640/HostHeaderPoisoningInEmailGeneration.bqrs.
Analyze (javascript)	Perform CodeQL Analysis	2026-05-13T22:00:28.8516146Z Starting evaluation of codeql/javascript-queries/Security/CWE-693/InsecureHelmet.ql.
Analyze (javascript)	Perform CodeQL Analysis	2026-05-13T22:00:28.8517686Z Starting evaluation of codeql/javascript-queries/Security/CWE-730/RegExpInjection.ql.
Analyze (javascript)	Perform CodeQL Analysis	2026-05-13T22:00:28.9794401Z [67/88 eval 128ms] Evaluation done; writing results to codeql/javascript-queries/Security/CWE-693/InsecureHelmet.bqrs.
Analyze (javascript)	Perform CodeQL Analysis	2026-05-13T22:00:28.9908533Z [68/88 eval 140ms] Evaluation done; writing results to codeql/javascript-queries/Security/CWE-730/RegExpInjection.bqrs.
Analyze (javascript)	Perform CodeQL Analysis	2026-05-13T22:00:29.0228321Z [69/88 eval 217ms] Evaluation done; writing results to codeql/javascript-queries/Security/CWE-643/XpathInjection.bqrs.
Analyze (javascript)	Perform CodeQL Analysis	2026-05-13T22:00:29.1573899Z Starting evaluation of codeql/javascript-queries/Security/CWE-730/ServerCrash.ql.
Analyze (javascript)	Perform CodeQL Analysis	2026-05-13T22:00:29.1603394Z Starting evaluation of codeql/javascript-queries/Security/CWE-754/UnvalidatedDynamicMethodCall.ql.
Analyze (javascript)	Perform CodeQL Analysis	2026-05-13T22:00:29.1646769Z Starting evaluation of codeql/javascript-queries/Security/CWE-770/MissingRateLimiting.ql.
Analyze (javascript)	Perform CodeQL Analysis	2026-05-13T22:00:29.1720546Z [70/88 eval 7s] Evaluation done; writing results to codeql/javascript-queries/Security/CWE-312/CleartextLogging.bqrs.
Analyze (javascript)	Perform CodeQL Analysis	2026-05-13T22:00:29.3186256Z [71/88 eval 159ms] Evaluation done; writing results to codeql/javascript-queries/Security/CWE-730/ServerCrash.bqrs.
Analyze (javascript)	Perform CodeQL Analysis	2026-05-13T22:00:29.3249638Z Starting evaluation of codeql/javascript-queries/Security/CWE-770/ResourceExhaustion.ql.
Analyze (javascript)	Perform CodeQL Analysis	2026-05-13T22:00:29.3256320Z Starting evaluation of codeql/javascript-queries/Security/CWE-776/XmlBomb.ql.
Analyze (javascript)	Perform CodeQL Analysis	2026-05-13T22:00:29.3495748Z [72/88 eval 24ms] Evaluation done; writing results to codeql/javascript-queries/Security/CWE-776/XmlBomb.bqrs.
Analyze (javascript)	Perform CodeQL Analysis	2026-05-13T22:00:29.3505660Z Starting evaluation of codeql/javascript-queries/Security/CWE-829/InsecureDownload.ql.
Analyze (javascript)	Perform CodeQL Analysis	2026-05-13T22:00:29.3846727Z [73/88 eval 62ms] Evaluation done; writing results to codeql/javascript-queries/Security/CWE-770/ResourceExhaustion.bqrs.
Analyze (javascript)	Perform CodeQL Analysis	2026-05-13T22:00:29.3891619Z [74/88 eval 223ms] Evaluation done; writing results to codeql/javascript-queries/Security/CWE-770/MissingRateLimiting.bqrs.
Analyze (javascript)	Perform CodeQL Analysis	2026-05-13T22:00:29.4646373Z Starting evaluation of codeql/javascript-queries/Security/CWE-830/FunctionalityFromUntrustedDomain.ql.
Analyze (javascript)	Perform CodeQL Analysis	2026-05-13T22:00:29.4785968Z [75/88 eval 15ms] Evaluation done; writing results to codeql/javascript-queries/Security/CWE-830/FunctionalityFromUntrustedDomain.bqrs.
Analyze (javascript)	Perform CodeQL Analysis	2026-05-13T22:00:29.5057704Z Starting evaluation of codeql/javascript-queries/Security/CWE-830/FunctionalityFromUntrustedSource.ql.
Analyze (javascript)	Perform CodeQL Analysis	2026-05-13T22:00:29.5067352Z Starting evaluation of codeql/javascript-queries/Security/CWE-834/LoopBoundInjection.ql.
Analyze (javascript)	Perform CodeQL Analysis	2026-05-13T22:00:29.5084181Z Starting evaluation of codeql/javascript-queries/Security/CWE-843/TypeConfusionThroughParameterTampering.ql.
Analyze (javascript)	Perform CodeQL Analysis	2026-05-13T22:00:29.5085725Z [76/88 eval 157ms] Evaluation done; writing results to codeql/javascript-queries/Security/CWE-829/InsecureDownload.bqrs.
Analyze (javascript)	Perform CodeQL Analysis	2026-05-13T22:00:29.5135395Z [77/88 eval 8ms] Evaluation done; writing results to codeql/javascript-queries/Security/CWE-830/FunctionalityFromUntrustedSource.bqrs.
Analyze (javascript)	Perform CodeQL Analysis	2026-05-13T22:00:29.6416206Z [78/88 eval 135ms] Evaluation done; writing results to codeql/javascript-queries/Security/CWE-834/LoopBoundInjection.bqrs.
Analyze (javascript)	Perform CodeQL Analysis	2026-05-13T22:00:29.8026571Z [79/88 eval 293ms] Evaluation done; writing results to codeql/javascript-queries/Security/CWE-843/TypeConfusionThroughParameterTampering.bqrs.
Analyze (javascript)	Perform CodeQL Analysis	2026-05-13T22:00:29.8087438Z Starting evaluation of codeql/javascript-queries/Security/CWE-915/PrototypePollutingAssignment.ql.
Analyze (javascript)	Perform CodeQL Analysis	2026-05-13T22:00:29.8088427Z Starting evaluation of codeql/javascript-queries/Security/CWE-915/PrototypePollutingFunction.ql.
Analyze (javascript)	Perform CodeQL Analysis	2026-05-13T22:00:29.8570443Z Starting evaluation of codeql/javascript-queries/Security/CWE-915/PrototypePollutingMergeCall.ql.
Analyze (javascript)	Perform CodeQL Analysis	2026-05-13T22:00:29.8597067Z [80/88 eval 52ms] Evaluation done; writing results to codeql/javascript-queries/Security/CWE-915/PrototypePollutingAssignment.bqrs.
Analyze (javascript)	Perform CodeQL Analysis	2026-05-13T22:00:29.8841661Z [81/88 eval 28ms] Evaluation done; writing results to codeql/javascript-queries/Security/CWE-915/PrototypePollutingMergeCall.bqrs.
Analyze (javascript)	Perform CodeQL Analysis	2026-05-13T22:00:29.9075776Z Starting evaluation of codeql/javascript-queries/Security/CWE-916/InsufficientPasswordHash.ql.
Analyze (javascript)	Perform CodeQL Analysis	2026-05-13T22:00:29.9392283Z [82/88 eval 32ms] Evaluation done; writing results to codeql/javascript-queries/Security/CWE-916/InsufficientPasswordHash.bqrs.
Analyze (javascript)	Perform CodeQL Analysis	2026-05-13T22:00:29.9829078Z Starting evaluation of codeql/javascript-queries/Security/CWE-918/RequestForgery.ql.
Analyze (javascript)	Perform CodeQL Analysis	2026-05-13T22:00:30.0044631Z [83/88 eval 846ms] Evaluation done; writing results to codeql/javascript-queries/Security/CWE-754/UnvalidatedDynamicMethodCall.bqrs.
Analyze (javascript)	Perform CodeQL Analysis	2026-05-13T22:00:30.0065432Z Starting evaluation of codeql/javascript-queries/Security/CWE-942/CorsPermissiveConfiguration.ql.
Analyze (javascript)	Perform CodeQL Analysis	2026-05-13T22:00:30.0635256Z [84/88 eval 79ms] Evaluation done; writing results to codeql/javascript-queries/Security/CWE-918/RequestForgery.bqrs.
Analyze (javascript)	Perform CodeQL Analysis	2026-05-13T22:00:30.0645901Z Starting evaluation of codeql/javascript-queries/Summary/LinesOfUserCode.ql.
Analyze (javascript)	Perform CodeQL Analysis	2026-05-13T22:00:30.0655843Z Starting evaluation of codeql/javascript-queries/Summary/LinesOfCode.ql.
Analyze (javascript)	Perform CodeQL Analysis	2026-05-13T22:00:30.1153146Z [85/88 eval 51ms] Evaluation done; writing results to codeql/javascript-queries/Summary/LinesOfCode.bqrs.
Analyze (javascript)	Perform CodeQL Analysis	2026-05-13T22:00:30.5578064Z [86/88 eval 550ms] Evaluation done; writing results to codeql/javascript-queries/Security/CWE-942/CorsPermissiveConfiguration.bqrs.
Analyze (javascript)	Perform CodeQL Analysis	2026-05-13T22:00:31.3306145Z [87/88 eval 1.3s] Evaluation done; writing results to codeql/javascript-queries/Summary/LinesOfUserCode.bqrs.
Analyze (javascript)	Perform CodeQL Analysis	2026-05-13T22:00:31.9873850Z [88/88 eval 2.2s] Evaluation done; writing results to codeql/javascript-queries/Security/CWE-915/PrototypePollutingFunction.bqrs.
Analyze (javascript)	Perform CodeQL Analysis	2026-05-13T22:00:31.9875438Z Shutting down query evaluator.
Analyze (javascript)	Perform CodeQL Analysis	2026-05-13T22:00:32.1444466Z Interpreting code scanning results for javascript
Analyze (javascript)	Perform CodeQL Analysis	2026-05-13T22:00:32.8670836Z Writing logs to /home/runner/work/_temp/codeql_databases/javascript/log/overlay/database-interpret-results-20260513.220032.863.log.
Analyze (javascript)	Perform CodeQL Analysis	2026-05-13T22:00:33.0229229Z Recording pack reference codeql/javascript-queries at /opt/hostedtoolcache/CodeQL/2.25.4/x64/codeql/qlpacks/codeql/javascript-queries/2.3.9.
Analyze (javascript)	Perform CodeQL Analysis	2026-05-13T22:00:33.0852763Z Resolving extensions
Analyze (javascript)	Perform CodeQL Analysis	2026-05-13T22:00:33.4997166Z Interpreting /opt/hostedtoolcache/CodeQL/2.25.4/x64/codeql/qlpacks/codeql/javascript-queries/2.3.9/AngularJS/DoubleCompilation.ql...
Analyze (javascript)	Perform CodeQL Analysis	2026-05-13T22:00:33.5285412Z  ... found results file at /home/runner/work/_temp/codeql_databases/javascript/results/codeql/javascript-queries/AngularJS/DoubleCompilation.bqrs.
Analyze (javascript)	Perform CodeQL Analysis	2026-05-13T22:00:33.5434138Z Interpreting /opt/hostedtoolcache/CodeQL/2.25.4/x64/codeql/qlpacks/codeql/javascript-queries/2.3.9/AngularJS/DisablingSce.ql...
Analyze (javascript)	Perform CodeQL Analysis	2026-05-13T22:00:33.5554463Z  ... found results file at /home/runner/work/_temp/codeql_databases/javascript/results/codeql/javascript-queries/AngularJS/DisablingSce.bqrs.
Analyze (javascript)	Perform CodeQL Analysis	2026-05-13T22:00:33.5561492Z Interpreting /opt/hostedtoolcache/CodeQL/2.25.4/x64/codeql/qlpacks/codeql/javascript-queries/2.3.9/AngularJS/InsecureUrlWhitelist.ql...
Analyze (javascript)	Perform CodeQL Analysis	2026-05-13T22:00:33.5676183Z  ... found results file at /home/runner/work/_temp/codeql_databases/javascript/results/codeql/javascript-queries/AngularJS/InsecureUrlWhitelist.bqrs.
Analyze (javascript)	Perform CodeQL Analysis	2026-05-13T22:00:33.5722774Z Interpreting /opt/hostedtoolcache/CodeQL/2.25.4/x64/codeql/qlpacks/codeql/javascript-queries/2.3.9/Electron/AllowRunningInsecureContent.ql...
Analyze (javascript)	Perform CodeQL Analysis	2026-05-13T22:00:33.5775704Z  ... found results file at /home/runner/work/_temp/codeql_databases/javascript/results/codeql/javascript-queries/Electron/AllowRunningInsecureContent.bqrs.
Analyze (javascript)	Perform CodeQL Analysis	2026-05-13T22:00:33.5779540Z Interpreting /opt/hostedtoolcache/CodeQL/2.25.4/x64/codeql/qlpacks/codeql/javascript-queries/2.3.9/Electron/DisablingWebSecurity.ql...
Analyze (javascript)	Perform CodeQL Analysis	2026-05-13T22:00:33.5871041Z  ... found results file at /home/runner/work/_temp/codeql_databases/javascript/results/codeql/javascript-queries/Electron/DisablingWebSecurity.bqrs.
Analyze (javascript)	Perform CodeQL Analysis	2026-05-13T22:00:33.5907318Z Interpreting /opt/hostedtoolcache/CodeQL/2.25.4/x64/codeql/qlpacks/codeql/javascript-queries/2.3.9/Security/CWE-916/InsufficientPasswordHash.ql...
Analyze (javascript)	Perform CodeQL Analysis	2026-05-13T22:00:33.6016150Z  ... found results file at /home/runner/work/_temp/codeql_databases/javascript/results/codeql/javascript-queries/Security/CWE-916/InsufficientPasswordHash.bqrs.
Analyze (javascript)	Perform CodeQL Analysis	2026-05-13T22:00:33.6018187Z Interpreting /opt/hostedtoolcache/CodeQL/2.25.4/x64/codeql/qlpacks/codeql/javascript-queries/2.3.9/Security/CWE-200/PrivateFileExposure.ql...
Analyze (javascript)	Perform CodeQL Analysis	2026-05-13T22:00:33.6075929Z  ... found results file at /home/runner/work/_temp/codeql_databases/javascript/results/codeql/javascript-queries/Security/CWE-200/PrivateFileExposure.bqrs.
Analyze (javascript)	Perform CodeQL Analysis	2026-05-13T22:00:33.6106050Z Interpreting /opt/hostedtoolcache/CodeQL/2.25.4/x64/codeql/qlpacks/codeql/javascript-queries/2.3.9/Security/CWE-730/ServerCrash.ql...
Analyze (javascript)	Perform CodeQL Analysis	2026-05-13T22:00:33.6176106Z  ... found results file at /home/runner/work/_temp/codeql_databases/javascript/results/codeql/javascript-queries/Security/CWE-730/ServerCrash.bqrs.
Analyze (javascript)	Perform CodeQL Analysis	2026-05-13T22:00:33.6197002Z Interpreting /opt/hostedtoolcache/CodeQL/2.25.4/x64/codeql/qlpacks/codeql/javascript-queries/2.3.9/Security/CWE-730/RegExpInjection.ql...
Analyze (javascript)	Perform CodeQL Analysis	2026-05-13T22:00:33.6261677Z  ... found results file at /home/runner/work/_temp/codeql_databases/javascript/results/codeql/javascript-queries/Security/CWE-730/RegExpInjection.bqrs.
Analyze (javascript)	Perform CodeQL Analysis	2026-05-13T22:00:33.6286038Z Interpreting /opt/hostedtoolcache/CodeQL/2.25.4/x64/codeql/qlpacks/codeql/javascript-queries/2.3.9/Security/CWE-834/LoopBoundInjection.ql...
Analyze (javascript)	Perform CodeQL Analysis	2026-05-13T22:00:33.6376028Z  ... found results file at /home/runner/work/_temp/codeql_databases/javascript/results/codeql/javascript-queries/Security/CWE-834/LoopBoundInjection.bqrs.
Analyze (javascript)	Perform CodeQL Analysis	2026-05-13T22:00:33.6379298Z Interpreting /opt/hostedtoolcache/CodeQL/2.25.4/x64/codeql/qlpacks/codeql/javascript-queries/2.3.9/Security/CWE-601/ClientSideUrlRedirect.ql...
Analyze (javascript)	Perform CodeQL Analysis	2026-05-13T22:00:33.6441502Z  ... found results file at /home/runner/work/_temp/codeql_databases/javascript/results/codeql/javascript-queries/Security/CWE-601/ClientSideUrlRedirect.bqrs.
Analyze (javascript)	Perform CodeQL Analysis	2026-05-13T22:00:33.6456172Z Interpreting /opt/hostedtoolcache/CodeQL/2.25.4/x64/codeql/qlpacks/codeql/javascript-queries/2.3.9/Security/CWE-601/ServerSideUrlRedirect.ql...
Analyze (javascript)	Perform CodeQL Analysis	2026-05-13T22:00:33.6535412Z  ... found results file at /home/runner/work/_temp/codeql_databases/javascript/results/codeql/javascript-queries/Security/CWE-601/ServerSideUrlRedirect.bqrs.
Analyze (javascript)	Perform CodeQL Analysis	2026-05-13T22:00:33.6576193Z Interpreting /opt/hostedtoolcache/CodeQL/2.25.4/x64/codeql/qlpacks/codeql/javascript-queries/2.3.9/Security/CWE-116/IncompleteMultiCharacterSanitization.ql...
Analyze (javascript)	Perform CodeQL Analysis	2026-05-13T22:00:33.6736451Z  ... found results file at /home/runner/work/_temp/codeql_databases/javascript/results/codeql/javascript-queries/Security/CWE-116/IncompleteMultiCharacterSanitization.bqrs.
Analyze (javascript)	Perform CodeQL Analysis	2026-05-13T22:00:33.6738662Z Interpreting /opt/hostedtoolcache/CodeQL/2.25.4/x64/codeql/qlpacks/codeql/javascript-queries/2.3.9/Security/CWE-116/DoubleEscaping.ql...
Analyze (javascript)	Perform CodeQL Analysis	2026-05-13T22:00:33.6826064Z  ... found results file at /home/runner/work/_temp/codeql_databases/javascript/results/codeql/javascript-queries/Security/CWE-116/DoubleEscaping.bqrs.
Analyze (javascript)	Perform CodeQL Analysis	2026-05-13T22:00:33.6856159Z Interpreting /opt/hostedtoolcache/CodeQL/2.25.4/x64/codeql/qlpacks/codeql/javascript-queries/2.3.9/Security/CWE-116/IncompleteHtmlAttributeSanitization.ql...
Analyze (javascript)	Perform CodeQL Analysis	2026-05-13T22:00:33.6916715Z  ... found results file at /home/runner/work/_temp/codeql_databases/javascript/results/codeql/javascript-queries/Security/CWE-116/IncompleteHtmlAttributeSanitization.bqrs.
Analyze (javascript)	Perform CodeQL Analysis	2026-05-13T22:00:33.6926104Z Interpreting /opt/hostedtoolcache/CodeQL/2.25.4/x64/codeql/qlpacks/codeql/javascript-queries/2.3.9/Security/CWE-116/UnsafeHtmlExpansion.ql...
Analyze (javascript)	Perform CodeQL Analysis	2026-05-13T22:00:33.6975987Z  ... found results file at /home/runner/work/_temp/codeql_databases/javascript/results/codeql/javascript-queries/Security/CWE-116/UnsafeHtmlExpansion.bqrs.
Analyze (javascript)	Perform CodeQL Analysis	2026-05-13T22:00:33.6987002Z Interpreting /opt/hostedtoolcache/CodeQL/2.25.4/x64/codeql/qlpacks/codeql/javascript-queries/2.3.9/Security/CWE-116/BadTagFilter.ql...
Analyze (javascript)	Perform CodeQL Analysis	2026-05-13T22:00:33.7066332Z  ... found results file at /home/runner/work/_temp/codeql_databases/javascript/results/codeql/javascript-queries/Security/CWE-116/BadTagFilter.bqrs.
Analyze (javascript)	Perform CodeQL Analysis	2026-05-13T22:00:33.7068608Z Interpreting /opt/hostedtoolcache/CodeQL/2.25.4/x64/codeql/qlpacks/codeql/javascript-queries/2.3.9/Security/CWE-116/IncompleteSanitization.ql...
Analyze (javascript)	Perform CodeQL Analysis	2026-05-13T22:00:33.7119933Z  ... found results file at /home/runner/work/_temp/codeql_databases/javascript/results/codeql/javascript-queries/Security/CWE-116/IncompleteSanitization.bqrs.
Analyze (javascript)	Perform CodeQL Analysis	2026-05-13T22:00:33.7126296Z Interpreting /opt/hostedtoolcache/CodeQL/2.25.4/x64/codeql/qlpacks/codeql/javascript-queries/2.3.9/Security/CWE-338/InsecureRandomness.ql...
Analyze (javascript)	Perform CodeQL Analysis	2026-05-13T22:00:33.7193861Z  ... found results file at /home/runner/work/_temp/codeql_databases/javascript/results/codeql/javascript-queries/Security/CWE-338/InsecureRandomness.bqrs.
Analyze (javascript)	Perform CodeQL Analysis	2026-05-13T22:00:33.7207343Z Interpreting /opt/hostedtoolcache/CodeQL/2.25.4/x64/codeql/qlpacks/codeql/javascript-queries/2.3.9/Security/CWE-829/InsecureDownload.ql...
Analyze (javascript)	Perform CodeQL Analysis	2026-05-13T22:00:33.7266319Z  ... found results file at /home/runner/work/_temp/codeql_databases/javascript/results/codeql/javascript-queries/Security/CWE-829/InsecureDownload.bqrs.
Analyze (javascript)	Perform CodeQL Analysis	2026-05-13T22:00:33.7287082Z Interpreting /opt/hostedtoolcache/CodeQL/2.25.4/x64/codeql/qlpacks/codeql/javascript-queries/2.3.9/Security/CWE-346/CorsMisconfigurationForCredentials.ql...
Analyze (javascript)	Perform CodeQL Analysis	2026-05-13T22:00:33.7333482Z  ... found results file at /home/runner/work/_temp/codeql_databases/javascript/results/codeql/javascript-queries/Security/CWE-346/CorsMisconfigurationForCredentials.bqrs.
Analyze (javascript)	Perform CodeQL Analysis	2026-05-13T22:00:33.7347010Z Interpreting /opt/hostedtoolcache/CodeQL/2.25.4/x64/codeql/qlpacks/codeql/javascript-queries/2.3.9/Security/CWE-400/DeepObjectResourceExhaustion.ql...
Analyze (javascript)	Perform CodeQL Analysis	2026-05-13T22:00:33.7402207Z  ... found results file at /home/runner/work/_temp/codeql_databases/javascript/results/codeql/javascript-queries/Security/CWE-400/DeepObjectResourceExhaustion.bqrs.
Analyze (javascript)	Perform CodeQL Analysis	2026-05-13T22:00:33.7417250Z Interpreting /opt/hostedtoolcache/CodeQL/2.25.4/x64/codeql/qlpacks/codeql/javascript-queries/2.3.9/Security/CWE-078/SecondOrderCommandInjection.ql...
Analyze (javascript)	Perform CodeQL Analysis	2026-05-13T22:00:33.7478737Z  ... found results file at /home/runner/work/_temp/codeql_databases/javascript/results/codeql/javascript-queries/Security/CWE-078/SecondOrderCommandInjection.bqrs.
Analyze (javascript)	Perform CodeQL Analysis	2026-05-13T22:00:33.7482440Z Interpreting /opt/hostedtoolcache/CodeQL/2.25.4/x64/codeql/qlpacks/codeql/javascript-queries/2.3.9/Security/CWE-078/UnsafeShellCommandConstruction.ql...
Analyze (javascript)	Perform CodeQL Analysis	2026-05-13T22:00:33.7555595Z  ... found results file at /home/runner/work/_temp/codeql_databases/javascript/results/codeql/javascript-queries/Security/CWE-078/UnsafeShellCommandConstruction.bqrs.
Analyze (javascript)	Perform CodeQL Analysis	2026-05-13T22:00:33.7584075Z Interpreting /opt/hostedtoolcache/CodeQL/2.25.4/x64/codeql/qlpacks/codeql/javascript-queries/2.3.9/Security/CWE-078/ShellCommandInjectionFromEnvironment.ql...
Analyze (javascript)	Perform CodeQL Analysis	2026-05-13T22:00:33.7630634Z  ... found results file at /home/runner/work/_temp/codeql_databases/javascript/results/codeql/javascript-queries/Security/CWE-078/ShellCommandInjectionFromEnvironment.bqrs.
Analyze (javascript)	Perform CodeQL Analysis	2026-05-13T22:00:33.7634002Z Interpreting /opt/hostedtoolcache/CodeQL/2.25.4/x64/codeql/qlpacks/codeql/javascript-queries/2.3.9/Security/CWE-078/UselessUseOfCat.ql...
Analyze (javascript)	Perform CodeQL Analysis	2026-05-13T22:00:33.7713584Z  ... found results file at /home/runner/work/_temp/codeql_databases/javascript/results/codeql/javascript-queries/Security/CWE-078/UselessUseOfCat.bqrs.
Analyze (javascript)	Perform CodeQL Analysis	2026-05-13T22:00:33.7722186Z Interpreting /opt/hostedtoolcache/CodeQL/2.25.4/x64/codeql/qlpacks/codeql/javascript-queries/2.3.9/Security/CWE-078/CommandInjection.ql...
Analyze (javascript)	Perform CodeQL Analysis	2026-05-13T22:00:33.7782639Z  ... found results file at /home/runner/work/_temp/codeql_databases/javascript/results/codeql/javascript-queries/Security/CWE-078/CommandInjection.bqrs.
Analyze (javascript)	Perform CodeQL Analysis	2026-05-13T22:00:33.7790534Z Interpreting /opt/hostedtoolcache/CodeQL/2.25.4/x64/codeql/qlpacks/codeql/javascript-queries/2.3.9/Security/CWE-614/ClearTextCookie.ql...
Analyze (javascript)	Perform CodeQL Analysis	2026-05-13T22:00:33.7847990Z  ... found results file at /home/runner/work/_temp/codeql_databases/javascript/results/codeql/javascript-queries/Security/CWE-614/ClearTextCookie.bqrs.
Analyze (javascript)	Perform CodeQL Analysis	2026-05-13T22:00:33.7867301Z Interpreting /opt/hostedtoolcache/CodeQL/2.25.4/x64/codeql/qlpacks/codeql/javascript-queries/2.3.9/Security/CWE-209/StackTraceExposure.ql...
Analyze (javascript)	Perform CodeQL Analysis	2026-05-13T22:00:33.7923481Z  ... found results file at /home/runner/work/_temp/codeql_databases/javascript/results/codeql/javascript-queries/Security/CWE-209/StackTraceExposure.bqrs.
Analyze (javascript)	Perform CodeQL Analysis	2026-05-13T22:00:33.7940907Z Interpreting /opt/hostedtoolcache/CodeQL/2.25.4/x64/codeql/qlpacks/codeql/javascript-queries/2.3.9/Security/CWE-1004/ClientExposedCookie.ql...
Analyze (javascript)	Perform CodeQL Analysis	2026-05-13T22:00:33.7998331Z  ... found results file at /home/runner/work/_temp/codeql_databases/javascript/results/codeql/javascript-queries/Security/CWE-1004/ClientExposedCookie.bqrs.
Analyze (javascript)	Perform CodeQL Analysis	2026-05-13T22:00:33.8013981Z Interpreting /opt/hostedtoolcache/CodeQL/2.25.4/x64/codeql/qlpacks/codeql/javascript-queries/2.3.9/Security/CWE-347/MissingJWTKeyVerification.ql...
Analyze (javascript)	Perform CodeQL Analysis	2026-05-13T22:00:33.8080818Z  ... found results file at /home/runner/work/_temp/codeql_databases/javascript/results/codeql/javascript-queries/Security/CWE-347/MissingJWTKeyVerification.bqrs.
Analyze (javascript)	Perform CodeQL Analysis	2026-05-13T22:00:33.8100604Z Interpreting /opt/hostedtoolcache/CodeQL/2.25.4/x64/codeql/qlpacks/codeql/javascript-queries/2.3.9/Security/CWE-502/UnsafeDeserialization.ql...
Analyze (javascript)	Perform CodeQL Analysis	2026-05-13T22:00:33.8156246Z  ... found results file at /home/runner/work/_temp/codeql_databases/javascript/results/codeql/javascript-queries/Security/CWE-502/UnsafeDeserialization.bqrs.
Analyze (javascript)	Perform CodeQL Analysis	2026-05-13T22:00:33.8167858Z Interpreting /opt/hostedtoolcache/CodeQL/2.25.4/x64/codeql/qlpacks/codeql/javascript-queries/2.3.9/Security/CWE-611/Xxe.ql...
Analyze (javascript)	Perform CodeQL Analysis	2026-05-13T22:00:33.8224009Z  ... found results file at /home/runner/work/_temp/codeql_databases/javascript/results/codeql/javascript-queries/Security/CWE-611/Xxe.bqrs.
Analyze (javascript)	Perform CodeQL Analysis	2026-05-13T22:00:33.8241100Z Interpreting /opt/hostedtoolcache/CodeQL/2.25.4/x64/codeql/qlpacks/codeql/javascript-queries/2.3.9/Security/CWE-598/SensitiveGetQuery.ql...
Analyze (javascript)	Perform CodeQL Analysis	2026-05-13T22:00:33.8288508Z  ... found results file at /home/runner/work/_temp/codeql_databases/javascript/results/codeql/javascript-queries/Security/CWE-598/SensitiveGetQuery.bqrs.
Analyze (javascript)	Perform CodeQL Analysis	2026-05-13T22:00:33.8293824Z Interpreting /opt/hostedtoolcache/CodeQL/2.25.4/x64/codeql/qlpacks/codeql/javascript-queries/2.3.9/Security/CWE-843/TypeConfusionThroughParameterTampering.ql...
Analyze (javascript)	Perform CodeQL Analysis	2026-05-13T22:00:33.8349432Z  ... found results file at /home/runner/work/_temp/codeql_databases/javascript/results/codeql/javascript-queries/Security/CWE-843/TypeConfusionThroughParameterTampering.bqrs.
Analyze (javascript)	Perform CodeQL Analysis	2026-05-13T22:00:33.8376099Z Interpreting /opt/hostedtoolcache/CodeQL/2.25.4/x64/codeql/qlpacks/codeql/javascript-queries/2.3.9/Security/CWE-020/IncompleteHostnameRegExp.ql...
Analyze (javascript)	Perform CodeQL Analysis	2026-05-13T22:00:33.8415306Z  ... found results file at /home/runner/work/_temp/codeql_databases/javascript/results/codeql/javascript-queries/Security/CWE-020/IncompleteHostnameRegExp.bqrs.
Analyze (javascript)	Perform CodeQL Analysis	2026-05-13T22:00:33.8430329Z Interpreting /opt/hostedtoolcache/CodeQL/2.25.4/x64/codeql/qlpacks/codeql/javascript-queries/2.3.9/Security/CWE-020/IncompleteUrlSchemeCheck.ql...
Analyze (javascript)	Perform CodeQL Analysis	2026-05-13T22:00:33.8493968Z  ... found results file at /home/runner/work/_temp/codeql_databases/javascript/results/codeql/javascript-queries/Security/CWE-020/IncompleteUrlSchemeCheck.bqrs.
Analyze (javascript)	Perform CodeQL Analysis	2026-05-13T22:00:33.8497284Z Interpreting /opt/hostedtoolcache/CodeQL/2.25.4/x64/codeql/qlpacks/codeql/javascript-queries/2.3.9/Security/CWE-020/OverlyLargeRange.ql...
Analyze (javascript)	Perform CodeQL Analysis	2026-05-13T22:00:33.8554386Z  ... found results file at /home/runner/work/_temp/codeql_databases/javascript/results/codeql/javascript-queries/Security/CWE-020/OverlyLargeRange.bqrs.
Analyze (javascript)	Perform CodeQL Analysis	2026-05-13T22:00:33.8565476Z Interpreting /opt/hostedtoolcache/CodeQL/2.25.4/x64/codeql/qlpacks/codeql/javascript-queries/2.3.9/Security/CWE-020/IncorrectSuffixCheck.ql...
Analyze (javascript)	Perform CodeQL Analysis	2026-05-13T22:00:33.8621159Z  ... found results file at /home/runner/work/_temp/codeql_databases/javascript/results/codeql/javascript-queries/Security/CWE-020/IncorrectSuffixCheck.bqrs.
Analyze (javascript)	Perform CodeQL Analysis	2026-05-13T22:00:33.8625039Z Interpreting /opt/hostedtoolcache/CodeQL/2.25.4/x64/codeql/qlpacks/codeql/javascript-queries/2.3.9/Security/CWE-020/IncompleteUrlSubstringSanitization.ql...
Analyze (javascript)	Perform CodeQL Analysis	2026-05-13T22:00:33.8682972Z  ... found results file at /home/runner/work/_temp/codeql_databases/javascript/results/codeql/javascript-queries/Security/CWE-020/IncompleteUrlSubstringSanitization.bqrs.
Analyze (javascript)	Perform CodeQL Analysis	2026-05-13T22:00:33.8689035Z Interpreting /opt/hostedtoolcache/CodeQL/2.25.4/x64/codeql/qlpacks/codeql/javascript-queries/2.3.9/Security/CWE-020/UselessRegExpCharacterEscape.ql...
Analyze (javascript)	Perform CodeQL Analysis	2026-05-13T22:00:33.8753543Z  ... found results file at /home/runner/work/_temp/codeql_databases/javascript/results/codeql/javascript-queries/Security/CWE-020/UselessRegExpCharacterEscape.bqrs.
Analyze (javascript)	Perform CodeQL Analysis	2026-05-13T22:00:33.8757451Z Interpreting /opt/hostedtoolcache/CodeQL/2.25.4/x64/codeql/qlpacks/codeql/javascript-queries/2.3.9/Security/CWE-312/CleartextStorage.ql...
Analyze (javascript)	Perform CodeQL Analysis	2026-05-13T22:00:33.8811118Z  ... found results file at /home/runner/work/_temp/codeql_databases/javascript/results/codeql/javascript-queries/Security/CWE-312/CleartextStorage.bqrs.
Analyze (javascript)	Perform CodeQL Analysis	2026-05-13T22:00:33.8817686Z Interpreting /opt/hostedtoolcache/CodeQL/2.25.4/x64/codeql/qlpacks/codeql/javascript-queries/2.3.9/Security/CWE-312/BuildArtifactLeak.ql...
Analyze (javascript)	Perform CodeQL Analysis	2026-05-13T22:00:33.8885681Z  ... found results file at /home/runner/work/_temp/codeql_databases/javascript/results/codeql/javascript-queries/Security/CWE-312/BuildArtifactLeak.bqrs.
Analyze (javascript)	Perform CodeQL Analysis	2026-05-13T22:00:33.8908356Z Interpreting /opt/hostedtoolcache/CodeQL/2.25.4/x64/codeql/qlpacks/codeql/javascript-queries/2.3.9/Security/CWE-312/CleartextLogging.ql...
Analyze (javascript)	Perform CodeQL Analysis	2026-05-13T22:00:33.8955668Z  ... found results file at /home/runner/work/_temp/codeql_databases/javascript/results/codeql/javascript-queries/Security/CWE-312/CleartextLogging.bqrs.
Analyze (javascript)	Perform CodeQL Analysis	2026-05-13T22:00:33.8973885Z Interpreting /opt/hostedtoolcache/CodeQL/2.25.4/x64/codeql/qlpacks/codeql/javascript-queries/2.3.9/Security/CWE-134/TaintedFormatString.ql...
Analyze (javascript)	Perform CodeQL Analysis	2026-05-13T22:00:33.9023757Z  ... found results file at /home/runner/work/_temp/codeql_databases/javascript/results/codeql/javascript-queries/Security/CWE-134/TaintedFormatString.bqrs.
Analyze (javascript)	Perform CodeQL Analysis	2026-05-13T22:00:33.9030111Z Interpreting /opt/hostedtoolcache/CodeQL/2.25.4/x64/codeql/qlpacks/codeql/javascript-queries/2.3.9/Security/CWE-178/CaseSensitiveMiddlewarePath.ql...
Analyze (javascript)	Perform CodeQL Analysis	2026-05-13T22:00:33.9096540Z  ... found results file at /home/runner/work/_temp/codeql_databases/javascript/results/codeql/javascript-queries/Security/CWE-178/CaseSensitiveMiddlewarePath.bqrs.
Analyze (javascript)	Perform CodeQL Analysis	2026-05-13T22:00:33.9100634Z Interpreting /opt/hostedtoolcache/CodeQL/2.25.4/x64/codeql/qlpacks/codeql/javascript-queries/2.3.9/Security/CWE-942/CorsPermissiveConfiguration.ql...
Analyze (javascript)	Perform CodeQL Analysis	2026-05-13T22:00:33.9149534Z  ... found results file at /home/runner/work/_temp/codeql_databases/javascript/results/codeql/javascript-queries/Security/CWE-942/CorsPermissiveConfiguration.bqrs.
Analyze (javascript)	Perform CodeQL Analysis	2026-05-13T22:00:33.9158011Z Interpreting /opt/hostedtoolcache/CodeQL/2.25.4/x64/codeql/qlpacks/codeql/javascript-queries/2.3.9/Security/CWE-643/XpathInjection.ql...
Analyze (javascript)	Perform CodeQL Analysis	2026-05-13T22:00:33.9223032Z  ... found results file at /home/runner/work/_temp/codeql_databases/javascript/results/codeql/javascript-queries/Security/CWE-643/XpathInjection.bqrs.
Analyze (javascript)	Perform CodeQL Analysis	2026-05-13T22:00:33.9226519Z Interpreting /opt/hostedtoolcache/CodeQL/2.25.4/x64/codeql/qlpacks/codeql/javascript-queries/2.3.9/Security/CWE-094/UnsafeDynamicMethodAccess.ql...
Analyze (javascript)	Perform CodeQL Analysis	2026-05-13T22:00:33.9285486Z  ... found results file at /home/runner/work/_temp/codeql_databases/javascript/results/codeql/javascript-queries/Security/CWE-094/UnsafeDynamicMethodAccess.bqrs.
Analyze (javascript)	Perform CodeQL Analysis	2026-05-13T22:00:33.9289814Z Interpreting /opt/hostedtoolcache/CodeQL/2.25.4/x64/codeql/qlpacks/codeql/javascript-queries/2.3.9/Security/CWE-094/CodeInjection.ql...
Analyze (javascript)	Perform CodeQL Analysis	2026-05-13T22:00:33.9345165Z  ... found results file at /home/runner/work/_temp/codeql_databases/javascript/results/codeql/javascript-queries/Security/CWE-094/CodeInjection.bqrs.
Analyze (javascript)	Perform CodeQL Analysis	2026-05-13T22:00:33.9355581Z Interpreting /opt/hostedtoolcache/CodeQL/2.25.4/x64/codeql/qlpacks/codeql/javascript-queries/2.3.9/Security/CWE-094/ImproperCodeSanitization.ql...
Analyze (javascript)	Perform CodeQL Analysis	2026-05-13T22:00:33.9413973Z  ... found results file at /home/runner/work/_temp/codeql_databases/javascript/results/codeql/javascript-queries/Security/CWE-094/ImproperCodeSanitization.bqrs.
Analyze (javascript)	Perform CodeQL Analysis	2026-05-13T22:00:33.9420157Z Interpreting /opt/hostedtoolcache/CodeQL/2.25.4/x64/codeql/qlpacks/codeql/javascript-queries/2.3.9/Security/CWE-201/PostMessageStar.ql...
Analyze (javascript)	Perform CodeQL Analysis	2026-05-13T22:00:33.9475853Z  ... found results file at /home/runner/work/_temp/codeql_databases/javascript/results/codeql/javascript-queries/Security/CWE-201/PostMessageStar.bqrs.
Analyze (javascript)	Perform CodeQL Analysis	2026-05-13T22:00:33.9485814Z Interpreting /opt/hostedtoolcache/CodeQL/2.25.4/x64/codeql/qlpacks/codeql/javascript-queries/2.3.9/Security/CWE-918/RequestForgery.ql...
Analyze (javascript)	Perform CodeQL Analysis	2026-05-13T22:00:33.9538518Z  ... found results file at /home/runner/work/_temp/codeql_databases/javascript/results/codeql/javascript-queries/Security/CWE-918/RequestForgery.bqrs.
Analyze (javascript)	Perform CodeQL Analysis	2026-05-13T22:00:33.9560394Z Interpreting /opt/hostedtoolcache/CodeQL/2.25.4/x64/codeql/qlpacks/codeql/javascript-queries/2.3.9/Security/CWE-073/TemplateObjectInjection.ql...
Analyze (javascript)	Perform CodeQL Analysis	2026-05-13T22:00:33.9595088Z  ... found results file at /home/runner/work/_temp/codeql_databases/javascript/results/codeql/javascript-queries/Security/CWE-073/TemplateObjectInjection.bqrs.
Analyze (javascript)	Perform CodeQL Analysis	2026-05-13T22:00:33.9604508Z Interpreting /opt/hostedtoolcache/CodeQL/2.25.4/x64/codeql/qlpacks/codeql/javascript-queries/2.3.9/Security/CWE-640/HostHeaderPoisoningInEmailGeneration.ql...
Analyze (javascript)	Perform CodeQL Analysis	2026-05-13T22:00:33.9667837Z  ... found results file at /home/runner/work/_temp/codeql_databases/javascript/results/codeql/javascript-queries/Security/CWE-640/HostHeaderPoisoningInEmailGeneration.bqrs.
Analyze (javascript)	Perform CodeQL Analysis	2026-05-13T22:00:33.9675271Z Interpreting /opt/hostedtoolcache/CodeQL/2.25.4/x64/codeql/qlpacks/codeql/javascript-queries/2.3.9/Security/CWE-022/TaintedPath.ql...
Analyze (javascript)	Perform CodeQL Analysis	2026-05-13T22:00:33.9736836Z  ... found results file at /home/runner/work/_temp/codeql_databases/javascript/results/codeql/javascript-queries/Security/CWE-022/TaintedPath.bqrs.
Analyze (javascript)	Perform CodeQL Analysis	2026-05-13T22:00:33.9744369Z Interpreting /opt/hostedtoolcache/CodeQL/2.25.4/x64/codeql/qlpacks/codeql/javascript-queries/2.3.9/Security/CWE-022/ZipSlip.ql...
Analyze (javascript)	Perform CodeQL Analysis	2026-05-13T22:00:33.9802044Z  ... found results file at /home/runner/work/_temp/codeql_databases/javascript/results/codeql/javascript-queries/Security/CWE-022/ZipSlip.bqrs.
Analyze (javascript)	Perform CodeQL Analysis	2026-05-13T22:00:33.9808973Z Interpreting /opt/hostedtoolcache/CodeQL/2.25.4/x64/codeql/qlpacks/codeql/javascript-queries/2.3.9/Security/CWE-915/PrototypePollutingMergeCall.ql...
Analyze (javascript)	Perform CodeQL Analysis	2026-05-13T22:00:33.9866232Z  ... found results file at /home/runner/work/_temp/codeql_databases/javascript/results/codeql/javascript-queries/Security/CWE-915/PrototypePollutingMergeCall.bqrs.
Analyze (javascript)	Perform CodeQL Analysis	2026-05-13T22:00:33.9896143Z Interpreting /opt/hostedtoolcache/CodeQL/2.25.4/x64/codeql/qlpacks/codeql/javascript-queries/2.3.9/Security/CWE-915/PrototypePollutingFunction.ql...
Analyze (javascript)	Perform CodeQL Analysis	2026-05-13T22:00:33.9942600Z  ... found results file at /home/runner/work/_temp/codeql_databases/javascript/results/codeql/javascript-queries/Security/CWE-915/PrototypePollutingFunction.bqrs.
Analyze (javascript)	Perform CodeQL Analysis	2026-05-13T22:00:33.9948873Z Interpreting /opt/hostedtoolcache/CodeQL/2.25.4/x64/codeql/qlpacks/codeql/javascript-queries/2.3.9/Security/CWE-915/PrototypePollutingAssignment.ql...
Analyze (javascript)	Perform CodeQL Analysis	2026-05-13T22:00:33.9999736Z  ... found results file at /home/runner/work/_temp/codeql_databases/javascript/results/codeql/javascript-queries/Security/CWE-915/PrototypePollutingAssignment.bqrs.
Analyze (javascript)	Perform CodeQL Analysis	2026-05-13T22:00:34.0005411Z Interpreting /opt/hostedtoolcache/CodeQL/2.25.4/x64/codeql/qlpacks/codeql/javascript-queries/2.3.9/Security/CWE-326/InsufficientKeySize.ql...
Analyze (javascript)	Perform CodeQL Analysis	2026-05-13T22:00:34.0061367Z  ... found results file at /home/runner/work/_temp/codeql_databases/javascript/results/codeql/javascript-queries/Security/CWE-326/InsufficientKeySize.bqrs.
Analyze (javascript)	Perform CodeQL Analysis	2026-05-13T22:00:34.0065941Z Interpreting /opt/hostedtoolcache/CodeQL/2.25.4/x64/codeql/qlpacks/codeql/javascript-queries/2.3.9/Security/CWE-079/XssThroughDom.ql...
Analyze (javascript)	Perform CodeQL Analysis	2026-05-13T22:00:34.0107096Z  ... found results file at /home/runner/work/_temp/codeql_databases/javascript/results/codeql/javascript-queries/Security/CWE-079/XssThroughDom.bqrs.
Analyze (javascript)	Perform CodeQL Analysis	2026-05-13T22:00:34.0126279Z Interpreting /opt/hostedtoolcache/CodeQL/2.25.4/x64/codeql/qlpacks/codeql/javascript-queries/2.3.9/Security/CWE-079/ExceptionXss.ql...
Analyze (javascript)	Perform CodeQL Analysis	2026-05-13T22:00:34.0161586Z  ... found results file at /home/runner/work/_temp/codeql_databases/javascript/results/codeql/javascript-queries/Security/CWE-079/ExceptionXss.bqrs.
Analyze (javascript)	Perform CodeQL Analysis	2026-05-13T22:00:34.0185567Z Interpreting /opt/hostedtoolcache/CodeQL/2.25.4/x64/codeql/qlpacks/codeql/javascript-queries/2.3.9/Security/CWE-079/StoredXss.ql...
Analyze (javascript)	Perform CodeQL Analysis	2026-05-13T22:00:34.0238986Z  ... found results file at /home/runner/work/_temp/codeql_databases/javascript/results/codeql/javascript-queries/Security/CWE-079/StoredXss.bqrs.
Analyze (javascript)	Perform CodeQL Analysis	2026-05-13T22:00:34.0246735Z Interpreting /opt/hostedtoolcache/CodeQL/2.25.4/x64/codeql/qlpacks/codeql/javascript-queries/2.3.9/Security/CWE-079/Xss.ql...
Analyze (javascript)	Perform CodeQL Analysis	2026-05-13T22:00:34.0295432Z  ... found results file at /home/runner/work/_temp/codeql_databases/javascript/results/codeql/javascript-queries/Security/CWE-079/Xss.bqrs.
Analyze (javascript)	Perform CodeQL Analysis	2026-05-13T22:00:34.0301465Z Interpreting /opt/hostedtoolcache/CodeQL/2.25.4/x64/codeql/qlpacks/codeql/javascript-queries/2.3.9/Security/CWE-079/UnsafeJQueryPlugin.ql...
Analyze (javascript)	Perform CodeQL Analysis	2026-05-13T22:00:34.0347528Z  ... found results file at /home/runner/work/_temp/codeql_databases/javascript/results/codeql/javascript-queries/Security/CWE-079/UnsafeJQueryPlugin.bqrs.
Analyze (javascript)	Perform CodeQL Analysis	2026-05-13T22:00:34.0360625Z Interpreting /opt/hostedtoolcache/CodeQL/2.25.4/x64/codeql/qlpacks/codeql/javascript-queries/2.3.9/Security/CWE-079/ReflectedXss.ql...
Analyze (javascript)	Perform CodeQL Analysis	2026-05-13T22:00:34.0435791Z  ... found results file at /home/runner/work/_temp/codeql_databases/javascript/results/codeql/javascript-queries/Security/CWE-079/ReflectedXss.bqrs.
Analyze (javascript)	Perform CodeQL Analysis	2026-05-13T22:00:34.0437865Z Interpreting /opt/hostedtoolcache/CodeQL/2.25.4/x64/codeql/qlpacks/codeql/javascript-queries/2.3.9/Security/CWE-079/UnsafeHtmlConstruction.ql...
Analyze (javascript)	Perform CodeQL Analysis	2026-05-13T22:00:34.0467690Z  ... found results file at /home/runner/work/_temp/codeql_databases/javascript/results/codeql/javascript-queries/Security/CWE-079/UnsafeHtmlConstruction.bqrs.
Analyze (javascript)	Perform CodeQL Analysis	2026-05-13T22:00:34.0496074Z Interpreting /opt/hostedtoolcache/CodeQL/2.25.4/x64/codeql/qlpacks/codeql/javascript-queries/2.3.9/Security/CWE-754/UnvalidatedDynamicMethodCall.ql...
Analyze (javascript)	Perform CodeQL Analysis	2026-05-13T22:00:34.0517711Z  ... found results file at /home/runner/work/_temp/codeql_databases/javascript/results/codeql/javascript-queries/Security/CWE-754/UnvalidatedDynamicMethodCall.bqrs.
Analyze (javascript)	Perform CodeQL Analysis	2026-05-13T22:00:34.0546119Z Interpreting /opt/hostedtoolcache/CodeQL/2.25.4/x64/codeql/qlpacks/codeql/javascript-queries/2.3.9/Security/CWE-776/XmlBomb.ql...
Analyze (javascript)	Perform CodeQL Analysis	2026-05-13T22:00:34.0577720Z  ... found results file at /home/runner/work/_temp/codeql_databases/javascript/results/codeql/javascript-queries/Security/CWE-776/XmlBomb.bqrs.
Analyze (javascript)	Perform CodeQL Analysis	2026-05-13T22:00:34.0583393Z Interpreting /opt/hostedtoolcache/CodeQL/2.25.4/x64/codeql/qlpacks/codeql/javascript-queries/2.3.9/Security/CWE-352/MissingCsrfMiddleware.ql...
Analyze (javascript)	Perform CodeQL Analysis	2026-05-13T22:00:34.0647347Z  ... found results file at /home/runner/work/_temp/codeql_databases/javascript/results/codeql/javascript-queries/Security/CWE-352/MissingCsrfMiddleware.bqrs.
Analyze (javascript)	Perform CodeQL Analysis	2026-05-13T22:00:34.0649556Z Interpreting /opt/hostedtoolcache/CodeQL/2.25.4/x64/codeql/qlpacks/codeql/javascript-queries/2.3.9/Security/CWE-693/InsecureHelmet.ql...
Analyze (javascript)	Perform CodeQL Analysis	2026-05-13T22:00:34.0698558Z  ... found results file at /home/runner/work/_temp/codeql_databases/javascript/results/codeql/javascript-queries/Security/CWE-693/InsecureHelmet.bqrs.
Analyze (javascript)	Perform CodeQL Analysis	2026-05-13T22:00:34.0707409Z Interpreting /opt/hostedtoolcache/CodeQL/2.25.4/x64/codeql/qlpacks/codeql/javascript-queries/2.3.9/Security/CWE-327/BadRandomness.ql...
Analyze (javascript)	Perform CodeQL Analysis	2026-05-13T22:00:34.0758934Z  ... found results file at /home/runner/work/_temp/codeql_databases/javascript/results/codeql/javascript-queries/Security/CWE-327/BadRandomness.bqrs.
Analyze (javascript)	Perform CodeQL Analysis	2026-05-13T22:00:34.0765574Z Interpreting /opt/hostedtoolcache/CodeQL/2.25.4/x64/codeql/qlpacks/codeql/javascript-queries/2.3.9/Security/CWE-327/BrokenCryptoAlgorithm.ql...
Analyze (javascript)	Perform CodeQL Analysis	2026-05-13T22:00:34.0836545Z  ... found results file at /home/runner/work/_temp/codeql_databases/javascript/results/codeql/javascript-queries/Security/CWE-327/BrokenCryptoAlgorithm.bqrs.
Analyze (javascript)	Perform CodeQL Analysis	2026-05-13T22:00:34.0840535Z Interpreting /opt/hostedtoolcache/CodeQL/2.25.4/x64/codeql/qlpacks/codeql/javascript-queries/2.3.9/Security/CWE-295/DisablingCertificateValidation.ql...
Analyze (javascript)	Perform CodeQL Analysis	2026-05-13T22:00:34.0890449Z  ... found results file at /home/runner/work/_temp/codeql_databases/javascript/results/codeql/javascript-queries/Security/CWE-295/DisablingCertificateValidation.bqrs.
Analyze (javascript)	Perform CodeQL Analysis	2026-05-13T22:00:34.0901791Z Interpreting /opt/hostedtoolcache/CodeQL/2.25.4/x64/codeql/qlpacks/codeql/javascript-queries/2.3.9/Security/CWE-830/FunctionalityFromUntrustedDomain.ql...
Analyze (javascript)	Perform CodeQL Analysis	2026-05-13T22:00:34.0953876Z  ... found results file at /home/runner/work/_temp/codeql_databases/javascript/results/codeql/javascript-queries/Security/CWE-830/FunctionalityFromUntrustedDomain.bqrs.
Analyze (javascript)	Perform CodeQL Analysis	2026-05-13T22:00:34.0959113Z Interpreting /opt/hostedtoolcache/CodeQL/2.25.4/x64/codeql/qlpacks/codeql/javascript-queries/2.3.9/Security/CWE-830/FunctionalityFromUntrustedSource.ql...
Analyze (javascript)	Perform CodeQL Analysis	2026-05-13T22:00:34.1011695Z  ... found results file at /home/runner/work/_temp/codeql_databases/javascript/results/codeql/javascript-queries/Security/CWE-830/FunctionalityFromUntrustedSource.bqrs.
Analyze (javascript)	Perform CodeQL Analysis	2026-05-13T22:00:34.1020614Z Interpreting /opt/hostedtoolcache/CodeQL/2.25.4/x64/codeql/qlpacks/codeql/javascript-queries/2.3.9/Security/CWE-089/SqlInjection.ql...
Analyze (javascript)	Perform CodeQL Analysis	2026-05-13T22:00:34.1074404Z  ... found results file at /home/runner/work/_temp/codeql_databases/javascript/results/codeql/javascript-queries/Security/CWE-089/SqlInjection.bqrs.
Analyze (javascript)	Perform CodeQL Analysis	2026-05-13T22:00:34.1082138Z Interpreting /opt/hostedtoolcache/CodeQL/2.25.4/x64/codeql/qlpacks/codeql/javascript-queries/2.3.9/Security/CWE-300/InsecureDependencyResolution.ql...
Analyze (javascript)	Perform CodeQL Analysis	2026-05-13T22:00:34.1133793Z  ... found results file at /home/runner/work/_temp/codeql_databases/javascript/results/codeql/javascript-queries/Security/CWE-300/InsecureDependencyResolution.bqrs.
Analyze (javascript)	Perform CodeQL Analysis	2026-05-13T22:00:34.1141174Z Interpreting /opt/hostedtoolcache/CodeQL/2.25.4/x64/codeql/qlpacks/codeql/javascript-queries/2.3.9/Security/CWE-770/MissingRateLimiting.ql...
Analyze (javascript)	Perform CodeQL Analysis	2026-05-13T22:00:34.1198140Z  ... found results file at /home/runner/work/_temp/codeql_databases/javascript/results/codeql/javascript-queries/Security/CWE-770/MissingRateLimiting.bqrs.
Analyze (javascript)	Perform CodeQL Analysis	2026-05-13T22:00:34.1203499Z Interpreting /opt/hostedtoolcache/CodeQL/2.25.4/x64/codeql/qlpacks/codeql/javascript-queries/2.3.9/Security/CWE-770/ResourceExhaustion.ql...
Analyze (javascript)	Perform CodeQL Analysis	2026-05-13T22:00:34.1259224Z  ... found results file at /home/runner/work/_temp/codeql_databases/javascript/results/codeql/javascript-queries/Security/CWE-770/ResourceExhaustion.bqrs.
Analyze (javascript)	Perform CodeQL Analysis	2026-05-13T22:00:34.1266464Z Interpreting /opt/hostedtoolcache/CodeQL/2.25.4/x64/codeql/qlpacks/codeql/javascript-queries/2.3.9/Performance/PolynomialReDoS.ql...
Analyze (javascript)	Perform CodeQL Analysis	2026-05-13T22:00:34.1333436Z  ... found results file at /home/runner/work/_temp/codeql_databases/javascript/results/codeql/javascript-queries/Performance/PolynomialReDoS.bqrs.
Analyze (javascript)	Perform CodeQL Analysis	2026-05-13T22:00:34.1336729Z Interpreting /opt/hostedtoolcache/CodeQL/2.25.4/x64/codeql/qlpacks/codeql/javascript-queries/2.3.9/Performance/ReDoS.ql...
Analyze (javascript)	Perform CodeQL Analysis	2026-05-13T22:00:34.1379440Z  ... found results file at /home/runner/work/_temp/codeql_databases/javascript/results/codeql/javascript-queries/Performance/ReDoS.bqrs.
Analyze (javascript)	Perform CodeQL Analysis	2026-05-13T22:00:34.1391255Z Interpreting /opt/hostedtoolcache/CodeQL/2.25.4/x64/codeql/qlpacks/codeql/javascript-queries/2.3.9/RegExp/IdentityReplacement.ql...
Analyze (javascript)	Perform CodeQL Analysis	2026-05-13T22:00:34.1437961Z  ... found results file at /home/runner/work/_temp/codeql_databases/javascript/results/codeql/javascript-queries/RegExp/IdentityReplacement.bqrs.
Analyze (javascript)	Perform CodeQL Analysis	2026-05-13T22:00:34.1445593Z Interpreting /opt/hostedtoolcache/CodeQL/2.25.4/x64/codeql/qlpacks/codeql/javascript-queries/2.3.9/Diagnostics/ExtractionErrors.ql...
Analyze (javascript)	Perform CodeQL Analysis	2026-05-13T22:00:34.1498286Z  ... found results file at /home/runner/work/_temp/codeql_databases/javascript/results/codeql/javascript-queries/Diagnostics/ExtractionErrors.bqrs.
Analyze (javascript)	Perform CodeQL Analysis	2026-05-13T22:00:34.1545521Z Interpreting /opt/hostedtoolcache/CodeQL/2.25.4/x64/codeql/qlpacks/codeql/javascript-queries/2.3.9/Diagnostics/ExtractedFiles.ql...
Analyze (javascript)	Perform CodeQL Analysis	2026-05-13T22:00:34.1626496Z  ... found results file at /home/runner/work/_temp/codeql_databases/javascript/results/codeql/javascript-queries/Diagnostics/ExtractedFiles.bqrs.
Analyze (javascript)	Perform CodeQL Analysis	2026-05-13T22:00:34.1639450Z Interpreting /opt/hostedtoolcache/CodeQL/2.25.4/x64/codeql/qlpacks/codeql/javascript-queries/2.3.9/Summary/LinesOfCode.ql...
Analyze (javascript)	Perform CodeQL Analysis	2026-05-13T22:00:34.1675632Z  ... found results file at /home/runner/work/_temp/codeql_databases/javascript/results/codeql/javascript-queries/Summary/LinesOfCode.bqrs.
Analyze (javascript)	Perform CodeQL Analysis	2026-05-13T22:00:34.1682292Z Interpreting /opt/hostedtoolcache/CodeQL/2.25.4/x64/codeql/qlpacks/codeql/javascript-queries/2.3.9/Summary/LinesOfUserCode.ql...
Analyze (javascript)	Perform CodeQL Analysis	2026-05-13T22:00:34.1729314Z  ... found results file at /home/runner/work/_temp/codeql_databases/javascript/results/codeql/javascript-queries/Summary/LinesOfUserCode.bqrs.
Analyze (javascript)	Perform CodeQL Analysis	2026-05-13T22:00:34.2548205Z Interpreted problem query "Double compilation" (js/angular/double-compilation) at path /home/runner/work/_temp/codeql_databases/javascript/results/codeql/javascript-queries/AngularJS/DoubleCompilation.bqrs.
Analyze (javascript)	Perform CodeQL Analysis	2026-05-13T22:00:34.2566496Z Interpreted problem query "Disabling SCE" (js/angular/disabling-sce) at path /home/runner/work/_temp/codeql_databases/javascript/results/codeql/javascript-queries/AngularJS/DisablingSce.bqrs.
Analyze (javascript)	Perform CodeQL Analysis	2026-05-13T22:00:34.2571636Z Interpreted problem query "Insecure URL whitelist" (js/angular/insecure-url-whitelist) at path /home/runner/work/_temp/codeql_databases/javascript/results/codeql/javascript-queries/AngularJS/InsecureUrlWhitelist.bqrs.
Analyze (javascript)	Perform CodeQL Analysis	2026-05-13T22:00:34.2576073Z Interpreted problem query "Enabling Electron allowRunningInsecureContent" (js/enabling-electron-insecure-content) at path /home/runner/work/_temp/codeql_databases/javascript/results/codeql/javascript-queries/Electron/AllowRunningInsecureContent.bqrs.
Analyze (javascript)	Perform CodeQL Analysis	2026-05-13T22:00:34.2610493Z Interpreted problem query "Disabling Electron webSecurity" (js/disabling-electron-websecurity) at path /home/runner/work/_temp/codeql_databases/javascript/results/codeql/javascript-queries/Electron/DisablingWebSecurity.bqrs.
Analyze (javascript)	Perform CodeQL Analysis	2026-05-13T22:00:34.2638390Z Interpreted pathproblem query "Use of password hash with insufficient computational effort" (js/insufficient-password-hash) at path /home/runner/work/_temp/codeql_databases/javascript/results/codeql/javascript-queries/Security/CWE-916/InsufficientPasswordHash.bqrs.
Analyze (javascript)	Perform CodeQL Analysis	2026-05-13T22:00:34.2667699Z Interpreted problem query "Exposure of private files" (js/exposure-of-private-files) at path /home/runner/work/_temp/codeql_databases/javascript/results/codeql/javascript-queries/Security/CWE-200/PrivateFileExposure.bqrs.
Analyze (javascript)	Perform CodeQL Analysis	2026-05-13T22:00:34.2684161Z Interpreted pathproblem query "Server crash" (js/server-crash) at path /home/runner/work/_temp/codeql_databases/javascript/results/codeql/javascript-queries/Security/CWE-730/ServerCrash.bqrs.
Analyze (javascript)	Perform CodeQL Analysis	2026-05-13T22:00:34.2687901Z Interpreted pathproblem query "Regular expression injection" (js/regex-injection) at path /home/runner/work/_temp/codeql_databases/javascript/results/codeql/javascript-queries/Security/CWE-730/RegExpInjection.bqrs.
Analyze (javascript)	Perform CodeQL Analysis	2026-05-13T22:00:34.2693304Z Interpreted pathproblem query "Loop bound injection" (js/loop-bound-injection) at path /home/runner/work/_temp/codeql_databases/javascript/results/codeql/javascript-queries/Security/CWE-834/LoopBoundInjection.bqrs.
Analyze (javascript)	Perform CodeQL Analysis	2026-05-13T22:00:34.2701857Z Interpreted pathproblem query "Client-side URL redirect" (js/client-side-unvalidated-url-redirection) at path /home/runner/work/_temp/codeql_databases/javascript/results/codeql/javascript-queries/Security/CWE-601/ClientSideUrlRedirect.bqrs.
Analyze (javascript)	Perform CodeQL Analysis	2026-05-13T22:00:34.2743079Z Interpreted pathproblem query "Server-side URL redirect" (js/server-side-unvalidated-url-redirection) at path /home/runner/work/_temp/codeql_databases/javascript/results/codeql/javascript-queries/Security/CWE-601/ServerSideUrlRedirect.bqrs.
Analyze (javascript)	Perform CodeQL Analysis	2026-05-13T22:00:34.2750849Z Interpreted problem query "Incomplete multi-character sanitization" (js/incomplete-multi-character-sanitization) at path /home/runner/work/_temp/codeql_databases/javascript/results/codeql/javascript-queries/Security/CWE-116/IncompleteMultiCharacterSanitization.bqrs.
Analyze (javascript)	Perform CodeQL Analysis	2026-05-13T22:00:34.2759705Z Interpreted problem query "Double escaping or unescaping" (js/double-escaping) at path /home/runner/work/_temp/codeql_databases/javascript/results/codeql/javascript-queries/Security/CWE-116/DoubleEscaping.bqrs.
Analyze (javascript)	Perform CodeQL Analysis	2026-05-13T22:00:34.2763876Z Interpreted pathproblem query "Incomplete HTML attribute sanitization" (js/incomplete-html-attribute-sanitization) at path /home/runner/work/_temp/codeql_databases/javascript/results/codeql/javascript-queries/Security/CWE-116/IncompleteHtmlAttributeSanitization.bqrs.
Analyze (javascript)	Perform CodeQL Analysis	2026-05-13T22:00:34.2773803Z Interpreted problem query "Unsafe expansion of self-closing HTML tag" (js/unsafe-html-expansion) at path /home/runner/work/_temp/codeql_databases/javascript/results/codeql/javascript-queries/Security/CWE-116/UnsafeHtmlExpansion.bqrs.
Analyze (javascript)	Perform CodeQL Analysis	2026-05-13T22:00:34.2826449Z Interpreted problem query "Bad HTML filtering regexp" (js/bad-tag-filter) at path /home/runner/work/_temp/codeql_databases/javascript/results/codeql/javascript-queries/Security/CWE-116/BadTagFilter.bqrs.
Analyze (javascript)	Perform CodeQL Analysis	2026-05-13T22:00:34.2841595Z Interpreted problem query "Incomplete string escaping or encoding" (js/incomplete-sanitization) at path /home/runner/work/_temp/codeql_databases/javascript/results/codeql/javascript-queries/Security/CWE-116/IncompleteSanitization.bqrs.
Analyze (javascript)	Perform CodeQL Analysis	2026-05-13T22:00:34.2849552Z Interpreted pathproblem query "Insecure randomness" (js/insecure-randomness) at path /home/runner/work/_temp/codeql_databases/javascript/results/codeql/javascript-queries/Security/CWE-338/InsecureRandomness.bqrs.
Analyze (javascript)	Perform CodeQL Analysis	2026-05-13T22:00:34.2852855Z Interpreted pathproblem query "Download of sensitive file through insecure connection" (js/insecure-download) at path /home/runner/work/_temp/codeql_databases/javascript/results/codeql/javascript-queries/Security/CWE-829/InsecureDownload.bqrs.
Analyze (javascript)	Perform CodeQL Analysis	2026-05-13T22:00:34.2856732Z Interpreted pathproblem query "CORS misconfiguration for credentials transfer" (js/cors-misconfiguration-for-credentials) at path /home/runner/work/_temp/codeql_databases/javascript/results/codeql/javascript-queries/Security/CWE-346/CorsMisconfigurationForCredentials.bqrs.
Analyze (javascript)	Perform CodeQL Analysis	2026-05-13T22:00:34.2861109Z Interpreted pathproblem query "Resources exhaustion from deep object traversal" (js/resource-exhaustion-from-deep-object-traversal) at path /home/runner/work/_temp/codeql_databases/javascript/results/codeql/javascript-queries/Security/CWE-400/DeepObjectResourceExhaustion.bqrs.
Analyze (javascript)	Perform CodeQL Analysis	2026-05-13T22:00:34.2872762Z Interpreted pathproblem query "Second order command injection" (js/second-order-command-line-injection) at path /home/runner/work/_temp/codeql_databases/javascript/results/codeql/javascript-queries/Security/CWE-078/SecondOrderCommandInjection.bqrs.
Analyze (javascript)	Perform CodeQL Analysis	2026-05-13T22:00:34.2877343Z Interpreted pathproblem query "Unsafe shell command constructed from library input" (js/shell-command-constructed-from-input) at path /home/runner/work/_temp/codeql_databases/javascript/results/codeql/javascript-queries/Security/CWE-078/UnsafeShellCommandConstruction.bqrs.
Analyze (javascript)	Perform CodeQL Analysis	2026-05-13T22:00:34.2880795Z Interpreted pathproblem query "Shell command built from environment values" (js/shell-command-injection-from-environment) at path /home/runner/work/_temp/codeql_databases/javascript/results/codeql/javascript-queries/Security/CWE-078/ShellCommandInjectionFromEnvironment.bqrs.
Analyze (javascript)	Perform CodeQL Analysis	2026-05-13T22:00:34.2883858Z Interpreted problem query "Unnecessary use of `cat` process" (js/unnecessary-use-of-cat) at path /home/runner/work/_temp/codeql_databases/javascript/results/codeql/javascript-queries/Security/CWE-078/UselessUseOfCat.bqrs.
Analyze (javascript)	Perform CodeQL Analysis	2026-05-13T22:00:34.2886858Z Interpreted pathproblem query "Uncontrolled command line" (js/command-line-injection) at path /home/runner/work/_temp/codeql_databases/javascript/results/codeql/javascript-queries/Security/CWE-078/CommandInjection.bqrs.
Analyze (javascript)	Perform CodeQL Analysis	2026-05-13T22:00:34.2890398Z Interpreted problem query "Clear text transmission of sensitive cookie" (js/clear-text-cookie) at path /home/runner/work/_temp/codeql_databases/javascript/results/codeql/javascript-queries/Security/CWE-614/ClearTextCookie.bqrs.
Analyze (javascript)	Perform CodeQL Analysis	2026-05-13T22:00:34.2893225Z Interpreted pathproblem query "Information exposure through a stack trace" (js/stack-trace-exposure) at path /home/runner/work/_temp/codeql_databases/javascript/results/codeql/javascript-queries/Security/CWE-209/StackTraceExposure.bqrs.
Analyze (javascript)	Perform CodeQL Analysis	2026-05-13T22:00:34.2896254Z Interpreted problem query "Sensitive server cookie exposed to the client" (js/client-exposed-cookie) at path /home/runner/work/_temp/codeql_databases/javascript/results/codeql/javascript-queries/Security/CWE-1004/ClientExposedCookie.bqrs.
Analyze (javascript)	Perform CodeQL Analysis	2026-05-13T22:00:34.2899197Z Interpreted problem query "JWT missing secret or public key verification" (js/jwt-missing-verification) at path /home/runner/work/_temp/codeql_databases/javascript/results/codeql/javascript-queries/Security/CWE-347/MissingJWTKeyVerification.bqrs.
Analyze (javascript)	Perform CodeQL Analysis	2026-05-13T22:00:34.2902388Z Interpreted pathproblem query "Deserialization of user-controlled data" (js/unsafe-deserialization) at path /home/runner/work/_temp/codeql_databases/javascript/results/codeql/javascript-queries/Security/CWE-502/UnsafeDeserialization.bqrs.
Analyze (javascript)	Perform CodeQL Analysis	2026-05-13T22:00:34.2905142Z Interpreted pathproblem query "XML external entity expansion" (js/xxe) at path /home/runner/work/_temp/codeql_databases/javascript/results/codeql/javascript-queries/Security/CWE-611/Xxe.bqrs.
Analyze (javascript)	Perform CodeQL Analysis	2026-05-13T22:00:34.2907603Z Interpreted problem query "Sensitive data read from GET request" (js/sensitive-get-query) at path /home/runner/work/_temp/codeql_databases/javascript/results/codeql/javascript-queries/Security/CWE-598/SensitiveGetQuery.bqrs.
Analyze (javascript)	Perform CodeQL Analysis	2026-05-13T22:00:34.2910661Z Interpreted pathproblem query "Type confusion through parameter tampering" (js/type-confusion-through-parameter-tampering) at path /home/runner/work/_temp/codeql_databases/javascript/results/codeql/javascript-queries/Security/CWE-843/TypeConfusionThroughParameterTampering.bqrs.
Analyze (javascript)	Perform CodeQL Analysis	2026-05-13T22:00:34.2914125Z Interpreted problem query "Incomplete regular expression for hostnames" (js/incomplete-hostname-regexp) at path /home/runner/work/_temp/codeql_databases/javascript/results/codeql/javascript-queries/Security/CWE-020/IncompleteHostnameRegExp.bqrs.
Analyze (javascript)	Perform CodeQL Analysis	2026-05-13T22:00:34.2917173Z Interpreted problem query "Incomplete URL scheme check" (js/incomplete-url-scheme-check) at path /home/runner/work/_temp/codeql_databases/javascript/results/codeql/javascript-queries/Security/CWE-020/IncompleteUrlSchemeCheck.bqrs.
Analyze (javascript)	Perform CodeQL Analysis	2026-05-13T22:00:34.2919909Z Interpreted problem query "Overly permissive regular expression range" (js/overly-large-range) at path /home/runner/work/_temp/codeql_databases/javascript/results/codeql/javascript-queries/Security/CWE-020/OverlyLargeRange.bqrs.
Analyze (javascript)	Perform CodeQL Analysis	2026-05-13T22:00:34.2922707Z Interpreted problem query "Incorrect suffix check" (js/incorrect-suffix-check) at path /home/runner/work/_temp/codeql_databases/javascript/results/codeql/javascript-queries/Security/CWE-020/IncorrectSuffixCheck.bqrs.
Analyze (javascript)	Perform CodeQL Analysis	2026-05-13T22:00:34.2925807Z Interpreted problem query "Incomplete URL substring sanitization" (js/incomplete-url-substring-sanitization) at path /home/runner/work/_temp/codeql_databases/javascript/results/codeql/javascript-queries/Security/CWE-020/IncompleteUrlSubstringSanitization.bqrs.
Analyze (javascript)	Perform CodeQL Analysis	2026-05-13T22:00:34.2929045Z Interpreted problem query "Useless regular-expression character escape" (js/useless-regexp-character-escape) at path /home/runner/work/_temp/codeql_databases/javascript/results/codeql/javascript-queries/Security/CWE-020/UselessRegExpCharacterEscape.bqrs.
Analyze (javascript)	Perform CodeQL Analysis	2026-05-13T22:00:34.2932173Z Interpreted pathproblem query "Clear text storage of sensitive information" (js/clear-text-storage-of-sensitive-data) at path /home/runner/work/_temp/codeql_databases/javascript/results/codeql/javascript-queries/Security/CWE-312/CleartextStorage.bqrs.
Analyze (javascript)	Perform CodeQL Analysis	2026-05-13T22:00:34.2935572Z Interpreted pathproblem query "Storage of sensitive information in build artifact" (js/build-artifact-leak) at path /home/runner/work/_temp/codeql_databases/javascript/results/codeql/javascript-queries/Security/CWE-312/BuildArtifactLeak.bqrs.
Analyze (javascript)	Perform CodeQL Analysis	2026-05-13T22:00:34.2938473Z Interpreted pathproblem query "Clear-text logging of sensitive information" (js/clear-text-logging) at path /home/runner/work/_temp/codeql_databases/javascript/results/codeql/javascript-queries/Security/CWE-312/CleartextLogging.bqrs.
Analyze (javascript)	Perform CodeQL Analysis	2026-05-13T22:00:34.2941446Z Interpreted pathproblem query "Use of externally-controlled format string" (js/tainted-format-string) at path /home/runner/work/_temp/codeql_databases/javascript/results/codeql/javascript-queries/Security/CWE-134/TaintedFormatString.bqrs.
Analyze (javascript)	Perform CodeQL Analysis	2026-05-13T22:00:34.2944450Z Interpreted problem query "Case-sensitive middleware path" (js/case-sensitive-middleware-path) at path /home/runner/work/_temp/codeql_databases/javascript/results/codeql/javascript-queries/Security/CWE-178/CaseSensitiveMiddlewarePath.bqrs.
Analyze (javascript)	Perform CodeQL Analysis	2026-05-13T22:00:34.2947753Z Interpreted pathproblem query "Permissive CORS configuration" (js/cors-permissive-configuration) at path /home/runner/work/_temp/codeql_databases/javascript/results/codeql/javascript-queries/Security/CWE-942/CorsPermissiveConfiguration.bqrs.
Analyze (javascript)	Perform CodeQL Analysis	2026-05-13T22:00:34.2950559Z Interpreted pathproblem query "XPath injection" (js/xpath-injection) at path /home/runner/work/_temp/codeql_databases/javascript/results/codeql/javascript-queries/Security/CWE-643/XpathInjection.bqrs.
Analyze (javascript)	Perform CodeQL Analysis	2026-05-13T22:00:34.2953327Z Interpreted pathproblem query "Unsafe dynamic method access" (js/unsafe-dynamic-method-access) at path /home/runner/work/_temp/codeql_databases/javascript/results/codeql/javascript-queries/Security/CWE-094/UnsafeDynamicMethodAccess.bqrs.
Analyze (javascript)	Perform CodeQL Analysis	2026-05-13T22:00:34.2956103Z Interpreted pathproblem query "Code injection" (js/code-injection) at path /home/runner/work/_temp/codeql_databases/javascript/results/codeql/javascript-queries/Security/CWE-094/CodeInjection.bqrs.
Analyze (javascript)	Perform CodeQL Analysis	2026-05-13T22:00:34.2958780Z Interpreted pathproblem query "Improper code sanitization" (js/bad-code-sanitization) at path /home/runner/work/_temp/codeql_databases/javascript/results/codeql/javascript-queries/Security/CWE-094/ImproperCodeSanitization.bqrs.
Analyze (javascript)	Perform CodeQL Analysis	2026-05-13T22:00:34.2961684Z Interpreted pathproblem query "Cross-window communication with unrestricted target origin" (js/cross-window-information-leak) at path /home/runner/work/_temp/codeql_databases/javascript/results/codeql/javascript-queries/Security/CWE-201/PostMessageStar.bqrs.
Analyze (javascript)	Perform CodeQL Analysis	2026-05-13T22:00:34.2964522Z Interpreted pathproblem query "Server-side request forgery" (js/request-forgery) at path /home/runner/work/_temp/codeql_databases/javascript/results/codeql/javascript-queries/Security/CWE-918/RequestForgery.bqrs.
Analyze (javascript)	Perform CodeQL Analysis	2026-05-13T22:00:34.2967747Z Interpreted pathproblem query "Template Object Injection" (js/template-object-injection) at path /home/runner/work/_temp/codeql_databases/javascript/results/codeql/javascript-queries/Security/CWE-073/TemplateObjectInjection.bqrs.
Analyze (javascript)	Perform CodeQL Analysis	2026-05-13T22:00:34.2970857Z Interpreted pathproblem query "Host header poisoning in email generation" (js/host-header-forgery-in-email-generation) at path /home/runner/work/_temp/codeql_databases/javascript/results/codeql/javascript-queries/Security/CWE-640/HostHeaderPoisoningInEmailGeneration.bqrs.
Analyze (javascript)	Perform CodeQL Analysis	2026-05-13T22:00:34.2973893Z Interpreted pathproblem query "Uncontrolled data used in path expression" (js/path-injection) at path /home/runner/work/_temp/codeql_databases/javascript/results/codeql/javascript-queries/Security/CWE-022/TaintedPath.bqrs.
Analyze (javascript)	Perform CodeQL Analysis	2026-05-13T22:00:34.2976744Z Interpreted pathproblem query "Arbitrary file access during archive extraction ("Zip Slip")" (js/zipslip) at path /home/runner/work/_temp/codeql_databases/javascript/results/codeql/javascript-queries/Security/CWE-022/ZipSlip.bqrs.
Analyze (javascript)	Perform CodeQL Analysis	2026-05-13T22:00:34.2979524Z Interpreted pathproblem query "Prototype-polluting merge call" (js/prototype-pollution) at path /home/runner/work/_temp/codeql_databases/javascript/results/codeql/javascript-queries/Security/CWE-915/PrototypePollutingMergeCall.bqrs.
Analyze (javascript)	Perform CodeQL Analysis	2026-05-13T22:00:34.2982440Z Interpreted pathproblem query "Prototype-polluting function" (js/prototype-pollution-utility) at path /home/runner/work/_temp/codeql_databases/javascript/results/codeql/javascript-queries/Security/CWE-915/PrototypePollutingFunction.bqrs.
Analyze (javascript)	Perform CodeQL Analysis	2026-05-13T22:00:34.2985627Z Interpreted pathproblem query "Prototype-polluting assignment" (js/prototype-polluting-assignment) at path /home/runner/work/_temp/codeql_databases/javascript/results/codeql/javascript-queries/Security/CWE-915/PrototypePollutingAssignment.bqrs.
Analyze (javascript)	Perform CodeQL Analysis	2026-05-13T22:00:34.2988474Z Interpreted problem query "Use of a weak cryptographic key" (js/insufficient-key-size) at path /home/runner/work/_temp/codeql_databases/javascript/results/codeql/javascript-queries/Security/CWE-326/InsufficientKeySize.bqrs.
Analyze (javascript)	Perform CodeQL Analysis	2026-05-13T22:00:34.2991085Z Interpreted pathproblem query "DOM text reinterpreted as HTML" (js/xss-through-dom) at path /home/runner/work/_temp/codeql_databases/javascript/results/codeql/javascript-queries/Security/CWE-079/XssThroughDom.bqrs.
Analyze (javascript)	Perform CodeQL Analysis	2026-05-13T22:00:34.2993719Z Interpreted pathproblem query "Exception text reinterpreted as HTML" (js/xss-through-exception) at path /home/runner/work/_temp/codeql_databases/javascript/results/codeql/javascript-queries/Security/CWE-079/ExceptionXss.bqrs.
Analyze (javascript)	Perform CodeQL Analysis	2026-05-13T22:00:34.2996443Z Interpreted pathproblem query "Stored cross-site scripting" (js/stored-xss) at path /home/runner/work/_temp/codeql_databases/javascript/results/codeql/javascript-queries/Security/CWE-079/StoredXss.bqrs.
Analyze (javascript)	Perform CodeQL Analysis	2026-05-13T22:00:34.2998750Z Interpreted pathproblem query "Client-side cross-site scripting" (js/xss) at path /home/runner/work/_temp/codeql_databases/javascript/results/codeql/javascript-queries/Security/CWE-079/Xss.bqrs.
Analyze (javascript)	Perform CodeQL Analysis	2026-05-13T22:00:34.3001131Z Interpreted pathproblem query "Unsafe jQuery plugin" (js/unsafe-jquery-plugin) at path /home/runner/work/_temp/codeql_databases/javascript/results/codeql/javascript-queries/Security/CWE-079/UnsafeJQueryPlugin.bqrs.
Analyze (javascript)	Perform CodeQL Analysis	2026-05-13T22:00:34.3004048Z Interpreted pathproblem query "Reflected cross-site scripting" (js/reflected-xss) at path /home/runner/work/_temp/codeql_databases/javascript/results/codeql/javascript-queries/Security/CWE-079/ReflectedXss.bqrs.
Analyze (javascript)	Perform CodeQL Analysis	2026-05-13T22:00:34.3007092Z Interpreted pathproblem query "Unsafe HTML constructed from library input" (js/html-constructed-from-input) at path /home/runner/work/_temp/codeql_databases/javascript/results/codeql/javascript-queries/Security/CWE-079/UnsafeHtmlConstruction.bqrs.
Analyze (javascript)	Perform CodeQL Analysis	2026-05-13T22:00:34.3010110Z Interpreted pathproblem query "Unvalidated dynamic method call" (js/unvalidated-dynamic-method-call) at path /home/runner/work/_temp/codeql_databases/javascript/results/codeql/javascript-queries/Security/CWE-754/UnvalidatedDynamicMethodCall.bqrs.
Analyze (javascript)	Perform CodeQL Analysis	2026-05-13T22:00:34.3013058Z Interpreted pathproblem query "XML internal entity expansion" (js/xml-bomb) at path /home/runner/work/_temp/codeql_databases/javascript/results/codeql/javascript-queries/Security/CWE-776/XmlBomb.bqrs.
Analyze (javascript)	Perform CodeQL Analysis	2026-05-13T22:00:34.3016020Z Interpreted problem query "Missing CSRF middleware" (js/missing-token-validation) at path /home/runner/work/_temp/codeql_databases/javascript/results/codeql/javascript-queries/Security/CWE-352/MissingCsrfMiddleware.bqrs.
Analyze (javascript)	Perform CodeQL Analysis	2026-05-13T22:00:34.3018859Z Interpreted problem query "Insecure configuration of Helmet security middleware" (js/insecure-helmet-configuration) at path /home/runner/work/_temp/codeql_databases/javascript/results/codeql/javascript-queries/Security/CWE-693/InsecureHelmet.bqrs.
Analyze (javascript)	Perform CodeQL Analysis	2026-05-13T22:00:34.3021946Z Interpreted problem query "Creating biased random numbers from a cryptographically secure source" (js/biased-cryptographic-random) at path /home/runner/work/_temp/codeql_databases/javascript/results/codeql/javascript-queries/Security/CWE-327/BadRandomness.bqrs.
Analyze (javascript)	Perform CodeQL Analysis	2026-05-13T22:00:34.3025362Z Interpreted pathproblem query "Use of a broken or weak cryptographic algorithm" (js/weak-cryptographic-algorithm) at path /home/runner/work/_temp/codeql_databases/javascript/results/codeql/javascript-queries/Security/CWE-327/BrokenCryptoAlgorithm.bqrs.
Analyze (javascript)	Perform CodeQL Analysis	2026-05-13T22:00:34.3028335Z Interpreted problem query "Disabling certificate validation" (js/disabling-certificate-validation) at path /home/runner/work/_temp/codeql_databases/javascript/results/codeql/javascript-queries/Security/CWE-295/DisablingCertificateValidation.bqrs.
Analyze (javascript)	Perform CodeQL Analysis	2026-05-13T22:00:34.3031457Z Interpreted problem query "Untrusted domain used in script or other content" (js/functionality-from-untrusted-domain) at path /home/runner/work/_temp/codeql_databases/javascript/results/codeql/javascript-queries/Security/CWE-830/FunctionalityFromUntrustedDomain.bqrs.
Analyze (javascript)	Perform CodeQL Analysis	2026-05-13T22:00:34.3034894Z Interpreted problem query "Inclusion of functionality from an untrusted source" (js/functionality-from-untrusted-source) at path /home/runner/work/_temp/codeql_databases/javascript/results/codeql/javascript-queries/Security/CWE-830/FunctionalityFromUntrustedSource.bqrs.
Analyze (javascript)	Perform CodeQL Analysis	2026-05-13T22:00:34.3037845Z Interpreted pathproblem query "Database query built from user-controlled sources" (js/sql-injection) at path /home/runner/work/_temp/codeql_databases/javascript/results/codeql/javascript-queries/Security/CWE-089/SqlInjection.bqrs.
Analyze (javascript)	Perform CodeQL Analysis	2026-05-13T22:00:34.3040841Z Interpreted problem query "Dependency download using unencrypted communication channel" (js/insecure-dependency) at path /home/runner/work/_temp/codeql_databases/javascript/results/codeql/javascript-queries/Security/CWE-300/InsecureDependencyResolution.bqrs.
Analyze (javascript)	Perform CodeQL Analysis	2026-05-13T22:00:34.3043683Z Interpreted problem query "Missing rate limiting" (js/missing-rate-limiting) at path /home/runner/work/_temp/codeql_databases/javascript/results/codeql/javascript-queries/Security/CWE-770/MissingRateLimiting.bqrs.
Analyze (javascript)	Perform CodeQL Analysis	2026-05-13T22:00:34.3046469Z Interpreted pathproblem query "Resource exhaustion" (js/resource-exhaustion) at path /home/runner/work/_temp/codeql_databases/javascript/results/codeql/javascript-queries/Security/CWE-770/ResourceExhaustion.bqrs.
Analyze (javascript)	Perform CodeQL Analysis	2026-05-13T22:00:34.3049169Z Interpreted pathproblem query "Polynomial regular expression used on uncontrolled data" (js/polynomial-redos) at path /home/runner/work/_temp/codeql_databases/javascript/results/codeql/javascript-queries/Performance/PolynomialReDoS.bqrs.
Analyze (javascript)	Perform CodeQL Analysis	2026-05-13T22:00:34.3052015Z Interpreted problem query "Inefficient regular expression" (js/redos) at path /home/runner/work/_temp/codeql_databases/javascript/results/codeql/javascript-queries/Performance/ReDoS.bqrs.
Analyze (javascript)	Perform CodeQL Analysis	2026-05-13T22:00:34.3054468Z Interpreted problem query "Replacement of a substring with itself" (js/identity-replacement) at path /home/runner/work/_temp/codeql_databases/javascript/results/codeql/javascript-queries/RegExp/IdentityReplacement.bqrs.
Analyze (javascript)	Perform CodeQL Analysis	2026-05-13T22:00:34.3057418Z Interpreted diagnostic query "Extraction errors" (js/diagnostics/extraction-errors) at path /home/runner/work/_temp/codeql_databases/javascript/results/codeql/javascript-queries/Diagnostics/ExtractionErrors.bqrs.
Analyze (javascript)	Perform CodeQL Analysis	2026-05-13T22:00:34.3060338Z Interpreted diagnostic query "Extracted files" (js/diagnostics/successfully-extracted-files) at path /home/runner/work/_temp/codeql_databases/javascript/results/codeql/javascript-queries/Diagnostics/ExtractedFiles.bqrs.
Analyze (javascript)	Perform CodeQL Analysis	2026-05-13T22:00:34.3063010Z Interpreted metric query "Total lines of JavaScript and TypeScript code in the database" (js/summary/lines-of-code) at path /home/runner/work/_temp/codeql_databases/javascript/results/codeql/javascript-queries/Summary/LinesOfCode.bqrs.
Analyze (javascript)	Perform CodeQL Analysis	2026-05-13T22:00:34.3066147Z Interpreted metric query "Total lines of user written JavaScript and TypeScript code in the database" (js/summary/lines-of-user-code) at path /home/runner/work/_temp/codeql_databases/javascript/results/codeql/javascript-queries/Summary/LinesOfUserCode.bqrs.
Analyze (javascript)	Perform CodeQL Analysis	2026-05-13T22:00:34.3068113Z Reading source archive /home/runner/work/_temp/codeql_databases/javascript/src.zip
Analyze (javascript)	Perform CodeQL Analysis	2026-05-13T22:00:34.8875495Z Loaded file baseline information.
Analyze (javascript)	Perform CodeQL Analysis	2026-05-13T22:00:34.9009080Z Interpreting file coverage baseline information
Analyze (javascript)	Perform CodeQL Analysis	2026-05-13T22:00:34.9009952Z Finished interpreting file coverage baseline information.
Analyze (javascript)	Perform CodeQL Analysis	2026-05-13T22:00:34.9010594Z Interpreting diagnostic messages...
Analyze (javascript)	Perform CodeQL Analysis	2026-05-13T22:00:34.9345618Z Found 6 raw diagnostic messages.
Analyze (javascript)	Perform CodeQL Analysis	2026-05-13T22:00:34.9448390Z Processed diagnostic messages (removed 0 due to limits, created 0 summary diagnostics for status page).
Analyze (javascript)	Perform CodeQL Analysis	2026-05-13T22:00:34.9473553Z Interpreted diagnostic messages (44ms).
Analyze (javascript)	Perform CodeQL Analysis	2026-05-13T22:00:35.1772736Z Exporting results to SARIF...
Analyze (javascript)	Perform CodeQL Analysis	2026-05-13T22:00:35.5326897Z Exported results to SARIF (356ms).
Analyze (javascript)	Perform CodeQL Analysis	2026-05-13T22:00:35.5635311Z ##[endgroup]
Analyze (javascript)	Perform CodeQL Analysis	2026-05-13T22:00:35.5636747Z CodeQL scanned 1715 out of 1716 JavaScript files and 7 out of 7 GitHub Actions files in this invocation. Check the status page for overall coverage information: https://github.com/neomjs/neo/security/code-scanning/tools/CodeQL/status/
Analyze (javascript)	Perform CodeQL Analysis	2026-05-13T22:00:35.5638199Z 
Analyze (javascript)	Perform CodeQL Analysis	2026-05-13T22:00:35.5638915Z To speed up pull request analysis, file coverage information is only enabled when analyzing the default branch and protected branches.
Analyze (javascript)	Perform CodeQL Analysis	2026-05-13T22:00:35.5647984Z Post-processing sarif files: ["/home/runner/work/neo/results/javascript.sarif"]
Analyze (javascript)	Perform CodeQL Analysis	2026-05-13T22:00:35.5810580Z Adding fingerprints to SARIF file. See https://docs.github.com/en/code-security/reference/code-scanning/sarif-support-for-code-scanning#data-for-preventing-duplicated-alerts for more information.
Analyze (javascript)	Perform CodeQL Analysis	2026-05-13T22:00:35.5813515Z ##[group]Uploading code scanning results
Analyze (javascript)	Perform CodeQL Analysis	2026-05-13T22:00:35.6511248Z Uploading results
Analyze (javascript)	Perform CodeQL Analysis	2026-05-13T22:00:36.3643838Z Successfully uploaded results
Analyze (javascript)	Perform CodeQL Analysis	2026-05-13T22:00:36.3644958Z ##[endgroup]
Analyze (javascript)	Perform CodeQL Analysis	2026-05-13T22:00:36.3748659Z ##[group]Waiting for processing to finish
Analyze (javascript)	Perform CodeQL Analysis	2026-05-13T22:00:36.6308758Z Analysis upload status is pending.
Analyze (javascript)	Perform CodeQL Analysis	2026-05-13T22:00:41.7904200Z Analysis upload status is complete.
Analyze (javascript)	Perform CodeQL Analysis	2026-05-13T22:00:41.7905486Z ##[endgroup]
Analyze (javascript)	Post Perform CodeQL Analysis	﻿2026-05-13T22:00:42.0373826Z Post job cleanup.
Analyze (javascript)	Post Initialize CodeQL	﻿2026-05-13T22:00:42.9122994Z Post job cleanup.
Analyze (javascript)	Post Initialize CodeQL	2026-05-13T22:00:43.7737232Z CodeQL job status was success.
Analyze (javascript)	Post Initialize CodeQL	2026-05-13T22:00:43.7787907Z Sending status report for init-post step.
Analyze (javascript)	Post Initialize CodeQL	2026-05-13T22:00:43.9567392Z Status report sent for init-post step.
Analyze (javascript)	Post Checkout repository	﻿2026-05-13T22:00:44.0007243Z Post job cleanup.
Analyze (javascript)	Post Checkout repository	2026-05-13T22:00:44.0840513Z [command]/usr/bin/git version
Analyze (javascript)	Post Checkout repository	2026-05-13T22:00:44.0877841Z git version 2.53.0
Analyze (javascript)	Post Checkout repository	2026-05-13T22:00:44.0919115Z Temporarily overriding HOME='/home/runner/work/_temp/84ee3742-604e-442d-80ce-29e9aed5dfe4' before making global git config changes
Analyze (javascript)	Post Checkout repository	2026-05-13T22:00:44.0920572Z Adding repository directory to the temporary git global config as a safe directory
Analyze (javascript)	Post Checkout repository	2026-05-13T22:00:44.0925810Z [command]/usr/bin/git config --global --add safe.directory /home/runner/work/neo/neo
Analyze (javascript)	Post Checkout repository	2026-05-13T22:00:44.0957244Z Removing SSH command configuration
Analyze (javascript)	Post Checkout repository	2026-05-13T22:00:44.0965113Z [command]/usr/bin/git config --local --name-only --get-regexp core\.sshCommand
Analyze (javascript)	Post Checkout repository	2026-05-13T22:00:44.1023806Z [command]/usr/bin/git submodule foreach --recursive sh -c "git config --local --name-only --get-regexp 'core\.sshCommand' && git config --local --unset-all 'core.sshCommand' || :"
Analyze (javascript)	Post Checkout repository	2026-05-13T22:00:44.1254217Z Removing HTTP extra header
Analyze (javascript)	Post Checkout repository	2026-05-13T22:00:44.1260762Z [command]/usr/bin/git config --local --name-only --get-regexp http\.https\:\/\/github\.com\/\.extraheader
Analyze (javascript)	Post Checkout repository	2026-05-13T22:00:44.1293771Z [command]/usr/bin/git submodule foreach --recursive sh -c "git config --local --name-only --get-regexp 'http\.https\:\/\/github\.com\/\.extraheader' && git config --local --unset-all 'http.https://github.com/.extraheader' || :"
Analyze (javascript)	Post Checkout repository	2026-05-13T22:00:44.1524678Z Removing includeIf entries pointing to credentials config files
Analyze (javascript)	Post Checkout repository	2026-05-13T22:00:44.1532273Z [command]/usr/bin/git config --local --name-only --get-regexp ^includeIf\.gitdir:
Analyze (javascript)	Post Checkout repository	2026-05-13T22:00:44.1556032Z includeif.gitdir:/home/runner/work/neo/neo/.git.path
Analyze (javascript)	Post Checkout repository	2026-05-13T22:00:44.1557009Z includeif.gitdir:/home/runner/work/neo/neo/.git/worktrees/*.path
Analyze (javascript)	Post Checkout repository	2026-05-13T22:00:44.1557914Z includeif.gitdir:/github/workspace/.git.path
Analyze (javascript)	Post Checkout repository	2026-05-13T22:00:44.1558695Z includeif.gitdir:/github/workspace/.git/worktrees/*.path
Analyze (javascript)	Post Checkout repository	2026-05-13T22:00:44.1565072Z [command]/usr/bin/git config --local --get-all includeif.gitdir:/home/runner/work/neo/neo/.git.path
Analyze (javascript)	Post Checkout repository	2026-05-13T22:00:44.1586884Z /home/runner/work/_temp/git-credentials-24eacfdb-c286-42f5-8b71-7055b319cc64.config
Analyze (javascript)	Post Checkout repository	2026-05-13T22:00:44.1597853Z [command]/usr/bin/git config --local --unset includeif.gitdir:/home/runner/work/neo/neo/.git.path /home/runner/work/_temp/git-credentials-24eacfdb-c286-42f5-8b71-7055b319cc64.config
Analyze (javascript)	Post Checkout repository	2026-05-13T22:00:44.1633795Z [command]/usr/bin/git config --local --get-all includeif.gitdir:/home/runner/work/neo/neo/.git/worktrees/*.path
Analyze (javascript)	Post Checkout repository	2026-05-13T22:00:44.1656261Z /home/runner/work/_temp/git-credentials-24eacfdb-c286-42f5-8b71-7055b319cc64.config
Analyze (javascript)	Post Checkout repository	2026-05-13T22:00:44.1665889Z [command]/usr/bin/git config --local --unset includeif.gitdir:/home/runner/work/neo/neo/.git/worktrees/*.path /home/runner/work/_temp/git-credentials-24eacfdb-c286-42f5-8b71-7055b319cc64.config
Analyze (javascript)	Post Checkout repository	2026-05-13T22:00:44.1695555Z [command]/usr/bin/git config --local --get-all includeif.gitdir:/github/workspace/.git.path
Analyze (javascript)	Post Checkout repository	2026-05-13T22:00:44.1717361Z /github/runner_temp/git-credentials-24eacfdb-c286-42f5-8b71-7055b319cc64.config
Analyze (javascript)	Post Checkout repository	2026-05-13T22:00:44.1726712Z [command]/usr/bin/git config --local --unset includeif.gitdir:/github/workspace/.git.path /github/runner_temp/git-credentials-24eacfdb-c286-42f5-8b71-7055b319cc64.config
Analyze (javascript)	Post Checkout repository	2026-05-13T22:00:44.1757619Z [command]/usr/bin/git config --local --get-all includeif.gitdir:/github/workspace/.git/worktrees/*.path
Analyze (javascript)	Post Checkout repository	2026-05-13T22:00:44.1778301Z /github/runner_temp/git-credentials-24eacfdb-c286-42f5-8b71-7055b319cc64.config
Analyze (javascript)	Post Checkout repository	2026-05-13T22:00:44.1788169Z [command]/usr/bin/git config --local --unset includeif.gitdir:/github/workspace/.git/worktrees/*.path /github/runner_temp/git-credentials-24eacfdb-c286-42f5-8b71-7055b319cc64.config
Analyze (javascript)	Post Checkout repository	2026-05-13T22:00:44.1819620Z [command]/usr/bin/git submodule foreach --recursive git config --local --show-origin --name-only --get-regexp remote.origin.url
Analyze (javascript)	Post Checkout repository	2026-05-13T22:00:44.2047509Z Removing credentials config '/home/runner/work/_temp/git-credentials-24eacfdb-c286-42f5-8b71-7055b319cc64.config'
Analyze (javascript)	Complete job	﻿2026-05-13T22:00:44.2182232Z Cleaning up orphan processes
